Archive member included to satisfy reference by file (symbol)

C:/ST/STM32CubeIDE_1.18.0/STM32CubeIDE/plugins/com.st.stm32cube.ide.mcu.externaltools.gnu-tools-for-stm32.13.3.rel1.win32_1.0.0.202411081344/tools/bin/../lib/gcc/arm-none-eabi/13.3.1/../../../../arm-none-eabi/lib/thumb/v7e-m+fp/hard\libc_nano.a(libc_a-exit.o)
                              C:/ST/STM32CubeIDE_1.18.0/STM32CubeIDE/plugins/com.st.stm32cube.ide.mcu.externaltools.gnu-tools-for-stm32.13.3.rel1.win32_1.0.0.202411081344/tools/bin/../lib/gcc/arm-none-eabi/13.3.1/../../../../arm-none-eabi/lib/thumb/v7e-m+fp/hard/crt0.o (exit)
C:/ST/STM32CubeIDE_1.18.0/STM32CubeIDE/plugins/com.st.stm32cube.ide.mcu.externaltools.gnu-tools-for-stm32.13.3.rel1.win32_1.0.0.202411081344/tools/bin/../lib/gcc/arm-none-eabi/13.3.1/../../../../arm-none-eabi/lib/thumb/v7e-m+fp/hard\libc_nano.a(libc_a-findfp.o)
                              C:/ST/STM32CubeIDE_1.18.0/STM32CubeIDE/plugins/com.st.stm32cube.ide.mcu.externaltools.gnu-tools-for-stm32.13.3.rel1.win32_1.0.0.202411081344/tools/bin/../lib/gcc/arm-none-eabi/13.3.1/../../../../arm-none-eabi/lib/thumb/v7e-m+fp/hard\libc_nano.a(libc_a-exit.o) (__stdio_exit_handler)
C:/ST/STM32CubeIDE_1.18.0/STM32CubeIDE/plugins/com.st.stm32cube.ide.mcu.externaltools.gnu-tools-for-stm32.13.3.rel1.win32_1.0.0.202411081344/tools/bin/../lib/gcc/arm-none-eabi/13.3.1/../../../../arm-none-eabi/lib/thumb/v7e-m+fp/hard\libc_nano.a(libc_a-fwalk.o)
                              C:/ST/STM32CubeIDE_1.18.0/STM32CubeIDE/plugins/com.st.stm32cube.ide.mcu.externaltools.gnu-tools-for-stm32.13.3.rel1.win32_1.0.0.202411081344/tools/bin/../lib/gcc/arm-none-eabi/13.3.1/../../../../arm-none-eabi/lib/thumb/v7e-m+fp/hard\libc_nano.a(libc_a-findfp.o) (_fwalk_sglue)
C:/ST/STM32CubeIDE_1.18.0/STM32CubeIDE/plugins/com.st.stm32cube.ide.mcu.externaltools.gnu-tools-for-stm32.13.3.rel1.win32_1.0.0.202411081344/tools/bin/../lib/gcc/arm-none-eabi/13.3.1/../../../../arm-none-eabi/lib/thumb/v7e-m+fp/hard\libc_nano.a(libc_a-stdio.o)
                              C:/ST/STM32CubeIDE_1.18.0/STM32CubeIDE/plugins/com.st.stm32cube.ide.mcu.externaltools.gnu-tools-for-stm32.13.3.rel1.win32_1.0.0.202411081344/tools/bin/../lib/gcc/arm-none-eabi/13.3.1/../../../../arm-none-eabi/lib/thumb/v7e-m+fp/hard\libc_nano.a(libc_a-findfp.o) (__sread)
C:/ST/STM32CubeIDE_1.18.0/STM32CubeIDE/plugins/com.st.stm32cube.ide.mcu.externaltools.gnu-tools-for-stm32.13.3.rel1.win32_1.0.0.202411081344/tools/bin/../lib/gcc/arm-none-eabi/13.3.1/../../../../arm-none-eabi/lib/thumb/v7e-m+fp/hard\libc_nano.a(libc_a-memset.o)
                              C:/ST/STM32CubeIDE_1.18.0/STM32CubeIDE/plugins/com.st.stm32cube.ide.mcu.externaltools.gnu-tools-for-stm32.13.3.rel1.win32_1.0.0.202411081344/tools/bin/../lib/gcc/arm-none-eabi/13.3.1/../../../../arm-none-eabi/lib/thumb/v7e-m+fp/hard/crt0.o (memset)
C:/ST/STM32CubeIDE_1.18.0/STM32CubeIDE/plugins/com.st.stm32cube.ide.mcu.externaltools.gnu-tools-for-stm32.13.3.rel1.win32_1.0.0.202411081344/tools/bin/../lib/gcc/arm-none-eabi/13.3.1/../../../../arm-none-eabi/lib/thumb/v7e-m+fp/hard\libc_nano.a(libc_a-closer.o)
                              C:/ST/STM32CubeIDE_1.18.0/STM32CubeIDE/plugins/com.st.stm32cube.ide.mcu.externaltools.gnu-tools-for-stm32.13.3.rel1.win32_1.0.0.202411081344/tools/bin/../lib/gcc/arm-none-eabi/13.3.1/../../../../arm-none-eabi/lib/thumb/v7e-m+fp/hard\libc_nano.a(libc_a-stdio.o) (_close_r)
C:/ST/STM32CubeIDE_1.18.0/STM32CubeIDE/plugins/com.st.stm32cube.ide.mcu.externaltools.gnu-tools-for-stm32.13.3.rel1.win32_1.0.0.202411081344/tools/bin/../lib/gcc/arm-none-eabi/13.3.1/../../../../arm-none-eabi/lib/thumb/v7e-m+fp/hard\libc_nano.a(libc_a-reent.o)
                              C:/ST/STM32CubeIDE_1.18.0/STM32CubeIDE/plugins/com.st.stm32cube.ide.mcu.externaltools.gnu-tools-for-stm32.13.3.rel1.win32_1.0.0.202411081344/tools/bin/../lib/gcc/arm-none-eabi/13.3.1/../../../../arm-none-eabi/lib/thumb/v7e-m+fp/hard\libc_nano.a(libc_a-closer.o) (errno)
C:/ST/STM32CubeIDE_1.18.0/STM32CubeIDE/plugins/com.st.stm32cube.ide.mcu.externaltools.gnu-tools-for-stm32.13.3.rel1.win32_1.0.0.202411081344/tools/bin/../lib/gcc/arm-none-eabi/13.3.1/../../../../arm-none-eabi/lib/thumb/v7e-m+fp/hard\libc_nano.a(libc_a-impure.o)
                              C:/ST/STM32CubeIDE_1.18.0/STM32CubeIDE/plugins/com.st.stm32cube.ide.mcu.externaltools.gnu-tools-for-stm32.13.3.rel1.win32_1.0.0.202411081344/tools/bin/../lib/gcc/arm-none-eabi/13.3.1/../../../../arm-none-eabi/lib/thumb/v7e-m+fp/hard\libc_nano.a(libc_a-reent.o) (_impure_ptr)
C:/ST/STM32CubeIDE_1.18.0/STM32CubeIDE/plugins/com.st.stm32cube.ide.mcu.externaltools.gnu-tools-for-stm32.13.3.rel1.win32_1.0.0.202411081344/tools/bin/../lib/gcc/arm-none-eabi/13.3.1/../../../../arm-none-eabi/lib/thumb/v7e-m+fp/hard\libc_nano.a(libc_a-lseekr.o)
[...]
Memory Configuration

Name             Origin             Length             Attributes
CCMRAM           0x10000000         0x00010000         xrw
RAM              0x20000000         0x00020000         xrw
FLASH            0x08000000         0x00100000         xr
*default*        0x00000000         0xffffffff

Linker script and memory map

LOAD C:/ST/STM32CubeIDE_1.18.0/STM32CubeIDE/plugins/com.st.stm32cube.ide.mcu.externaltools.gnu-tools-for-stm32.13.3.rel1.win32_1.0.0.202411081344/tools/bin/../lib/gcc/arm-none-eabi/13.3.1/thumb/v7e-m+fp/hard/crti.o
LOAD C:/ST/STM32CubeIDE_1.18.0/STM32CubeIDE/plugins/com.st.stm32cube.ide.mcu.externaltools.gnu-tools-for-stm32.13.3.rel1.win32_1.0.0.202411081344/tools/bin/../lib/gcc/arm-none-eabi/13.3.1/thumb/v7e-m+fp/hard/crtbegin.o
LOAD C:/ST/STM32CubeIDE_1.18.0/STM32CubeIDE/plugins/com.st.stm32cube.ide.mcu.externaltools.gnu-tools-for-stm32.13.3.rel1.win32_1.0.0.202411081344/tools/bin/../lib/gcc/arm-none-eabi/13.3.1/../../../../arm-none-eabi/lib/thumb/v7e-m+fp/hard/crt0.o
LOAD ./Core/Src/app_main.o
LOAD ./Core/Src/audio_stream.o
LOAD ./Core/Src/cs43l22.o
LOAD ./Core/Src/filter.o
LOAD ./Core/Src/main.o
LOAD ./Core/Src/stm32f4_discovery.o
LOAD ./Core/Src/stm32f4_discovery_audio.o
LOAD ./Core/Src/stm32f4xx_hal_adc.o
LOAD ./Core/Src/stm32f4xx_hal_adc_ex.o
LOAD ./Core/Src/stm32f4xx_hal_msp.o
LOAD ./Core/Src/stm32f4xx_it.o
LOAD ./Core/Src/syscalls.o
LOAD ./Core/Src/sysmem.o
LOAD ./Core/Src/system_stm32f4xx.o
LOAD ./Core/Startup/startup_stm32f407vgtx.o
LOAD ./Drivers/STM32F4xx_HAL_Driver/Src/stm32f4xx_hal.o
LOAD ./Drivers/STM32F4xx_HAL_Driver/Src/stm32f4xx_hal_cortex.o
LOAD ./Drivers/STM32F4xx_HAL_Driver/Src/stm32f4xx_hal_dma.o
LOAD ./Drivers/STM32F4xx_HAL_Driver/Src/stm32f4xx_hal_dma_ex.o
LOAD ./Drivers/STM32F4xx_HAL_Driver/Src/stm32f4xx_hal_exti.o
LOAD ./Drivers/STM32F4xx_HAL_Driver/Src/stm32f4xx_hal_flash.o
LOAD ./Drivers/STM32F4xx_HAL_Driver/Src/stm32f4xx_hal_flash_ex.o
LOAD ./Drivers/STM32F4xx_HAL_Driver/Src/stm32f4xx_hal_flash_ramfunc.o
LOAD ./Drivers/STM32F4xx_HAL_Driver/Src/stm32f4xx_hal_gpio.o
LOAD ./Drivers/STM32F4xx_HAL_Driver/Src/stm32f4xx_hal_i2c.o
LOAD ./Drivers/STM32F4xx_HAL_Driver/Src/stm32f4xx_hal_i2c_ex.o
LOAD ./Drivers/STM32F4xx_HAL_Driver/Src/stm32f4xx_hal_i2s.o
LOAD ./Drivers/STM32F4xx_HAL_Driver/Src/stm32f4xx_hal_i2s_ex.o
LOAD ./Drivers/STM32F4xx_HAL_Driver/Src/stm32f4xx_hal_pcd.o
LOAD ./Drivers/STM32F4xx_HAL_Driver/Src/stm32f4xx_hal_pcd_ex.o
LOAD ./Drivers/STM32F4xx_HAL_Driver/Src/stm32f4xx_hal_pwr.o
LOAD ./Drivers/STM32F4xx_HAL_Driver/Src/stm32f4xx_hal_pwr_ex.o
LOAD ./Drivers/STM32F4xx_HAL_Driver/Src/stm32f4xx_hal_rcc.o
LOAD ./Drivers/STM32F4xx_HAL_Driver/Src/stm32f4xx_hal_rcc_ex.o
LOAD ./Drivers/STM32F4xx_HAL_Driver/Src/stm32f4xx_hal_spi.o
LOAD ./Drivers/STM32F4xx_HAL_Driver/Src/stm32f4xx_ll_usb.o
LOAD ./Middlewares/ST/STM32_USB_Device_Library/Class/AUDIO/Src/usbd_audio.o
LOAD ./Middlewares/ST/STM32_USB_Device_Library/Core/Src/usbd_core.o
LOAD ./Middlewares/ST/STM32_USB_Device_Library/Core/Src/usbd_ctlreq.o
LOAD ./Middlewares/ST/STM32_USB_Device_Library/Core/Src/usbd_ioreq.o
LOAD ./USB_DEVICE/App/usb_device.o
LOAD ./USB_DEVICE/App/usbd_audio_if.o
LOAD ./USB_DEVICE/App/usbd_desc.o
LOAD ./USB_DEVICE/Target/usbd_conf.o
START GROUP
LOAD C:/ST/STM32CubeIDE_1.18.0/STM32CubeIDE/plugins/com.st.stm32cube.ide.mcu.externaltools.gnu-tools-for-stm32.13.3.rel1.win32_1.0.0.202411081344/tools/bin/../lib/gcc/arm-none-eabi/13.3.1/../../../../arm-none-eabi/lib/thumb/v7e-m+fp/hard\libc_nano.a
LOAD C:/ST/STM32CubeIDE_1.18.0/STM32CubeIDE/plugins/com.st.stm32cube.ide.mcu.externaltools.gnu-tools-for-stm32.13.3.rel1.win32_1.0.0.202411081344/tools/bin/../lib/gcc/arm-none-eabi/13.3.1/../../../../arm-none-eabi/lib/thumb/v7e-m+fp/hard\libm.a
END GROUP
START GROUP
LOAD C:/ST/STM32CubeIDE_1.18.0/STM32CubeIDE/plugins/com.st.stm32cube.ide.mcu.externaltools.gnu-tools-for-stm32.13.3.rel1.win32_1.0.0.202411081344/tools/bin/../lib/gcc/arm-none-eabi/13.3.1/thumb/v7e-m+fp/hard\libgcc.a
LOAD C:/ST/STM32CubeIDE_1.18.0/STM32CubeIDE/plugins/com.st.stm32cube.ide.mcu.externaltools.gnu-tools-for-stm32.13.3.rel1.win32_1.0.0.202411081344/tools/bin/../lib/gcc/arm-none-eabi/13.3.1/../../../../arm-none-eabi/lib/thumb/v7e-m+fp/hard\libc_nano.a
END GROUP
START GROUP
LOAD C:/ST/STM32CubeIDE_1.18.0/STM32CubeIDE/plugins/com.st.stm32cube.ide.mcu.externaltools.gnu-tools-for-stm32.13.3.rel1.win32_1.0.0.202411081344/tools/bin/../lib/gcc/arm-none-eabi/13.3.1/thumb/v7e-m+fp/hard\libgcc.a
LOAD C:/ST/STM32CubeIDE_1.18.0/STM32CubeIDE/plugins/com.st.stm32cube.ide.mcu.externaltools.gnu-tools-for-stm32.13.3.rel1.win32_1.0.0.202411081344/tools/bin/../lib/gcc/arm-none-eabi/13.3.1/../../../../arm-none-eabi/lib/thumb/v7e-m+fp/hard\libc_nano.a
LOAD C:/ST/STM32CubeIDE_1.18.0/STM32CubeIDE/plugins/com.st.stm32cube.ide.mcu.externaltools.gnu-tools-for-stm32.13.3.rel1.win32_1.0.0.202411081344/tools/bin/../lib/gcc/arm-none-eabi/13.3.1/../../../../arm-none-eabi/lib/thumb/v7e-m+fp/hard\libnosys.a
END GROUP
START GROUP
LOAD C:/ST/STM32CubeIDE_1.18.0/STM32CubeIDE/plugins/com.st.stm32cube.ide.mcu.externaltools.gnu-tools-for-stm32.13.3.rel1.win32_1.0.0.202411081344/tools/bin/../lib/gcc/arm-none-eabi/13.3.1/thumb/v7e-m+fp/hard\libgcc.a
LOAD C:/ST/STM32CubeIDE_1.18.0/STM32CubeIDE/plugins/com.st.stm32cube.ide.mcu.externaltools.gnu-tools-for-stm32.13.3.rel1.win32_1.0.0.202411081344/tools/bin/../lib/gcc/arm-none-eabi/13.3.1/../../../../arm-none-eabi/lib/thumb/v7e-m+fp/hard\libc_nano.a
LOAD C:/ST/STM32CubeIDE_1.18.0/STM32CubeIDE/plugins/com.st.stm32cube.ide.mcu.externaltools.gnu-tools-for-stm32.13.3.rel1.win32_1.0.0.202411081344/tools/bin/../lib/gcc/arm-none-eabi/13.3.1/../../../../arm-none-eabi/lib/thumb/v7e-m+fp/hard\libnosys.a
END GROUP
LOAD C:/ST/STM32CubeIDE_1.18.0/STM32CubeIDE/plugins/com.st.stm32cube.ide.mcu.externaltools.gnu-tools-for-stm32.13.3.rel1.win32_1.0.0.202411081344/tools/bin/../lib/gcc/arm-none-eabi/13.3.1/thumb/v7e-m+fp/hard/crtend.o
LOAD C:/ST/STM32CubeIDE_1.18.0/STM32CubeIDE/plugins/com.st.stm32cube.ide.mcu.externaltools.gnu-tools-for-stm32.13.3.rel1.win32_1.0.0.202411081344/tools/bin/../lib/gcc/arm-none-eabi/13.3.1/thumb/v7e-m+fp/hard/crtn.o
                0x20020000                        _estack = (ORIGIN (RAM) + LENGTH (RAM))
                0x00001000                        _Min_Heap_Size = 0x1000
                0x00001000                        _Min_Stack_Size = 0x1000

.isr_vector     0x08000000      0x188
                0x08000000                        . = ALIGN (0x4)
 *(.isr_vector)
 .isr_vector    0x08000000      0x188 ./Core/Startup/startup_stm32f407vgtx.o
                0x08000000                g_pfnVectors
                0x08000188                        . = ALIGN (0x4)

.text           0x08000188     0xd0d0
                0x08000188                        . = ALIGN (0x4)
 *(.text)
 .text          0x08000188       0x40 C:/ST/STM32CubeIDE_1.18.0/STM32CubeIDE/plugins/com.st.stm32cube.ide.mcu.externaltools.gnu-tools-for-stm32.13.3.rel1.win32_1.0.0.202411081344/tools/bin/../lib/gcc/arm-none-eabi/13.3.1/thumb/v7e-m+fp/hard/crtbegin.o
 .text          0x080001c8       0x30 C:/ST/STM32CubeIDE_1.18.0/STM32CubeIDE/plugins/com.st.stm32cube.ide.mcu.externaltools.gnu-tools-for-stm32.13.3.rel1.win32_1.0.0.202411081344/tools/bin/../lib/gcc/arm-none-eabi/13.3.1/thumb/v7e-m+fp/hard\libgcc.a(_aeabi_uldivmod.o)
                0x080001c8                __aeabi_uldivmod
 .text          0x080001f8      0x2f8 C:/ST/STM32CubeIDE_1.18.0/STM32CubeIDE/plugins/com.st.stm32cube.ide.mcu.externaltools.gnu-tools-for-stm32.13.3.rel1.win32_1.0.0.202411081344/tools/bin/../lib/gcc/arm-none-eabi/13.3.1/thumb/v7e-m+fp/hard\libgcc.a(_udivmoddi4.o)
                0x080001f8                __udivmoddi4
 .text          0x080004f0        0x4 C:/ST/STM32CubeIDE_1.18.0/STM32CubeIDE/plugins/com.st.stm32cube.ide.mcu.externaltools.gnu-tools-for-stm32.13.3.rel1.win32_1.0.0.202411081344/tools/bin/../lib/gcc/arm-none-eabi/13.3.1/thumb/v7e-m+fp/hard\libgcc.a(_dvmd_tls.o)
                0x080004f0                __aeabi_idiv0
                0x080004f0                __aeabi_ldiv0
 *(.text*)
 .text.Update_LEDs
                0x080004f4       0x80 ./Core/Src/app_main.o
                0x080004f4                Update_LEDs
 .text.Set_Audio_Mode
                0x08000574       0xe8 ./Core/Src/app_main.o
                0x08000574                Set_Audio_Mode
 .text.App_Init
                0x0800065c       0x60 ./Core/Src/app_main.o
                0x0800065c                App_Init
 .text.Check_Filter_Button
                0x080006bc       0x6c ./Core/Src/app_main.o
                0x080006bc                Check_Filter_Button
 .text.App_Loop
                0x08000728       0x12 ./Core/Src/app_main.o
                0x08000728                App_Loop
 .text.AudioStream_Init
                0x0800073a        0xc ./Core/Src/audio_stream.o
                0x0800073a                AudioStream_Init
 *fill*         0x08000746        0x2 
 .text.AudioStream_Reset
                0x08000748       0x48 ./Core/Src/audio_stream.o
                0x08000748                AudioStream_Reset
 .text.AudioStream_Write_USB_Packet
                0x08000790       0x7c ./Core/Src/audio_stream.o
                0x08000790                AudioStream_Write_USB_Packet
 .text.AudioStream_Is_Ready_To_Play
                0x0800080c       0x24 ./Core/Src/audio_stream.o
                0x0800080c                AudioStream_Is_Ready_To_Play
 .text.Process_Audio_Chunk
                0x08000830       0xdc ./Core/Src/audio_stream.o
 .text.AudioStream_Process_Half_Transfer
                0x0800090c       0x34 ./Core/Src/audio_stream.o
                0x0800090c                AudioStream_Process_Half_Transfer
 .text.AudioStream_Process_Full_Transfer
                0x08000940       0x34 ./Core/Src/audio_stream.o
                0x08000940                AudioStream_Process_Full_Transfer
 .text.cs43l22_Init
                0x08000974      0x1c8 ./Core/Src/cs43l22.o
                0x08000974                cs43l22_Init
 .text.cs43l22_DeInit
                0x08000b3c        0xc ./Core/Src/cs43l22.o
                0x08000b3c                cs43l22_DeInit
 .text.cs43l22_ReadID
                0x08000b48       0x30 ./Core/Src/cs43l22.o
                0x08000b48                cs43l22_ReadID
 .text.cs43l22_Play
                0x08000b78       0x74 ./Core/Src/cs43l22.o
                0x08000b78                cs43l22_Play
 .text.cs43l22_Pause
                0x08000bec       0x42 ./Core/Src/cs43l22.o
                0x08000bec                cs43l22_Pause
 *fill*         0x08000c2e        0x2 
 .text.cs43l22_Resume
                0x08000c30       0x78 ./Core/Src/cs43l22.o
                0x08000c30                cs43l22_Resume
 .text.cs43l22_Stop
                0x08000ca8       0x68 ./Core/Src/cs43l22.o
                0x08000ca8                cs43l22_Stop
 .text.cs43l22_SetVolume
                0x08000d10       0xbc ./Core/Src/cs43l22.o
                0x08000d10                cs43l22_SetVolume
 .text.cs43l22_SetFrequency
                0x08000dcc       0x1a ./Core/Src/cs43l22.o
                0x08000dcc                cs43l22_SetFrequency
 *fill*         0x08000de6        0x2 
 .text.cs43l22_SetMute
                0x08000de8       0xbc ./Core/Src/cs43l22.o
                0x08000de8                cs43l22_SetMute
 .text.cs43l22_SetOutputMode
                0x08000ea4       0xe4 ./Core/Src/cs43l22.o
                0x08000ea4                cs43l22_SetOutputMode
 .text.cs43l22_Reset
                0x08000f88       0x18 ./Core/Src/cs43l22.o
                0x08000f88                cs43l22_Reset
 .text.CODEC_IO_Write
                0x08000fa0       0x2e ./Core/Src/cs43l22.o
 *fill*         0x08000fce        0x2 
 .text.Calculate_LPF_Alpha
                0x08000fd0       0x84 ./Core/Src/filter.o
 .text.Calculate_HPF_Alpha
                0x08001054       0x84 ./Core/Src/filter.o
 .text.Filter_Init
                0x080010d8      0x15c ./Core/Src/filter.o
                0x080010d8                Filter_Init
 .text.Filter_Set_Params
                0x08001234       0xb4 ./Core/Src/filter.o
                0x08001234                Filter_Set_Params
 .text.Apply_RingModulator
                0x080012e8      0x100 ./Core/Src/filter.o
 .text.Apply_LPF
                0x080013e8       0x94 ./Core/Src/filter.o
 .text.Apply_HPF
                0x0800147c       0xb4 ./Core/Src/filter.o
 .text.Apply_AutoWah
                0x08001530      0x360 ./Core/Src/filter.o
 .text.Apply_Bitcrusher
                0x08001890      0x1a0 ./Core/Src/filter.o
 .text.Apply_Delay
                0x08001a30      0x11c ./Core/Src/filter.o
 .text.Apply_MasterVolume_And_Clip
                0x08001b4c       0xc4 ./Core/Src/filter.o
 .text.Filter_Apply
                0x08001c10       0xfc ./Core/Src/filter.o
                0x08001c10                Filter_Apply
 .text.main     0x08001d0c       0x38 ./Core/Src/main.o
                0x08001d0c                main
 .text.SystemClock_Config
                0x08001d44       0xd4 ./Core/Src/main.o
                0x08001d44                SystemClock_Config
 .text.MX_ADC1_Init
                0x08001e18       0xa4 ./Core/Src/main.o
 .text.MX_ADC2_Init
                0x08001ebc       0xa4 ./Core/Src/main.o
 .text.MX_I2C1_Init
                0x08001f60       0x5c ./Core/Src/main.o
 .text.MX_I2S3_Init
                0x08001fbc       0x5c ./Core/Src/main.o
 .text.MX_SPI1_Init
                0x08002018       0x6c ./Core/Src/main.o
 .text.MX_DMA_Init
                0x08002084       0x40 ./Core/Src/main.o
 .text.MX_GPIO_Init
                0x080020c4      0x1fc ./Core/Src/main.o
 .text.Error_Handler
                0x080022c0        0xc ./Core/Src/main.o
                0x080022c0                Error_Handler
 .text.I2Cx_Init
                0x080022cc       0x4c ./Core/Src/stm32f4_discovery.o
 .text.I2Cx_WriteData
                0x08002318       0x58 ./Core/Src/stm32f4_discovery.o
 .text.I2Cx_ReadData
                0x08002370       0x5c ./Core/Src/stm32f4_discovery.o
 .text.I2Cx_Error
                0x080023cc       0x20 ./Core/Src/stm32f4_discovery.o
 .text.I2Cx_MspInit
                0x080023ec       0xa8 ./Core/Src/stm32f4_discovery.o
 .text.AUDIO_IO_Init
                0x08002494       0x70 ./Core/Src/stm32f4_discovery.o
                0x08002494                AUDIO_IO_Init
 .text.AUDIO_IO_DeInit
                0x08002504        0xe ./Core/Src/stm32f4_discovery.o
                0x08002504                AUDIO_IO_DeInit
 .text.AUDIO_IO_Write
                0x08002512       0x26 ./Core/Src/stm32f4_discovery.o
                0x08002512                AUDIO_IO_Write
 .text.AUDIO_IO_Read
                0x08002538       0x26 ./Core/Src/stm32f4_discovery.o
                0x08002538                AUDIO_IO_Read
 *fill*         0x0800255e        0x2 
 .text.BSP_AUDIO_OUT_Init
                0x08002560       0x9c ./Core/Src/stm32f4_discovery_audio.o
                0x08002560                BSP_AUDIO_OUT_Init
 .text.BSP_AUDIO_OUT_Play
                0x080025fc       0x54 ./Core/Src/stm32f4_discovery_audio.o
                0x080025fc                BSP_AUDIO_OUT_Play
 .text.BSP_AUDIO_OUT_Stop
                0x08002650       0x50 ./Core/Src/stm32f4_discovery_audio.o
                0x08002650                BSP_AUDIO_OUT_Stop
 .text.BSP_AUDIO_OUT_SetVolume
                0x080026a0       0x30 ./Core/Src/stm32f4_discovery_audio.o
                0x080026a0                BSP_AUDIO_OUT_SetVolume
 .text.BSP_AUDIO_OUT_SetMute
                0x080026d0       0x2c ./Core/Src/stm32f4_discovery_audio.o
                0x080026d0                BSP_AUDIO_OUT_SetMute
 .text.HAL_I2S_TxCpltCallback
                0x080026fc       0x24 ./Core/Src/stm32f4_discovery_audio.o
                0x080026fc                HAL_I2S_TxCpltCallback
 .text.HAL_I2S_TxHalfCpltCallback
                0x08002720       0x24 ./Core/Src/stm32f4_discovery_audio.o
                0x08002720                HAL_I2S_TxHalfCpltCallback
 .text.BSP_AUDIO_OUT_ClockConfig
                0x08002744       0xb4 ./Core/Src/stm32f4_discovery_audio.o
                0x08002744                BSP_AUDIO_OUT_ClockConfig
 .text.BSP_AUDIO_OUT_MspInit
                0x080027f8      0x180 ./Core/Src/stm32f4_discovery_audio.o
                0x080027f8                BSP_AUDIO_OUT_MspInit
 .text.BSP_AUDIO_OUT_Error_CallBack
                0x08002978        0xe ./Core/Src/stm32f4_discovery_audio.o
                0x08002978                BSP_AUDIO_OUT_Error_CallBack
 *fill*         0x08002986        0x2 
 .text.I2S3_Init
                0x08002988       0x70 ./Core/Src/stm32f4_discovery_audio.o
 .text.HAL_I2S_RxCpltCallback
                0x080029f8       0x14 ./Core/Src/stm32f4_discovery_audio.o
                0x080029f8                HAL_I2S_RxCpltCallback
 .text.BSP_AUDIO_IN_TransferComplete_CallBack
                0x08002a0c        0xe ./Core/Src/stm32f4_discovery_audio.o
                0x08002a0c                BSP_AUDIO_IN_TransferComplete_CallBack
 .text.BSP_AUDIO_IN_Error_Callback
                0x08002a1a        0xe ./Core/Src/stm32f4_discovery_audio.o
                0x08002a1a                BSP_AUDIO_IN_Error_Callback
 .text.HAL_I2S_ErrorCallback
                0x08002a28       0x34 ./Core/Src/stm32f4_discovery_audio.o
                0x08002a28                HAL_I2S_ErrorCallback
 .text.HAL_ADC_Init
                0x08002a5c       0x86 ./Core/Src/stm32f4xx_hal_adc.o
                0x08002a5c                HAL_ADC_Init
 *fill*         0x08002ae2        0x2 
 .text.HAL_ADC_ConfigChannel
                0x08002ae4      0x244 ./Core/Src/stm32f4xx_hal_adc.o
                0x08002ae4                HAL_ADC_ConfigChannel
 .text.ADC_Init
                0x08002d28      0x1f8 ./Core/Src/stm32f4xx_hal_adc.o
 .text.HAL_MspInit
                0x08002f20       0x50 ./Core/Src/stm32f4xx_hal_msp.o
                0x08002f20                HAL_MspInit
 .text.HAL_ADC_MspInit
                0x08002f70      0x120 ./Core/Src/stm32f4xx_hal_msp.o
                0x08002f70                HAL_ADC_MspInit
 .text.HAL_I2C_MspInit
                0x08003090       0x90 ./Core/Src/stm32f4xx_hal_msp.o
                0x08003090                HAL_I2C_MspInit
 .text.HAL_I2C_MspDeInit
                0x08003120       0x44 ./Core/Src/stm32f4xx_hal_msp.o
                0x08003120                HAL_I2C_MspDeInit
 .text.HAL_I2S_MspInit
                0x08003164      0x18c ./Core/Src/stm32f4xx_hal_msp.o
                0x08003164                HAL_I2S_MspInit
 .text.HAL_SPI_MspInit
                0x080032f0       0x90 ./Core/Src/stm32f4xx_hal_msp.o
                0x080032f0                HAL_SPI_MspInit
 .text.NMI_Handler
                0x08003380        0x8 ./Core/Src/stm32f4xx_it.o
                0x08003380                NMI_Handler
 .text.HardFault_Handler
                0x08003388        0x8 ./Core/Src/stm32f4xx_it.o
                0x08003388                HardFault_Handler
 .text.MemManage_Handler
                0x08003390        0x8 ./Core/Src/stm32f4xx_it.o
                0x08003390                MemManage_Handler
 .text.BusFault_Handler
                0x08003398        0x8 ./Core/Src/stm32f4xx_it.o
                0x08003398                BusFault_Handler
 .text.UsageFault_Handler
                0x080033a0        0x8 ./Core/Src/stm32f4xx_it.o
                0x080033a0                UsageFault_Handler
 .text.SVC_Handler
                0x080033a8        0xe ./Core/Src/stm32f4xx_it.o
                0x080033a8                SVC_Handler
 .text.DebugMon_Handler
                0x080033b6        0xe ./Core/Src/stm32f4xx_it.o
                0x080033b6                DebugMon_Handler
 .text.PendSV_Handler
                0x080033c4        0xe ./Core/Src/stm32f4xx_it.o
                0x080033c4                PendSV_Handler
 .text.SysTick_Handler
                0x080033d2        0xc ./Core/Src/stm32f4xx_it.o
                0x080033d2                SysTick_Handler
 *fill*         0x080033de        0x2 
 .text.DMA1_Stream5_IRQHandler
                0x080033e0       0x14 ./Core/Src/stm32f4xx_it.o
                0x080033e0                DMA1_Stream5_IRQHandler
 .text.SPI3_IRQHandler
                0x080033f4       0x14 ./Core/Src/stm32f4xx_it.o
                0x080033f4                SPI3_IRQHandler
 .text.OTG_FS_IRQHandler
                0x08003408       0x14 ./Core/Src/stm32f4xx_it.o
                0x08003408                OTG_FS_IRQHandler
 .text.DMA1_Stream7_IRQHandler
                0x0800341c       0x14 ./Core/Src/stm32f4xx_it.o
                0x0800341c                DMA1_Stream7_IRQHandler
 .text.SystemInit
                0x08003430       0x24 ./Core/Src/system_stm32f4xx.o
                0x08003430                SystemInit
 .text.Reset_Handler
                0x08003454       0x50 ./Core/Startup/startup_stm32f407vgtx.o
                0x08003454                Reset_Handler
 .text.Default_Handler
                0x080034a4        0x2 ./Core/Startup/startup_stm32f407vgtx.o
                0x080034a4                RTC_Alarm_IRQHandler
                0x080034a4                HASH_RNG_IRQHandler
                0x080034a4                EXTI2_IRQHandler
                0x080034a4                TIM8_CC_IRQHandler
                0x080034a4                TIM1_CC_IRQHandler
                0x080034a4                DMA2_Stream5_IRQHandler
                0x080034a4                PVD_IRQHandler
                0x080034a4                SDIO_IRQHandler
                0x080034a4                TAMP_STAMP_IRQHandler
                0x080034a4                CAN2_RX1_IRQHandler
                0x080034a4                EXTI3_IRQHandler
                0x080034a4                TIM8_TRG_COM_TIM14_IRQHandler
                0x080034a4                TIM1_UP_TIM10_IRQHandler
                0x080034a4                TIM8_UP_TIM13_IRQHandler
                0x080034a4                I2C3_ER_IRQHandler
                0x080034a4                EXTI0_IRQHandler
                0x080034a4                I2C2_EV_IRQHandler
                0x080034a4                DMA1_Stream2_IRQHandler
                0x080034a4                CAN1_RX0_IRQHandler
                0x080034a4                FPU_IRQHandler
                0x080034a4                OTG_HS_WKUP_IRQHandler
                0x080034a4                CAN2_SCE_IRQHandler
                0x080034a4                DMA2_Stream2_IRQHandler
                0x080034a4                SPI1_IRQHandler
                0x080034a4                TIM6_DAC_IRQHandler
                0x080034a4                TIM1_BRK_TIM9_IRQHandler
                0x080034a4                DCMI_IRQHandler
                0x080034a4                CAN2_RX0_IRQHandler
                0x080034a4                DMA2_Stream3_IRQHandler
                0x080034a4                USART6_IRQHandler
                0x080034a4                USART3_IRQHandler
                0x080034a4                CAN1_RX1_IRQHandler
                0x080034a4                UART5_IRQHandler
                0x080034a4                DMA2_Stream0_IRQHandler
                0x080034a4                TIM4_IRQHandler
                0x080034a4                I2C1_EV_IRQHandler
                0x080034a4                DMA1_Stream6_IRQHandler
                0x080034a4                DMA1_Stream1_IRQHandler
                0x080034a4                UART4_IRQHandler
                0x080034a4                TIM3_IRQHandler
                0x080034a4                RCC_IRQHandler
                0x080034a4                TIM8_BRK_TIM12_IRQHandler
                0x080034a4                Default_Handler
                0x080034a4                EXTI15_10_IRQHandler
                0x080034a4                ADC_IRQHandler
                0x080034a4                TIM7_IRQHandler
                0x080034a4                CAN2_TX_IRQHandler
                0x080034a4                TIM5_IRQHandler
                0x080034a4                DMA2_Stream7_IRQHandler
                0x080034a4                I2C3_EV_IRQHandler
                0x080034a4                EXTI9_5_IRQHandler
                0x080034a4                RTC_WKUP_IRQHandler
                0x080034a4                ETH_WKUP_IRQHandler
                0x080034a4                SPI2_IRQHandler
                0x080034a4                OTG_HS_EP1_IN_IRQHandler
                0x080034a4                DMA1_Stream0_IRQHandler
                0x080034a4                CAN1_TX_IRQHandler
                0x080034a4                EXTI4_IRQHandler
                0x080034a4                FSMC_IRQHandler
                0x080034a4                ETH_IRQHandler
                0x080034a4                OTG_HS_EP1_OUT_IRQHandler
                0x080034a4                WWDG_IRQHandler
                0x080034a4                TIM2_IRQHandler
                0x080034a4                OTG_FS_WKUP_IRQHandler
                0x080034a4                TIM1_TRG_COM_TIM11_IRQHandler
                0x080034a4                OTG_HS_IRQHandler
                0x080034a4                EXTI1_IRQHandler
                0x080034a4                USART2_IRQHandler
                0x080034a4                I2C2_ER_IRQHandler
                0x080034a4                DMA2_Stream1_IRQHandler
                0x080034a4                CAN1_SCE_IRQHandler
                0x080034a4                FLASH_IRQHandler
                0x080034a4                DMA2_Stream4_IRQHandler
                0x080034a4                USART1_IRQHandler
                0x080034a4                DMA1_Stream4_IRQHandler
                0x080034a4                I2C1_ER_IRQHandler
                0x080034a4                DMA2_Stream6_IRQHandler
                0x080034a4                DMA1_Stream3_IRQHandler
 *fill*         0x080034a6        0x2 
 .text.HAL_Init
                0x080034a8       0x44 ./Drivers/STM32F4xx_HAL_Driver/Src/stm32f4xx_hal.o
                0x080034a8                HAL_Init
 .text.HAL_InitTick
                0x080034ec       0x60 ./Drivers/STM32F4xx_HAL_Driver/Src/stm32f4xx_hal.o
                0x080034ec                HAL_InitTick
 .text.HAL_IncTick
                0x0800354c       0x28 ./Drivers/STM32F4xx_HAL_Driver/Src/stm32f4xx_hal.o
                0x0800354c                HAL_IncTick
 .text.HAL_GetTick
                0x08003574       0x18 ./Drivers/STM32F4xx_HAL_Driver/Src/stm32f4xx_hal.o
                0x08003574                HAL_GetTick
 .text.HAL_Delay
                0x0800358c       0x48 ./Drivers/STM32F4xx_HAL_Driver/Src/stm32f4xx_hal.o
                0x0800358c                HAL_Delay
 .text.__NVIC_SetPriorityGrouping
                0x080035d4       0x48 ./Drivers/STM32F4xx_HAL_Driver/Src/stm32f4xx_hal_cortex.o
 .text.__NVIC_GetPriorityGrouping
                0x0800361c       0x1c ./Drivers/STM32F4xx_HAL_Driver/Src/stm32f4xx_hal_cortex.o
 .text.__NVIC_EnableIRQ
                0x08003638       0x3c ./Drivers/STM32F4xx_HAL_Driver/Src/stm32f4xx_hal_cortex.o
 .text.__NVIC_SetPriority
                0x08003674       0x54 ./Drivers/STM32F4xx_HAL_Driver/Src/stm32f4xx_hal_cortex.o
 .text.NVIC_EncodePriority
                0x080036c8       0x66 ./Drivers/STM32F4xx_HAL_Driver/Src/stm32f4xx_hal_cortex.o
 *fill*         0x0800372e        0x2 
 .text.SysTick_Config
                0x08003730       0x44 ./Drivers/STM32F4xx_HAL_Driver/Src/stm32f4xx_hal_cortex.o
 .text.HAL_NVIC_SetPriorityGrouping
                0x08003774       0x16 ./Drivers/STM32F4xx_HAL_Driver/Src/stm32f4xx_hal_cortex.o
                0x08003774                HAL_NVIC_SetPriorityGrouping
 .text.HAL_NVIC_SetPriority
                0x0800378a       0x38 ./Drivers/STM32F4xx_HAL_Driver/Src/stm32f4xx_hal_cortex.o
                0x0800378a                HAL_NVIC_SetPriority
 .text.HAL_NVIC_EnableIRQ
                0x080037c2       0x1c ./Drivers/STM32F4xx_HAL_Driver/Src/stm32f4xx_hal_cortex.o
                0x080037c2                HAL_NVIC_EnableIRQ
 .text.HAL_SYSTICK_Config
                0x080037de       0x18 ./Drivers/STM32F4xx_HAL_Driver/Src/stm32f4xx_hal_cortex.o
                0x080037de                HAL_SYSTICK_Config
 *fill*         0x080037f6        0x2 
 .text.HAL_DMA_Init
                0x080037f8      0x15c ./Drivers/STM32F4xx_HAL_Driver/Src/stm32f4xx_hal_dma.o
                0x080037f8                HAL_DMA_Init
 .text.HAL_DMA_DeInit
                0x08003954       0xbc ./Drivers/STM32F4xx_HAL_Driver/Src/stm32f4xx_hal_dma.o
                0x08003954                HAL_DMA_DeInit
 .text.HAL_DMA_Start_IT
                0x08003a10       0xb0 ./Drivers/STM32F4xx_HAL_Driver/Src/stm32f4xx_hal_dma.o
                0x08003a10                HAL_DMA_Start_IT
 .text.HAL_DMA_Abort
                0x08003ac0       0xe0 ./Drivers/STM32F4xx_HAL_Driver/Src/stm32f4xx_hal_dma.o
                0x08003ac0                HAL_DMA_Abort
 .text.HAL_DMA_IRQHandler
                0x08003ba0      0x314 ./Drivers/STM32F4xx_HAL_Driver/Src/stm32f4xx_hal_dma.o
                0x08003ba0                HAL_DMA_IRQHandler
 .text.DMA_SetConfig
                0x08003eb4       0x5c ./Drivers/STM32F4xx_HAL_Driver/Src/stm32f4xx_hal_dma.o
 .text.DMA_CalcBaseAndBitshift
                0x08003f10       0x6c ./Drivers/STM32F4xx_HAL_Driver/Src/stm32f4xx_hal_dma.o
 .text.DMA_CheckFifoParam
                0x08003f7c       0xf8 ./Drivers/STM32F4xx_HAL_Driver/Src/stm32f4xx_hal_dma.o
 .text.HAL_GPIO_Init
                0x08004074      0x338 ./Drivers/STM32F4xx_HAL_Driver/Src/stm32f4xx_hal_gpio.o
                0x08004074                HAL_GPIO_Init
 .text.HAL_GPIO_DeInit
                0x080043ac      0x1f8 ./Drivers/STM32F4xx_HAL_Driver/Src/stm32f4xx_hal_gpio.o
                0x080043ac                HAL_GPIO_DeInit
 .text.HAL_GPIO_ReadPin
                0x080045a4       0x30 ./Drivers/STM32F4xx_HAL_Driver/Src/stm32f4xx_hal_gpio.o
                0x080045a4                HAL_GPIO_ReadPin
 .text.HAL_GPIO_WritePin
                0x080045d4       0x32 ./Drivers/STM32F4xx_HAL_Driver/Src/stm32f4xx_hal_gpio.o
                0x080045d4                HAL_GPIO_WritePin
 *fill*         0x08004606        0x2 
 .text.HAL_I2C_Init
                0x08004608      0x288 ./Drivers/STM32F4xx_HAL_Driver/Src/stm32f4xx_hal_i2c.o
                0x08004608                HAL_I2C_Init
 .text.HAL_I2C_DeInit
                0x08004890       0x5e ./Drivers/STM32F4xx_HAL_Driver/Src/stm32f4xx_hal_i2c.o
                0x08004890                HAL_I2C_DeInit
 *fill*         0x080048ee        0x2 
 .text.HAL_I2C_Mem_Write
                0x080048f0      0x1f4 ./Drivers/STM32F4xx_HAL_Driver/Src/stm32f4xx_hal_i2c.o
                0x080048f0                HAL_I2C_Mem_Write
 .text.HAL_I2C_Mem_Read
                0x08004ae4      0x464 ./Drivers/STM32F4xx_HAL_Driver/Src/stm32f4xx_hal_i2c.o
                0x08004ae4                HAL_I2C_Mem_Read
 .text.HAL_I2C_GetState
                0x08004f48       0x1c ./Drivers/STM32F4xx_HAL_Driver/Src/stm32f4xx_hal_i2c.o
                0x08004f48                HAL_I2C_GetState
 .text.I2C_RequestMemoryWrite
                0x08004f64      0x12c ./Drivers/STM32F4xx_HAL_Driver/Src/stm32f4xx_hal_i2c.o
 .text.I2C_RequestMemoryRead
                0x08005090      0x1d0 ./Drivers/STM32F4xx_HAL_Driver/Src/stm32f4xx_hal_i2c.o
 .text.I2C_WaitOnFlagUntilTimeout
                0x08005260       0xf4 ./Drivers/STM32F4xx_HAL_Driver/Src/stm32f4xx_hal_i2c.o
 .text.I2C_WaitOnMasterAddressFlagUntilTimeout
                0x08005354      0x140 ./Drivers/STM32F4xx_HAL_Driver/Src/stm32f4xx_hal_i2c.o
 .text.I2C_WaitOnTXEFlagUntilTimeout
                0x08005494       0x90 ./Drivers/STM32F4xx_HAL_Driver/Src/stm32f4xx_hal_i2c.o
 .text.I2C_WaitOnBTFFlagUntilTimeout
                0x08005524       0x90 ./Drivers/STM32F4xx_HAL_Driver/Src/stm32f4xx_hal_i2c.o
 .text.I2C_WaitOnRXNEFlagUntilTimeout
                0x080055b4       0xba ./Drivers/STM32F4xx_HAL_Driver/Src/stm32f4xx_hal_i2c.o
 .text.I2C_IsAcknowledgeFailed
                0x0800566e       0x5e ./Drivers/STM32F4xx_HAL_Driver/Src/stm32f4xx_hal_i2c.o
 .text.HAL_I2S_Init
                0x080056cc      0x280 ./Drivers/STM32F4xx_HAL_Driver/Src/stm32f4xx_hal_i2s.o
                0x080056cc                HAL_I2S_Init
 .text.HAL_I2S_Transmit_DMA
                0x0800594c      0x148 ./Drivers/STM32F4xx_HAL_Driver/Src/stm32f4xx_hal_i2s.o
                0x0800594c                HAL_I2S_Transmit_DMA
 .text.HAL_I2S_DMAStop
                0x08005a94      0x3b4 ./Drivers/STM32F4xx_HAL_Driver/Src/stm32f4xx_hal_i2s.o
                0x08005a94                HAL_I2S_DMAStop
 .text.HAL_I2S_IRQHandler
                0x08005e48       0x18 ./Drivers/STM32F4xx_HAL_Driver/Src/stm32f4xx_hal_i2s.o
                0x08005e48                HAL_I2S_IRQHandler
 .text.HAL_I2S_GetState
                0x08005e60       0x1c ./Drivers/STM32F4xx_HAL_Driver/Src/stm32f4xx_hal_i2s.o
                0x08005e60                HAL_I2S_GetState
 .text.I2S_DMATxCplt
                0x08005e7c       0x42 ./Drivers/STM32F4xx_HAL_Driver/Src/stm32f4xx_hal_i2s.o
 .text.I2S_DMATxHalfCplt
                0x08005ebe       0x1c ./Drivers/STM32F4xx_HAL_Driver/Src/stm32f4xx_hal_i2s.o
 .text.I2S_DMAError
                0x08005eda       0x4c ./Drivers/STM32F4xx_HAL_Driver/Src/stm32f4xx_hal_i2s.o
 .text.I2S_Transmit_IT
                0x08005f26       0x5c ./Drivers/STM32F4xx_HAL_Driver/Src/stm32f4xx_hal_i2s.o
 .text.I2S_Receive_IT
                0x08005f82       0x5e ./Drivers/STM32F4xx_HAL_Driver/Src/stm32f4xx_hal_i2s.o
 .text.I2S_IRQHandler
                0x08005fe0      0x114 ./Drivers/STM32F4xx_HAL_Driver/Src/stm32f4xx_hal_i2s.o
 .text.I2S_WaitFlagStateUntilTimeout
                0x080060f4       0x72 ./Drivers/STM32F4xx_HAL_Driver/Src/stm32f4xx_hal_i2s.o
 *fill*         0x08006166        0x2 
 .text.HAL_I2SEx_FullDuplex_IRQHandler
                0x08006168      0x2a8 ./Drivers/STM32F4xx_HAL_Driver/Src/stm32f4xx_hal_i2s_ex.o
                0x08006168                HAL_I2SEx_FullDuplex_IRQHandler
 .text.HAL_I2SEx_TxRxCpltCallback
                0x08006410       0x14 ./Drivers/STM32F4xx_HAL_Driver/Src/stm32f4xx_hal_i2s_ex.o
                0x08006410                HAL_I2SEx_TxRxCpltCallback
 .text.I2SEx_TxISR_I2S
                0x08006424       0x62 ./Drivers/STM32F4xx_HAL_Driver/Src/stm32f4xx_hal_i2s_ex.o
 *fill*         0x08006486        0x2 
 .text.I2SEx_TxISR_I2SExt
                0x08006488       0x98 ./Drivers/STM32F4xx_HAL_Driver/Src/stm32f4xx_hal_i2s_ex.o
 .text.I2SEx_RxISR_I2S
                0x08006520       0x64 ./Drivers/STM32F4xx_HAL_Driver/Src/stm32f4xx_hal_i2s_ex.o
 .text.I2SEx_RxISR_I2SExt
                0x08006584       0x98 ./Drivers/STM32F4xx_HAL_Driver/Src/stm32f4xx_hal_i2s_ex.o
 .text.HAL_PCD_Init
                0x0800661c      0x21e ./Drivers/STM32F4xx_HAL_Driver/Src/stm32f4xx_hal_pcd.o
                0x0800661c                HAL_PCD_Init
 .text.HAL_PCD_Start
                0x0800683a       0x6a ./Drivers/STM32F4xx_HAL_Driver/Src/stm32f4xx_hal_pcd.o
                0x0800683a                HAL_PCD_Start
 .text.HAL_PCD_IRQHandler
                0x080068a4      0x942 ./Drivers/STM32F4xx_HAL_Driver/Src/stm32f4xx_hal_pcd.o
                0x080068a4                HAL_PCD_IRQHandler
 .text.HAL_PCD_SetAddress
                0x080071e6       0x48 ./Drivers/STM32F4xx_HAL_Driver/Src/stm32f4xx_hal_pcd.o
                0x080071e6                HAL_PCD_SetAddress
 .text.HAL_PCD_EP_Open
                0x0800722e       0xd4 ./Drivers/STM32F4xx_HAL_Driver/Src/stm32f4xx_hal_pcd.o
                0x0800722e                HAL_PCD_EP_Open
 .text.HAL_PCD_EP_Close
                0x08007302       0x94 ./Drivers/STM32F4xx_HAL_Driver/Src/stm32f4xx_hal_pcd.o
                0x08007302                HAL_PCD_EP_Close
 .text.HAL_PCD_EP_Receive
                0x08007396       0x76 ./Drivers/STM32F4xx_HAL_Driver/Src/stm32f4xx_hal_pcd.o
                0x08007396                HAL_PCD_EP_Receive
 .text.HAL_PCD_EP_GetRxCount
                0x0800740c       0x30 ./Drivers/STM32F4xx_HAL_Driver/Src/stm32f4xx_hal_pcd.o
                0x0800740c                HAL_PCD_EP_GetRxCount
 .text.HAL_PCD_EP_Transmit
                0x0800743c       0x74 ./Drivers/STM32F4xx_HAL_Driver/Src/stm32f4xx_hal_pcd.o
                0x0800743c                HAL_PCD_EP_Transmit
 .text.HAL_PCD_EP_SetStall
                0x080074b0       0xc6 ./Drivers/STM32F4xx_HAL_Driver/Src/stm32f4xx_hal_pcd.o
                0x080074b0                HAL_PCD_EP_SetStall
 .text.HAL_PCD_EP_ClrStall
                0x08007576       0xac ./Drivers/STM32F4xx_HAL_Driver/Src/stm32f4xx_hal_pcd.o
                0x08007576                HAL_PCD_EP_ClrStall
 .text.HAL_PCD_EP_Abort
                0x08007622       0x62 ./Drivers/STM32F4xx_HAL_Driver/Src/stm32f4xx_hal_pcd.o
                0x08007622                HAL_PCD_EP_Abort
 .text.PCD_WriteEmptyTxFifo
                0x08007684      0x118 ./Drivers/STM32F4xx_HAL_Driver/Src/stm32f4xx_hal_pcd.o
 .text.PCD_EP_OutXfrComplete_int
                0x0800779c      0x1d0 ./Drivers/STM32F4xx_HAL_Driver/Src/stm32f4xx_hal_pcd.o
 .text.PCD_EP_OutSetupPacket_int
                0x0800796c       0x8c ./Drivers/STM32F4xx_HAL_Driver/Src/stm32f4xx_hal_pcd.o
 .text.HAL_PCDEx_SetTxFiFo
                0x080079f8       0x8e ./Drivers/STM32F4xx_HAL_Driver/Src/stm32f4xx_hal_pcd_ex.o
                0x080079f8                HAL_PCDEx_SetTxFiFo
 .text.HAL_PCDEx_SetRxFiFo
                0x08007a86       0x22 ./Drivers/STM32F4xx_HAL_Driver/Src/stm32f4xx_hal_pcd_ex.o
                0x08007a86                HAL_PCDEx_SetRxFiFo
 .text.HAL_PCDEx_LPM_Callback
                0x08007aa8       0x18 ./Drivers/STM32F4xx_HAL_Driver/Src/stm32f4xx_hal_pcd_ex.o
                0x08007aa8                HAL_PCDEx_LPM_Callback
 .text.HAL_RCC_OscConfig
                0x08007ac0      0x4f0 ./Drivers/STM32F4xx_HAL_Driver/Src/stm32f4xx_hal_rcc.o
                0x08007ac0                HAL_RCC_OscConfig
 .text.HAL_RCC_ClockConfig
                0x08007fb0      0x1cc ./Drivers/STM32F4xx_HAL_Driver/Src/stm32f4xx_hal_rcc.o
                0x08007fb0                HAL_RCC_ClockConfig
 .text.HAL_RCC_GetSysClockFreq
                0x0800817c      0x20c ./Drivers/STM32F4xx_HAL_Driver/Src/stm32f4xx_hal_rcc.o
                0x0800817c                HAL_RCC_GetSysClockFreq
 .text.HAL_RCC_GetHCLKFreq
                0x08008388       0x18 ./Drivers/STM32F4xx_HAL_Driver/Src/stm32f4xx_hal_rcc.o
                0x08008388                HAL_RCC_GetHCLKFreq
 .text.HAL_RCC_GetPCLK1Freq
                0x080083a0       0x28 ./Drivers/STM32F4xx_HAL_Driver/Src/stm32f4xx_hal_rcc.o
                0x080083a0                HAL_RCC_GetPCLK1Freq
 .text.HAL_RCCEx_PeriphCLKConfig
                0x080083c8      0x1c4 ./Drivers/STM32F4xx_HAL_Driver/Src/stm32f4xx_hal_rcc_ex.o
                0x080083c8                HAL_RCCEx_PeriphCLKConfig
 .text.HAL_RCCEx_GetPeriphCLKConfig
                0x0800858c       0x58 ./Drivers/STM32F4xx_HAL_Driver/Src/stm32f4xx_hal_rcc_ex.o
                0x0800858c                HAL_RCCEx_GetPeriphCLKConfig
 .text.HAL_RCCEx_GetPeriphCLKFreq
                0x080085e4       0xc0 ./Drivers/STM32F4xx_HAL_Driver/Src/stm32f4xx_hal_rcc_ex.o
                0x080085e4                HAL_RCCEx_GetPeriphCLKFreq
 .text.HAL_SPI_Init
                0x080086a4      0x112 ./Drivers/STM32F4xx_HAL_Driver/Src/stm32f4xx_hal_spi.o
                0x080086a4                HAL_SPI_Init
 .text.USB_CoreInit
                0x080087b6       0xc8 ./Drivers/STM32F4xx_HAL_Driver/Src/stm32f4xx_ll_usb.o
                0x080087b6                USB_CoreInit
 *fill*         0x0800887e        0x2 
 .text.USB_SetTurnaroundTime
                0x08008880      0x144 ./Drivers/STM32F4xx_HAL_Driver/Src/stm32f4xx_ll_usb.o
                0x08008880                USB_SetTurnaroundTime
 .text.USB_EnableGlobalInt
                0x080089c4       0x22 ./Drivers/STM32F4xx_HAL_Driver/Src/stm32f4xx_ll_usb.o
                0x080089c4                USB_EnableGlobalInt
 .text.USB_DisableGlobalInt
                0x080089e6       0x22 ./Drivers/STM32F4xx_HAL_Driver/Src/stm32f4xx_ll_usb.o
                0x080089e6                USB_DisableGlobalInt
 .text.USB_SetCurrentMode
                0x08008a08       0x98 ./Drivers/STM32F4xx_HAL_Driver/Src/stm32f4xx_ll_usb.o
                0x08008a08                USB_SetCurrentMode
 .text.USB_DevInit
                0x08008aa0      0x2c8 ./Drivers/STM32F4xx_HAL_Driver/Src/stm32f4xx_ll_usb.o
                0x08008aa0                USB_DevInit
 .text.USB_FlushTxFifo
                0x08008d68       0x64 ./Drivers/STM32F4xx_HAL_Driver/Src/stm32f4xx_ll_usb.o
                0x08008d68                USB_FlushTxFifo
 .text.USB_FlushRxFifo
                0x08008dcc       0x5c ./Drivers/STM32F4xx_HAL_Driver/Src/stm32f4xx_ll_usb.o
                0x08008dcc                USB_FlushRxFifo
 .text.USB_SetDevSpeed
                0x08008e28       0x32 ./Drivers/STM32F4xx_HAL_Driver/Src/stm32f4xx_ll_usb.o
                0x08008e28                USB_SetDevSpeed
 .text.USB_GetDevSpeed
                0x08008e5a       0x4a ./Drivers/STM32F4xx_HAL_Driver/Src/stm32f4xx_ll_usb.o
                0x08008e5a                USB_GetDevSpeed
 .text.USB_ActivateEndpoint
                0x08008ea4      0x10e ./Drivers/STM32F4xx_HAL_Driver/Src/stm32f4xx_ll_usb.o
                0x08008ea4                USB_ActivateEndpoint
 *fill*         0x08008fb2        0x2 
 .text.USB_DeactivateEndpoint
                0x08008fb4      0x1b8 ./Drivers/STM32F4xx_HAL_Driver/Src/stm32f4xx_ll_usb.o
                0x08008fb4                USB_DeactivateEndpoint
 .text.USB_EPStartXfer
                0x0800916c      0x53c ./Drivers/STM32F4xx_HAL_Driver/Src/stm32f4xx_ll_usb.o
                0x0800916c                USB_EPStartXfer
 .text.USB_EPStopXfer
                0x080096a8      0x154 ./Drivers/STM32F4xx_HAL_Driver/Src/stm32f4xx_ll_usb.o
                0x080096a8                USB_EPStopXfer
 .text.USB_WritePacket
                0x080097fc       0x7c ./Drivers/STM32F4xx_HAL_Driver/Src/stm32f4xx_ll_usb.o
                0x080097fc                USB_WritePacket
 .text.USB_ReadPacket
                0x08009878       0xb0 ./Drivers/STM32F4xx_HAL_Driver/Src/stm32f4xx_ll_usb.o
                0x08009878                USB_ReadPacket
 .text.USB_EPSetStall
                0x08009928       0xdc ./Drivers/STM32F4xx_HAL_Driver/Src/stm32f4xx_ll_usb.o
                0x08009928                USB_EPSetStall
 .text.USB_EPClearStall
                0x08009a04       0xcc ./Drivers/STM32F4xx_HAL_Driver/Src/stm32f4xx_ll_usb.o
                0x08009a04                USB_EPClearStall
 .text.USB_SetDevAddress
                0x08009ad0       0x4c ./Drivers/STM32F4xx_HAL_Driver/Src/stm32f4xx_ll_usb.o
                0x08009ad0                USB_SetDevAddress
 .text.USB_DevConnect
                0x08009b1c       0x42 ./Drivers/STM32F4xx_HAL_Driver/Src/stm32f4xx_ll_usb.o
                0x08009b1c                USB_DevConnect
 .text.USB_DevDisconnect
                0x08009b5e       0x42 ./Drivers/STM32F4xx_HAL_Driver/Src/stm32f4xx_ll_usb.o
                0x08009b5e                USB_DevDisconnect
 .text.USB_ReadInterrupts
                0x08009ba0       0x26 ./Drivers/STM32F4xx_HAL_Driver/Src/stm32f4xx_ll_usb.o
                0x08009ba0                USB_ReadInterrupts
 .text.USB_ReadDevAllOutEpInterrupt
                0x08009bc6       0x34 ./Drivers/STM32F4xx_HAL_Driver/Src/stm32f4xx_ll_usb.o
                0x08009bc6                USB_ReadDevAllOutEpInterrupt
 .text.USB_ReadDevAllInEpInterrupt
                0x08009bfa       0x34 ./Drivers/STM32F4xx_HAL_Driver/Src/stm32f4xx_ll_usb.o
                0x08009bfa                USB_ReadDevAllInEpInterrupt
 .text.USB_ReadDevOutEPInterrupt
                0x08009c2e       0x3c ./Drivers/STM32F4xx_HAL_Driver/Src/stm32f4xx_ll_usb.o
                0x08009c2e                USB_ReadDevOutEPInterrupt
 .text.USB_ReadDevInEPInterrupt
                0x08009c6a       0x5c ./Drivers/STM32F4xx_HAL_Driver/Src/stm32f4xx_ll_usb.o
                0x08009c6a                USB_ReadDevInEPInterrupt
 .text.USB_GetMode
                0x08009cc6       0x1c ./Drivers/STM32F4xx_HAL_Driver/Src/stm32f4xx_ll_usb.o
                0x08009cc6                USB_GetMode
 .text.USB_ActivateSetup
                0x08009ce2       0x46 ./Drivers/STM32F4xx_HAL_Driver/Src/stm32f4xx_ll_usb.o
                0x08009ce2                USB_ActivateSetup
 .text.USB_EP0_OutStart
                0x08009d28       0xbc ./Drivers/STM32F4xx_HAL_Driver/Src/stm32f4xx_ll_usb.o
                0x08009d28                USB_EP0_OutStart
 .text.USB_CoreReset
                0x08009de4       0x70 ./Drivers/STM32F4xx_HAL_Driver/Src/stm32f4xx_ll_usb.o
 .text.USBD_AUDIO_Init
                0x08009e54      0x13c ./Middlewares/ST/STM32_USB_Device_Library/Class/AUDIO/Src/usbd_audio.o
 .text.USBD_AUDIO_DeInit
                0x08009f90       0xb4 ./Middlewares/ST/STM32_USB_Device_Library/Class/AUDIO/Src/usbd_audio.o
 .text.USBD_AUDIO_Setup
                0x0800a044      0x1b8 ./Middlewares/ST/STM32_USB_Device_Library/Class/AUDIO/Src/usbd_audio.o
 .text.USBD_AUDIO_GetCfgDesc
                0x0800a1fc       0x20 ./Middlewares/ST/STM32_USB_Device_Library/Class/AUDIO/Src/usbd_audio.o
 .text.USBD_AUDIO_DataIn
                0x0800a21c       0x1a ./Middlewares/ST/STM32_USB_Device_Library/Class/AUDIO/Src/usbd_audio.o
 .text.USBD_AUDIO_EP0_RxReady
                0x0800a236       0x80 ./Middlewares/ST/STM32_USB_Device_Library/Class/AUDIO/Src/usbd_audio.o
 .text.USBD_AUDIO_EP0_TxReady
                0x0800a2b6       0x16 ./Middlewares/ST/STM32_USB_Device_Library/Class/AUDIO/Src/usbd_audio.o
 .text.USBD_AUDIO_SOF
                0x0800a2cc       0x16 ./Middlewares/ST/STM32_USB_Device_Library/Class/AUDIO/Src/usbd_audio.o
 .text.USBD_AUDIO_Sync
                0x0800a2e2      0x174 ./Middlewares/ST/STM32_USB_Device_Library/Class/AUDIO/Src/usbd_audio.o
                0x0800a2e2                USBD_AUDIO_Sync
 .text.USBD_AUDIO_IsoINIncomplete
                0x0800a456       0x1a ./Middlewares/ST/STM32_USB_Device_Library/Class/AUDIO/Src/usbd_audio.o
 .text.USBD_AUDIO_IsoOutIncomplete
                0x0800a470       0x58 ./Middlewares/ST/STM32_USB_Device_Library/Class/AUDIO/Src/usbd_audio.o
 .text.USBD_AUDIO_DataOut
                0x0800a4c8      0x12c ./Middlewares/ST/STM32_USB_Device_Library/Class/AUDIO/Src/usbd_audio.o
 .text.AUDIO_REQ_GetCurrent
                0x0800a5f4       0x58 ./Middlewares/ST/STM32_USB_Device_Library/Class/AUDIO/Src/usbd_audio.o
 .text.AUDIO_REQ_SetCurrent
                0x0800a64c       0x88 ./Middlewares/ST/STM32_USB_Device_Library/Class/AUDIO/Src/usbd_audio.o
 .text.USBD_AUDIO_GetDeviceQualifierDesc
                0x0800a6d4       0x20 ./Middlewares/ST/STM32_USB_Device_Library/Class/AUDIO/Src/usbd_audio.o
 .text.USBD_AUDIO_RegisterInterface
                0x0800a6f4       0x34 ./Middlewares/ST/STM32_USB_Device_Library/Class/AUDIO/Src/usbd_audio.o
                0x0800a6f4                USBD_AUDIO_RegisterInterface
 .text.USBD_AUDIO_GetAudioHeaderDesc
                0x0800a728       0x64 ./Middlewares/ST/STM32_USB_Device_Library/Class/AUDIO/Src/usbd_audio.o
 .text.USBD_Init
                0x0800a78c       0x60 ./Middlewares/ST/STM32_USB_Device_Library/Core/Src/usbd_core.o
                0x0800a78c                USBD_Init
 .text.USBD_RegisterClass
                0x0800a7ec       0x6c ./Middlewares/ST/STM32_USB_Device_Library/Core/Src/usbd_core.o
                0x0800a7ec                USBD_RegisterClass
 .text.USBD_Start
                0x0800a858       0x18 ./Middlewares/ST/STM32_USB_Device_Library/Core/Src/usbd_core.o
                0x0800a858                USBD_Start
 .text.USBD_RunTestMode
                0x0800a870       0x16 ./Middlewares/ST/STM32_USB_Device_Library/Core/Src/usbd_core.o
                0x0800a870                USBD_RunTestMode
 .text.USBD_SetClassConfig
                0x0800a886       0x38 ./Middlewares/ST/STM32_USB_Device_Library/Core/Src/usbd_core.o
                0x0800a886                USBD_SetClassConfig
 .text.USBD_ClrClassConfig
                0x0800a8be       0x34 ./Middlewares/ST/STM32_USB_Device_Library/Core/Src/usbd_core.o
                0x0800a8be                USBD_ClrClassConfig
 .text.USBD_LL_SetupStage
                0x0800a8f2       0xaa ./Middlewares/ST/STM32_USB_Device_Library/Core/Src/usbd_core.o
                0x0800a8f2                USBD_LL_SetupStage
 .text.USBD_LL_DataOutStage
                0x0800a99c      0x178 ./Middlewares/ST/STM32_USB_Device_Library/Core/Src/usbd_core.o
                0x0800a99c                USBD_LL_DataOutStage
 .text.USBD_LL_DataInStage
                0x0800ab14      0x176 ./Middlewares/ST/STM32_USB_Device_Library/Core/Src/usbd_core.o
                0x0800ab14                USBD_LL_DataInStage
 .text.USBD_LL_Reset
                0x0800ac8a       0xa6 ./Middlewares/ST/STM32_USB_Device_Library/Core/Src/usbd_core.o
                0x0800ac8a                USBD_LL_Reset
 .text.USBD_LL_SetSpeed
                0x0800ad30       0x20 ./Middlewares/ST/STM32_USB_Device_Library/Core/Src/usbd_core.o
                0x0800ad30                USBD_LL_SetSpeed
 .text.USBD_LL_Suspend
                0x0800ad50       0x38 ./Middlewares/ST/STM32_USB_Device_Library/Core/Src/usbd_core.o
                0x0800ad50                USBD_LL_Suspend
 .text.USBD_LL_Resume
                0x0800ad88       0x30 ./Middlewares/ST/STM32_USB_Device_Library/Core/Src/usbd_core.o
                0x0800ad88                USBD_LL_Resume
 .text.USBD_LL_SOF
                0x0800adb8       0x40 ./Middlewares/ST/STM32_USB_Device_Library/Core/Src/usbd_core.o
                0x0800adb8                USBD_LL_SOF
 .text.USBD_LL_IsoINIncomplete
                0x0800adf8       0x64 ./Middlewares/ST/STM32_USB_Device_Library/Core/Src/usbd_core.o
                0x0800adf8                USBD_LL_IsoINIncomplete
 .text.USBD_LL_IsoOUTIncomplete
                0x0800ae5c       0x64 ./Middlewares/ST/STM32_USB_Device_Library/Core/Src/usbd_core.o
                0x0800ae5c                USBD_LL_IsoOUTIncomplete
 .text.USBD_LL_DevConnected
                0x0800aec0       0x16 ./Middlewares/ST/STM32_USB_Device_Library/Core/Src/usbd_core.o
                0x0800aec0                USBD_LL_DevConnected
 .text.USBD_LL_DevDisconnected
                0x0800aed6       0x46 ./Middlewares/ST/STM32_USB_Device_Library/Core/Src/usbd_core.o
                0x0800aed6                USBD_LL_DevDisconnected
 .text.USBD_CoreFindIF
                0x0800af1c       0x1a ./Middlewares/ST/STM32_USB_Device_Library/Core/Src/usbd_core.o
                0x0800af1c                USBD_CoreFindIF
 .text.USBD_CoreFindEP
                0x0800af36       0x1a ./Middlewares/ST/STM32_USB_Device_Library/Core/Src/usbd_core.o
                0x0800af36                USBD_CoreFindEP
 .text.USBD_GetNextDesc
                0x0800af50       0x38 ./Middlewares/ST/STM32_USB_Device_Library/Core/Src/usbd_core.o
                0x0800af50                USBD_GetNextDesc
 .text.SWAPBYTE
                0x0800af88       0x3e ./Middlewares/ST/STM32_USB_Device_Library/Core/Src/usbd_ctlreq.o
 *fill*         0x0800afc6        0x2 
 .text.USBD_StdDevReq
                0x0800afc8       0xe4 ./Middlewares/ST/STM32_USB_Device_Library/Core/Src/usbd_ctlreq.o
                0x0800afc8                USBD_StdDevReq
 .text.USBD_StdItfReq
                0x0800b0ac       0xd8 ./Middlewares/ST/STM32_USB_Device_Library/Core/Src/usbd_ctlreq.o
                0x0800b0ac                USBD_StdItfReq
 .text.USBD_StdEPReq
                0x0800b184      0x33e ./Middlewares/ST/STM32_USB_Device_Library/Core/Src/usbd_ctlreq.o
                0x0800b184                USBD_StdEPReq
 *fill*         0x0800b4c2        0x2 
 .text.USBD_GetDescriptor
                0x0800b4c4      0x2d4 ./Middlewares/ST/STM32_USB_Device_Library/Core/Src/usbd_ctlreq.o
 .text.USBD_SetAddress
                0x0800b798       0x88 ./Middlewares/ST/STM32_USB_Device_Library/Core/Src/usbd_ctlreq.o
 .text.USBD_SetConfig
                0x0800b820      0x154 ./Middlewares/ST/STM32_USB_Device_Library/Core/Src/usbd_ctlreq.o
 .text.USBD_GetConfig
                0x0800b974       0x6c ./Middlewares/ST/STM32_USB_Device_Library/Core/Src/usbd_ctlreq.o
 .text.USBD_GetStatus
                0x0800b9e0       0x68 ./Middlewares/ST/STM32_USB_Device_Library/Core/Src/usbd_ctlreq.o
 .text.USBD_SetFeature
                0x0800ba48       0x52 ./Middlewares/ST/STM32_USB_Device_Library/Core/Src/usbd_ctlreq.o
 .text.USBD_ClrFeature
                0x0800ba9a       0x44 ./Middlewares/ST/STM32_USB_Device_Library/Core/Src/usbd_ctlreq.o
 .text.USBD_ParseSetupRequest
                0x0800bade       0x74 ./Middlewares/ST/STM32_USB_Device_Library/Core/Src/usbd_ctlreq.o
                0x0800bade                USBD_ParseSetupRequest
 .text.USBD_CtlError
                0x0800bb52       0x22 ./Middlewares/ST/STM32_USB_Device_Library/Core/Src/usbd_ctlreq.o
                0x0800bb52                USBD_CtlError
 .text.USBD_GetString
                0x0800bb74       0xa4 ./Middlewares/ST/STM32_USB_Device_Library/Core/Src/usbd_ctlreq.o
                0x0800bb74                USBD_GetString
 .text.USBD_GetLen
                0x0800bc18       0x34 ./Middlewares/ST/STM32_USB_Device_Library/Core/Src/usbd_ctlreq.o
 .text.USBD_CtlSendData
                0x0800bc4c       0x3c ./Middlewares/ST/STM32_USB_Device_Library/Core/Src/usbd_ioreq.o
                0x0800bc4c                USBD_CtlSendData
 .text.USBD_CtlContinueSendData
                0x0800bc88       0x22 ./Middlewares/ST/STM32_USB_Device_Library/Core/Src/usbd_ioreq.o
                0x0800bc88                USBD_CtlContinueSendData
 .text.USBD_CtlPrepareRx
                0x0800bcaa       0x42 ./Middlewares/ST/STM32_USB_Device_Library/Core/Src/usbd_ioreq.o
                0x0800bcaa                USBD_CtlPrepareRx
 .text.USBD_CtlContinueRx
                0x0800bcec       0x22 ./Middlewares/ST/STM32_USB_Device_Library/Core/Src/usbd_ioreq.o
                0x0800bcec                USBD_CtlContinueRx
 .text.USBD_CtlSendStatus
                0x0800bd0e       0x26 ./Middlewares/ST/STM32_USB_Device_Library/Core/Src/usbd_ioreq.o
                0x0800bd0e                USBD_CtlSendStatus
 .text.USBD_CtlReceiveStatus
                0x0800bd34       0x26 ./Middlewares/ST/STM32_USB_Device_Library/Core/Src/usbd_ioreq.o
                0x0800bd34                USBD_CtlReceiveStatus
 *fill*         0x0800bd5a        0x2 
 .text.MX_USB_DEVICE_Init
                0x0800bd5c       0x60 ./USB_DEVICE/App/usb_device.o
                0x0800bd5c                MX_USB_DEVICE_Init
 .text.AUDIO_Init_FS
                0x0800bdbc       0x24 ./USB_DEVICE/App/usbd_audio_if.o
 .text.AUDIO_DeInit_FS
                0x0800bde0       0x24 ./USB_DEVICE/App/usbd_audio_if.o
 .text.AUDIO_AudioCmd_FS
                0x0800be04       0x44 ./USB_DEVICE/App/usbd_audio_if.o
 .text.AUDIO_VolumeCtl_FS
                0x0800be48       0x1c ./USB_DEVICE/App/usbd_audio_if.o
 .text.AUDIO_MuteCtl_FS
                0x0800be64       0x1c ./USB_DEVICE/App/usbd_audio_if.o
 .text.AUDIO_PeriodicTC_FS
                0x0800be80       0x5c ./USB_DEVICE/App/usbd_audio_if.o
 .text.AUDIO_GetState_FS
                0x0800bedc       0x10 ./USB_DEVICE/App/usbd_audio_if.o
 .text.BSP_AUDIO_OUT_HalfTransfer_CallBack
                0x0800beec       0x1c ./USB_DEVICE/App/usbd_audio_if.o
                0x0800beec                BSP_AUDIO_OUT_HalfTransfer_CallBack
 .text.BSP_AUDIO_OUT_TransferComplete_CallBack
                0x0800bf08       0x1c ./USB_DEVICE/App/usbd_audio_if.o
                0x0800bf08                BSP_AUDIO_OUT_TransferComplete_CallBack
 .text.USBD_FS_DeviceDescriptor
                0x0800bf24       0x24 ./USB_DEVICE/App/usbd_desc.o
                0x0800bf24                USBD_FS_DeviceDescriptor
 .text.USBD_FS_LangIDStrDescriptor
                0x0800bf48       0x24 ./USB_DEVICE/App/usbd_desc.o
                0x0800bf48                USBD_FS_LangIDStrDescriptor
 .text.USBD_FS_ProductStrDescriptor
                0x0800bf6c       0x3c ./USB_DEVICE/App/usbd_desc.o
                0x0800bf6c                USBD_FS_ProductStrDescriptor
 .text.USBD_FS_ManufacturerStrDescriptor
                0x0800bfa8       0x28 ./USB_DEVICE/App/usbd_desc.o
                0x0800bfa8                USBD_FS_ManufacturerStrDescriptor
 .text.USBD_FS_SerialStrDescriptor
                0x0800bfd0       0x24 ./USB_DEVICE/App/usbd_desc.o
                0x0800bfd0                USBD_FS_SerialStrDescriptor
 .text.USBD_FS_ConfigStrDescriptor
                0x0800bff4       0x3c ./USB_DEVICE/App/usbd_desc.o
                0x0800bff4                USBD_FS_ConfigStrDescriptor
 .text.USBD_FS_InterfaceStrDescriptor
                0x0800c030       0x3c ./USB_DEVICE/App/usbd_desc.o
                0x0800c030                USBD_FS_InterfaceStrDescriptor
 .text.Get_SerialNum
                0x0800c06c       0x58 ./USB_DEVICE/App/usbd_desc.o
 .text.IntToUnicode
                0x0800c0c4       0x7e ./USB_DEVICE/App/usbd_desc.o
 *fill*         0x0800c142        0x2 
 .text.HAL_PCD_MspInit
                0x0800c144       0xc4 ./USB_DEVICE/Target/usbd_conf.o
                0x0800c144                HAL_PCD_MspInit
 .text.HAL_PCD_SetupStageCallback
                0x0800c208       0x24 ./USB_DEVICE/Target/usbd_conf.o
                0x0800c208                HAL_PCD_SetupStageCallback
 .text.HAL_PCD_DataOutStageCallback
                0x0800c22c       0x36 ./USB_DEVICE/Target/usbd_conf.o
                0x0800c22c                HAL_PCD_DataOutStageCallback
 .text.HAL_PCD_DataInStageCallback
                0x0800c262       0x34 ./USB_DEVICE/Target/usbd_conf.o
                0x0800c262                HAL_PCD_DataInStageCallback
 .text.HAL_PCD_SOFCallback
                0x0800c296       0x1c ./USB_DEVICE/Target/usbd_conf.o
                0x0800c296                HAL_PCD_SOFCallback
 .text.HAL_PCD_ResetCallback
                0x0800c2b2       0x50 ./USB_DEVICE/Target/usbd_conf.o
                0x0800c2b2                HAL_PCD_ResetCallback
 *fill*         0x0800c302        0x2 
 .text.HAL_PCD_SuspendCallback
                0x0800c304       0x4c ./USB_DEVICE/Target/usbd_conf.o
                0x0800c304                HAL_PCD_SuspendCallback
 .text.HAL_PCD_ResumeCallback
                0x0800c350       0x1c ./USB_DEVICE/Target/usbd_conf.o
                0x0800c350                HAL_PCD_ResumeCallback
 .text.HAL_PCD_ISOOUTIncompleteCallback
                0x0800c36c       0x24 ./USB_DEVICE/Target/usbd_conf.o
                0x0800c36c                HAL_PCD_ISOOUTIncompleteCallback
 .text.HAL_PCD_ISOINIncompleteCallback
                0x0800c390       0x24 ./USB_DEVICE/Target/usbd_conf.o
                0x0800c390                HAL_PCD_ISOINIncompleteCallback
 .text.HAL_PCD_ConnectCallback
                0x0800c3b4       0x1c ./USB_DEVICE/Target/usbd_conf.o
                0x0800c3b4                HAL_PCD_ConnectCallback
 .text.HAL_PCD_DisconnectCallback
                0x0800c3d0       0x1c ./USB_DEVICE/Target/usbd_conf.o
                0x0800c3d0                HAL_PCD_DisconnectCallback
 .text.USBD_LL_Init
                0x0800c3ec       0x98 ./USB_DEVICE/Target/usbd_conf.o
                0x0800c3ec                USBD_LL_Init
 .text.USBD_LL_Start
                0x0800c484       0x36 ./USB_DEVICE/Target/usbd_conf.o
                0x0800c484                USBD_LL_Start
 .text.USBD_LL_OpenEP
                0x0800c4ba       0x4c ./USB_DEVICE/Target/usbd_conf.o
                0x0800c4ba                USBD_LL_OpenEP
 .text.USBD_LL_CloseEP
                0x0800c506       0x3e ./USB_DEVICE/Target/usbd_conf.o
                0x0800c506                USBD_LL_CloseEP
 .text.USBD_LL_StallEP
                0x0800c544       0x3e ./USB_DEVICE/Target/usbd_conf.o
                0x0800c544                USBD_LL_StallEP
 .text.USBD_LL_ClearStallEP
                0x0800c582       0x3e ./USB_DEVICE/Target/usbd_conf.o
                0x0800c582                USBD_LL_ClearStallEP
 .text.USBD_LL_IsStallEP
                0x0800c5c0       0x58 ./USB_DEVICE/Target/usbd_conf.o
                0x0800c5c0                USBD_LL_IsStallEP
 .text.USBD_LL_SetUSBAddress
                0x0800c618       0x3e ./USB_DEVICE/Target/usbd_conf.o
                0x0800c618                USBD_LL_SetUSBAddress
 .text.USBD_LL_Transmit
                0x0800c656       0x42 ./USB_DEVICE/Target/usbd_conf.o
                0x0800c656                USBD_LL_Transmit
 .text.USBD_LL_PrepareReceive
                0x0800c698       0x42 ./USB_DEVICE/Target/usbd_conf.o
                0x0800c698                USBD_LL_PrepareReceive
 .text.USBD_LL_GetRxDataSize
                0x0800c6da       0x26 ./USB_DEVICE/Target/usbd_conf.o
                0x0800c6da                USBD_LL_GetRxDataSize
 .text.USBD_static_malloc
                0x0800c700       0x1c ./USB_DEVICE/Target/usbd_conf.o
                0x0800c700                USBD_static_malloc
 .text.USBD_static_free
                0x0800c71c       0x14 ./USB_DEVICE/Target/usbd_conf.o
                0x0800c71c                USBD_static_free
 .text.USBD_Get_USB_Status
                0x0800c730       0x58 ./USB_DEVICE/Target/usbd_conf.o
                0x0800c730                USBD_Get_USB_Status
 .text.memset   0x0800c788       0x10 C:/ST/STM32CubeIDE_1.18.0/STM32CubeIDE/plugins/com.st.stm32cube.ide.mcu.externaltools.gnu-tools-for-stm32.13.3.rel1.win32_1.0.0.202411081344/tools/bin/../lib/gcc/arm-none-eabi/13.3.1/../../../../arm-none-eabi/lib/thumb/v7e-m+fp/hard\libc_nano.a(libc_a-memset.o)
                0x0800c788                memset
 .text.__libc_init_array
                0x0800c798       0x48 C:/ST/STM32CubeIDE_1.18.0/STM32CubeIDE/plugins/com.st.stm32cube.ide.mcu.externaltools.gnu-tools-for-stm32.13.3.rel1.win32_1.0.0.202411081344/tools/bin/../lib/gcc/arm-none-eabi/13.3.1/../../../../arm-none-eabi/lib/thumb/v7e-m+fp/hard\libc_nano.a(libc_a-init.o)
                0x0800c798                __libc_init_array
 .text.sinf     0x0800c7e0       0x8c C:/ST/STM32CubeIDE_1.18.0/STM32CubeIDE/plugins/com.st.stm32cube.ide.mcu.externaltools.gnu-tools-for-stm32.13.3.rel1.win32_1.0.0.202411081344/tools/bin/../lib/gcc/arm-none-eabi/13.3.1/../../../../arm-none-eabi/lib/thumb/v7e-m+fp/hard\libm.a(libm_a-sf_sin.o)
                0x0800c7e0                sinf
 .text.__kernel_cosf
                0x0800c86c       0xb0 C:/ST/STM32CubeIDE_1.18.0/STM32CubeIDE/plugins/com.st.stm32cube.ide.mcu.externaltools.gnu-tools-for-stm32.13.3.rel1.win32_1.0.0.202411081344/tools/bin/../lib/gcc/arm-none-eabi/13.3.1/../../../../arm-none-eabi/lib/thumb/v7e-m+fp/hard\libm.a(libm_a-kf_cos.o)
                0x0800c86c                __kernel_cosf
 .text.__kernel_sinf
                0x0800c91c       0x90 C:/ST/STM32CubeIDE_1.18.0/STM32CubeIDE/plugins/com.st.stm32cube.ide.mcu.externaltools.gnu-tools-for-stm32.13.3.rel1.win32_1.0.0.202411081344/tools/bin/../lib/gcc/arm-none-eabi/13.3.1/../../../../arm-none-eabi/lib/thumb/v7e-m+fp/hard\libm.a(libm_a-kf_sin.o)
                0x0800c91c                __kernel_sinf
 .text.__ieee754_rem_pio2f
                0x0800c9ac      0x260 C:/ST/STM32CubeIDE_1.18.0/STM32CubeIDE/plugins/com.st.stm32cube.ide.mcu.externaltools.gnu-tools-for-stm32.13.3.rel1.win32_1.0.0.202411081344/tools/bin/../lib/gcc/arm-none-eabi/13.3.1/../../../../arm-none-eabi/lib/thumb/v7e-m+fp/hard\libm.a(libm_a-ef_rem_pio2.o)
                0x0800c9ac                __ieee754_rem_pio2f
 .text.fabsf    0x0800cc0c        0xe C:/ST/STM32CubeIDE_1.18.0/STM32CubeIDE/plugins/com.st.stm32cube.ide.mcu.externaltools.gnu-tools-for-stm32.13.3.rel1.win32_1.0.0.202411081344/tools/bin/../lib/gcc/arm-none-eabi/13.3.1/../../../../arm-none-eabi/lib/thumb/v7e-m+fp/hard\libm.a(libm_a-sf_fabs.o)
                0x0800cc0c                fabsf
 *fill*         0x0800cc1a        0x2 
 .text.__kernel_rem_pio2f
                0x0800cc1c      0x4d0 C:/ST/STM32CubeIDE_1.18.0/STM32CubeIDE/plugins/com.st.stm32cube.ide.mcu.externaltools.gnu-tools-for-stm32.13.3.rel1.win32_1.0.0.202411081344/tools/bin/../lib/gcc/arm-none-eabi/13.3.1/../../../../arm-none-eabi/lib/thumb/v7e-m+fp/hard\libm.a(libm_a-kf_rem_pio2.o)
                0x0800cc1c                __kernel_rem_pio2f
 .text.scalbnf  0x0800d0ec       0xcc C:/ST/STM32CubeIDE_1.18.0/STM32CubeIDE/plugins/com.st.stm32cube.ide.mcu.externaltools.gnu-tools-for-stm32.13.3.rel1.win32_1.0.0.202411081344/tools/bin/../lib/gcc/arm-none-eabi/13.3.1/../../../../arm-none-eabi/lib/thumb/v7e-m+fp/hard\libm.a(libm_a-sf_scalbn.o)
                0x0800d0ec                scalbnf
 .text.floorf   0x0800d1b8       0x88 C:/ST/STM32CubeIDE_1.18.0/STM32CubeIDE/plugins/com.st.stm32cube.ide.mcu.externaltools.gnu-tools-for-stm32.13.3.rel1.win32_1.0.0.202411081344/tools/bin/../lib/gcc/arm-none-eabi/13.3.1/../../../../arm-none-eabi/lib/thumb/v7e-m+fp/hard\libm.a(libm_a-sf_floor.o)
                0x0800d1b8                floorf
 *(.glue_7)
 .glue_7        0x0800d240        0x0 linker stubs
 *(.glue_7t)
 .glue_7t       0x0800d240        0x0 linker stubs
 *(.eh_frame)
 .eh_frame      0x0800d240        0x0 C:/ST/STM32CubeIDE_1.18.0/STM32CubeIDE/plugins/com.st.stm32cube.ide.mcu.externaltools.gnu-tools-for-stm32.13.3.rel1.win32_1.0.0.202411081344/tools/bin/../lib/gcc/arm-none-eabi/13.3.1/thumb/v7e-m+fp/hard/crtbegin.o
 *(.init)
 .init          0x0800d240        0x4 C:/ST/STM32CubeIDE_1.18.0/STM32CubeIDE/plugins/com.st.stm32cube.ide.mcu.externaltools.gnu-tools-for-stm32.13.3.rel1.win32_1.0.0.202411081344/tools/bin/../lib/gcc/arm-none-eabi/13.3.1/thumb/v7e-m+fp/hard/crti.o
                0x0800d240                _init
 .init          0x0800d244        0x8 C:/ST/STM32CubeIDE_1.18.0/STM32CubeIDE/plugins/com.st.stm32cube.ide.mcu.externaltools.gnu-tools-for-stm32.13.3.rel1.win32_1.0.0.202411081344/tools/bin/../lib/gcc/arm-none-eabi/13.3.1/thumb/v7e-m+fp/hard/crtn.o
 *(.fini)
 .fini          0x0800d24c        0x4 C:/ST/STM32CubeIDE_1.18.0/STM32CubeIDE/plugins/com.st.stm32cube.ide.mcu.externaltools.gnu-tools-for-stm32.13.3.rel1.win32_1.0.0.202411081344/tools/bin/../lib/gcc/arm-none-eabi/13.3.1/thumb/v7e-m+fp/hard/crti.o
                0x0800d24c                _fini
 .fini          0x0800d250        0x8 C:/ST/STM32CubeIDE_1.18.0/STM32CubeIDE/plugins/com.st.stm32cube.ide.mcu.externaltools.gnu-tools-for-stm32.13.3.rel1.win32_1.0.0.202411081344/tools/bin/../lib/gcc/arm-none-eabi/13.3.1/thumb/v7e-m+fp/hard/crtn.o
                0x0800d258                        . = ALIGN (0x4)
                0x0800d258                        _etext = .

.vfp11_veneer   0x0800d258        0x0
 .vfp11_veneer  0x0800d258        0x0 linker stubs

.v4_bx          0x0800d258        0x0
 .v4_bx         0x0800d258        0x0 linker stubs

.iplt           0x0800d258        0x0
 .iplt          0x0800d258        0x0 C:/ST/STM32CubeIDE_1.18.0/STM32CubeIDE/plugins/com.st.stm32cube.ide.mcu.externaltools.gnu-tools-for-stm32.13.3.rel1.win32_1.0.0.202411081344/tools/bin/../lib/gcc/arm-none-eabi/13.3.1/thumb/v7e-m+fp/hard/crtbegin.o

.rodata         0x0800d258      0x498
                0x0800d258                        . = ALIGN (0x4)
 *(.rodata)
 .rodata        0x0800d258       0x48 ./USB_DEVICE/App/usbd_desc.o
 *(.rodata*)
 .rodata.I2SFreq
                0x0800d2a0       0x20 ./Core/Src/stm32f4_discovery_audio.o
                0x0800d2a0                I2SFreq
 .rodata.I2SPLLN
                0x0800d2c0       0x20 ./Core/Src/stm32f4_discovery_audio.o
                0x0800d2c0                I2SPLLN
 .rodata.I2SPLLR
                0x0800d2e0       0x20 ./Core/Src/stm32f4_discovery_audio.o
                0x0800d2e0                I2SPLLR
 .rodata.AHBPrescTable
                0x0800d300       0x10 ./Core/Src/system_stm32f4xx.o
                0x0800d300                AHBPrescTable
 .rodata.APBPrescTable
                0x0800d310        0x8 ./Core/Src/system_stm32f4xx.o
                0x0800d310                APBPrescTable
 .rodata.flagBitshiftOffset.0
                0x0800d318        0x8 ./Drivers/STM32F4xx_HAL_Driver/Src/stm32f4xx_hal_dma.o
 .rodata.npio2_hw
                0x0800d320       0x80 C:/ST/STM32CubeIDE_1.18.0/STM32CubeIDE/plugins/com.st.stm32cube.ide.mcu.externaltools.gnu-tools-for-stm32.13.3.rel1.win32_1.0.0.202411081344/tools/bin/../lib/gcc/arm-none-eabi/13.3.1/../../../../arm-none-eabi/lib/thumb/v7e-m+fp/hard\libm.a(libm_a-ef_rem_pio2.o)
 .rodata.two_over_pi
                0x0800d3a0      0x318 C:/ST/STM32CubeIDE_1.18.0/STM32CubeIDE/plugins/com.st.stm32cube.ide.mcu.externaltools.gnu-tools-for-stm32.13.3.rel1.win32_1.0.0.202411081344/tools/bin/../lib/gcc/arm-none-eabi/13.3.1/../../../../arm-none-eabi/lib/thumb/v7e-m+fp/hard\libm.a(libm_a-ef_rem_pio2.o)
 .rodata.PIo2   0x0800d6b8       0x2c C:/ST/STM32CubeIDE_1.18.0/STM32CubeIDE/plugins/com.st.stm32cube.ide.mcu.externaltools.gnu-tools-for-stm32.13.3.rel1.win32_1.0.0.202411081344/tools/bin/../lib/gcc/arm-none-eabi/13.3.1/../../../../arm-none-eabi/lib/thumb/v7e-m+fp/hard\libm.a(libm_a-kf_rem_pio2.o)
 .rodata.init_jk
                0x0800d6e4        0xc C:/ST/STM32CubeIDE_1.18.0/STM32CubeIDE/plugins/com.st.stm32cube.ide.mcu.externaltools.gnu-tools-for-stm32.13.3.rel1.win32_1.0.0.202411081344/tools/bin/../lib/gcc/arm-none-eabi/13.3.1/../../../../arm-none-eabi/lib/thumb/v7e-m+fp/hard\libm.a(libm_a-kf_rem_pio2.o)
                0x0800d6f0                        . = ALIGN (0x4)

.ARM.extab      0x0800d6f0        0x0
                0x0800d6f0                        . = ALIGN (0x4)
 *(.ARM.extab* .gnu.linkonce.armextab.*)
                0x0800d6f0                        . = ALIGN (0x4)

.ARM            0x0800d6f0        0x8
                0x0800d6f0                        . = ALIGN (0x4)
                0x0800d6f0                        __exidx_start = .
 *(.ARM.exidx*)
 .ARM.exidx     0x0800d6f0        0x8 C:/ST/STM32CubeIDE_1.18.0/STM32CubeIDE/plugins/com.st.stm32cube.ide.mcu.externaltools.gnu-tools-for-stm32.13.3.rel1.win32_1.0.0.202411081344/tools/bin/../lib/gcc/arm-none-eabi/13.3.1/thumb/v7e-m+fp/hard\libgcc.a(_udivmoddi4.o)
                0x0800d6f8                        __exidx_end = .
                0x0800d6f8                        . = ALIGN (0x4)

.preinit_array  0x0800d6f8        0x0
                0x0800d6f8                        . = ALIGN (0x4)
                0x0800d6f8                        PROVIDE (__preinit_array_start = .)
 *(.preinit_array*)
                0x0800d6f8                        PROVIDE (__preinit_array_end = .)
                0x0800d6f8                        . = ALIGN (0x4)

.init_array     0x0800d6f8        0x4
                0x0800d6f8                        . = ALIGN (0x4)
                0x0800d6f8                        PROVIDE (__init_array_start = .)
 *(SORT_BY_NAME(.init_array.*))
 *(.init_array*)
 .init_array    0x0800d6f8        0x4 C:/ST/STM32CubeIDE_1.18.0/STM32CubeIDE/plugins/com.st.stm32cube.ide.mcu.externaltools.gnu-tools-for-stm32.13.3.rel1.win32_1.0.0.202411081344/tools/bin/../lib/gcc/arm-none-eabi/13.3.1/thumb/v7e-m+fp/hard/crtbegin.o
                0x0800d6fc                        PROVIDE (__init_array_end = .)
                0x0800d6fc                        . = ALIGN (0x4)

.fini_array     0x0800d6fc        0x4
                0x0800d6fc                        . = ALIGN (0x4)
                [!provide]                        PROVIDE (__fini_array_start = .)
 *(SORT_BY_NAME(.fini_array.*))
 *(.fini_array*)
 .fini_array    0x0800d6fc        0x4 C:/ST/STM32CubeIDE_1.18.0/STM32CubeIDE/plugins/com.st.stm32cube.ide.mcu.externaltools.gnu-tools-for-stm32.13.3.rel1.win32_1.0.0.202411081344/tools/bin/../lib/gcc/arm-none-eabi/13.3.1/thumb/v7e-m+fp/hard/crtbegin.o
                [!provide]                        PROVIDE (__fini_array_end = .)
                0x0800d700                        . = ALIGN (0x4)
                0x0800d700                        _sidata = LOADADDR (.data)

.rel.dyn        0x0800d700        0x0
 .rel.iplt      0x0800d700        0x0 C:/ST/STM32CubeIDE_1.18.0/STM32CubeIDE/plugins/com.st.stm32cube.ide.mcu.externaltools.gnu-tools-for-stm32.13.3.rel1.win32_1.0.0.202411081344/tools/bin/../lib/gcc/arm-none-eabi/13.3.1/thumb/v7e-m+fp/hard/crtbegin.o

.data           0x20000000      0x168 load address 0x0800d700
                0x20000000                        . = ALIGN (0x4)
                0x20000000                        _sdata = .
 *(.data)
 *(.data*)
 .data.cs43l22_drv
                0x20000000       0x30 ./Core/Src/cs43l22.o
                0x20000000                cs43l22_drv
 .data.Is_cs43l22_Stop
                0x20000030        0x1 ./Core/Src/cs43l22.o
 *fill*         0x20000031        0x3 
 .data.lpf_alpha
                0x20000034        0x4 ./Core/Src/filter.o
 .data.I2cxTimeout
                0x20000038        0x4 ./Core/Src/stm32f4_discovery.o
                0x20000038                I2cxTimeout
 .data.SystemCoreClock
                0x2000003c        0x4 ./Core/Src/system_stm32f4xx.o
                0x2000003c                SystemCoreClock
 .data.uwTickPrio
                0x20000040        0x4 ./Drivers/STM32F4xx_HAL_Driver/Src/stm32f4xx_hal.o
                0x20000040                uwTickPrio
 .data.uwTickFreq
                0x20000044        0x1 ./Drivers/STM32F4xx_HAL_Driver/Src/stm32f4xx_hal.o
                0x20000044                uwTickFreq
 *fill*         0x20000045        0x3 
 .data.USBD_AUDIO
                0x20000048       0x38 ./Middlewares/ST/STM32_USB_Device_Library/Class/AUDIO/Src/usbd_audio.o
                0x20000048                USBD_AUDIO
 .data.USBD_AUDIO_CfgDesc
                0x20000080       0x6d ./Middlewares/ST/STM32_USB_Device_Library/Class/AUDIO/Src/usbd_audio.o
 *fill*         0x200000ed        0x3 
 .data.USBD_AUDIO_DeviceQualifierDesc
                0x200000f0        0xa ./Middlewares/ST/STM32_USB_Device_Library/Class/AUDIO/Src/usbd_audio.o
 .data.AUDIOOutEpAdd
                0x200000fa        0x1 ./Middlewares/ST/STM32_USB_Device_Library/Class/AUDIO/Src/usbd_audio.o
 *fill*         0x200000fb        0x1 
 .data.USBD_AUDIO_fops_FS
                0x200000fc       0x1c ./USB_DEVICE/App/usbd_audio_if.o
                0x200000fc                USBD_AUDIO_fops_FS
 .data.FS_Desc  0x20000118       0x1c ./USB_DEVICE/App/usbd_desc.o
                0x20000118                FS_Desc
 .data.USBD_FS_DeviceDesc
                0x20000134       0x12 ./USB_DEVICE/App/usbd_desc.o
                0x20000134                USBD_FS_DeviceDesc
 *fill*         0x20000146        0x2 
 .data.USBD_LangIDDesc
                0x20000148        0x4 ./USB_DEVICE/App/usbd_desc.o
                0x20000148                USBD_LangIDDesc
 .data.USBD_StringSerial
                0x2000014c       0x1a ./USB_DEVICE/App/usbd_desc.o
                0x2000014c                USBD_StringSerial
 *(.RamFunc)
 *(.RamFunc*)
                0x20000168                        . = ALIGN (0x4)
 *fill*         0x20000166        0x2 
                0x20000168                        _edata = .
                0x0800d868                        _siccmram = LOADADDR (.ccmram)

.igot.plt       0x20000168        0x0 load address 0x0800d868
 .igot.plt      0x20000168        0x0 C:/ST/STM32CubeIDE_1.18.0/STM32CubeIDE/plugins/com.st.stm32cube.ide.mcu.externaltools.gnu-tools-for-stm32.13.3.rel1.win32_1.0.0.202411081344/tools/bin/../lib/gcc/arm-none-eabi/13.3.1/thumb/v7e-m+fp/hard/crtbegin.o

.ccmram         0x10000000        0x0 load address 0x0800d868
                0x10000000                        . = ALIGN (0x4)
                0x10000000                        _sccmram = .
 *(.ccmram)
 *(.ccmram*)
                0x10000000                        . = ALIGN (0x4)
                0x10000000                        _eccmram = .
                0x10000000                        . = ALIGN (0x4)

.bss            0x20000168    0x1cd14
                0x20000168                        _sbss = .
                0x20000168                        __bss_start__ = _sbss
 *(.bss)
 .bss           0x20000168       0x1c C:/ST/STM32CubeIDE_1.18.0/STM32CubeIDE/plugins/com.st.stm32cube.ide.mcu.externaltools.gnu-tools-for-stm32.13.3.rel1.win32_1.0.0.202411081344/tools/bin/../lib/gcc/arm-none-eabi/13.3.1/thumb/v7e-m+fp/hard/crtbegin.o
 *(.bss*)
 .bss.app_filter_params
                0x20000184       0x40 ./Core/Src/app_main.o
                0x20000184                app_filter_params
 .bss.current_audio_mode
                0x200001c4        0x1 ./Core/Src/app_main.o
 *fill*         0x200001c5        0x3 
 .bss.Ring_Buffer
                0x200001c8    0x10000 ./Core/Src/audio_stream.o
 .bss.ring_write_ptr
                0x200101c8        0x4 ./Core/Src/audio_stream.o
 .bss.ring_read_ptr
                0x200101cc        0x4 ./Core/Src/audio_stream.o
 .bss.ring_available_bytes
                0x200101d0        0x4 ./Core/Src/audio_stream.o
 .bss.Audio_Tx_Buffer
                0x200101d4      0x300 ./Core/Src/audio_stream.o
                0x200101d4                Audio_Tx_Buffer
 .bss.OutputDev
                0x200104d4        0x1 ./Core/Src/cs43l22.o
                0x200104d4                OutputDev
 *fill*         0x200104d5        0x3 
 .bss.current_params
                0x200104d8       0x40 ./Core/Src/filter.o
 .bss.carrier_phase
                0x20010518        0x4 ./Core/Src/filter.o
 .bss.carrier_increment
                0x2001051c        0x4 ./Core/Src/filter.o
 .bss.lpf_prev_out_L
                0x20010520        0x4 ./Core/Src/filter.o
 .bss.lpf_prev_out_R
                0x20010524        0x4 ./Core/Src/filter.o
 .bss.hpf_prev_in_L
                0x20010528        0x4 ./Core/Src/filter.o
 .bss.hpf_prev_in_R
                0x2001052c        0x4 ./Core/Src/filter.o
 .bss.hpf_prev_out_L
                0x20010530        0x4 ./Core/Src/filter.o
 .bss.hpf_prev_out_R
                0x20010534        0x4 ./Core/Src/filter.o
 .bss.hpf_alpha
                0x20010538        0x4 ./Core/Src/filter.o
 .bss.env_level_L
                0x2001053c        0x4 ./Core/Src/filter.o
 .bss.env_level_R
                0x20010540        0x4 ./Core/Src/filter.o
 .bss.svf_low_L
                0x20010544        0x4 ./Core/Src/filter.o
 .bss.svf_band_L
                0x20010548        0x4 ./Core/Src/filter.o
 .bss.svf_low_R
                0x2001054c        0x4 ./Core/Src/filter.o
 .bss.svf_band_R
                0x20010550        0x4 ./Core/Src/filter.o
 .bss.crush_hold_L
                0x20010554        0x4 ./Core/Src/filter.o
 .bss.crush_hold_R
                0x20010558        0x4 ./Core/Src/filter.o
 .bss.crush_counter
                0x2001055c        0x4 ./Core/Src/filter.o
 .bss.delay_line
                0x20010560     0x8000 ./Core/Src/filter.o
 .bss.delay_head
                0x20018560        0x4 ./Core/Src/filter.o
 .bss.bc_holdL  0x20018564        0x4 ./Core/Src/filter.o
 .bss.bc_holdR  0x20018568        0x4 ./Core/Src/filter.o
 .bss.bc_cnt    0x2001856c        0x4 ./Core/Src/filter.o
 .bss.bc_lpf_L  0x20018570        0x4 ./Core/Src/filter.o
 .bss.bc_lpf_R  0x20018574        0x4 ./Core/Src/filter.o
 .bss.hadc1     0x20018578       0x48 ./Core/Src/main.o
                0x20018578                hadc1
 .bss.hadc2     0x200185c0       0x48 ./Core/Src/main.o
                0x200185c0                hadc2
 .bss.hi2c1     0x20018608       0x54 ./Core/Src/main.o
                0x20018608                hi2c1
 .bss.hi2s3     0x2001865c       0x48 ./Core/Src/main.o
                0x2001865c                hi2s3
 .bss.hdma_spi3_tx
                0x200186a4       0x60 ./Core/Src/main.o
                0x200186a4                hdma_spi3_tx
 .bss.hspi1     0x20018704       0x58 ./Core/Src/main.o
                0x20018704                hspi1
 .bss.I2cHandle
                0x2001875c       0x54 ./Core/Src/stm32f4_discovery.o
 .bss.pAudioDrv
                0x200187b0        0x4 ./Core/Src/stm32f4_discovery_audio.o
 .bss.hAudioOutI2s
                0x200187b4       0x48 ./Core/Src/stm32f4_discovery_audio.o
                0x200187b4                hAudioOutI2s
 .bss.hdma_i2sTx.1
                0x200187fc       0x60 ./Core/Src/stm32f4_discovery_audio.o
 .bss.uwTick    0x2001885c        0x4 ./Drivers/STM32F4xx_HAL_Driver/Src/stm32f4xx_hal.o
                0x2001885c                uwTick
 .bss.cfgidx.0  0x20018860        0x1 ./Middlewares/ST/STM32_USB_Device_Library/Core/Src/usbd_ctlreq.o
 *fill*         0x20018861        0x3 
 .bss.hUsbDeviceFS
                0x20018864      0x2dc ./USB_DEVICE/App/usb_device.o
                0x20018864                hUsbDeviceFS
 .bss.current_audio_state
                0x20018b40        0x1 ./USB_DEVICE/App/usbd_audio_if.o
 *fill*         0x20018b41        0x3 
 .bss.USBD_StrDesc
                0x20018b44      0x200 ./USB_DEVICE/App/usbd_desc.o
                0x20018b44                USBD_StrDesc
 .bss.hpcd_USB_OTG_FS
                0x20018d44      0x4e4 ./USB_DEVICE/Target/usbd_conf.o
                0x20018d44                hpcd_USB_OTG_FS
 .bss.mem.0     0x20019228     0x3c54 ./USB_DEVICE/Target/usbd_conf.o
 *(COMMON)
                0x2001ce7c                        . = ALIGN (0x4)
                0x2001ce7c                        _ebss = .
                0x2001ce7c                        __bss_end__ = _ebss

._user_heap_stack
                0x2001ce7c     0x2004
                0x2001ce80                        . = ALIGN (0x8)
 *fill*         0x2001ce7c        0x4 
                [!provide]                        PROVIDE (end = .)
                0x2001ce80                        PROVIDE (_end = .)
                0x2001de80                        . = (. + _Min_Heap_Size)
 *fill*         0x2001ce80     0x1000 
                0x2001ee80                        . = (. + _Min_Stack_Size)
 *fill*         0x2001de80     0x1000 
                0x2001ee80                        . = ALIGN (0x8)

/DISCARD/
 libc.a(*)
 libm.a(*)
 libgcc.a(*)

.ARM.attributes
                0x00000000       0x30
 *(.ARM.attributes)
 .ARM.attributes
                0x00000000       0x22 C:/ST/STM32CubeIDE_1.18.0/STM32CubeIDE/plugins/com.st.stm32cube.ide.mcu.externaltools.gnu-tools-for-stm32.13.3.rel1.win32_1.0.0.202411081344/tools/bin/../lib/gcc/arm-none-eabi/13.3.1/thumb/v7e-m+fp/hard/crti.o
 .ARM.attributes
                0x00000022       0x34 C:/ST/STM32CubeIDE_1.18.0/STM32CubeIDE/plugins/com.st.stm32cube.ide.mcu.externaltools.gnu-tools-for-stm32.13.3.rel1.win32_1.0.0.202411081344/tools/bin/../lib/gcc/arm-none-eabi/13.3.1/thumb/v7e-m+fp/hard/crtbegin.o
 .ARM.attributes
                0x00000056       0x34 ./Core/Src/app_main.o
 .ARM.attributes
                0x0000008a       0x34 ./Core/Src/audio_stream.o
 .ARM.attributes
                0x000000be       0x34 ./Core/Src/cs43l22.o
 .ARM.attributes
                0x000000f2       0x34 ./Core/Src/filter.o
 .ARM.attributes
                0x00000126       0x34 ./Core/Src/main.o
 .ARM.attributes
                0x0000015a       0x34 ./Core/Src/stm32f4_discovery.o
 .ARM.attributes
                0x0000018e       0x34 ./Core/Src/stm32f4_discovery_audio.o
 .ARM.attributes
                0x000001c2       0x34 ./Core/Src/stm32f4xx_hal_adc.o
 .ARM.attributes
                0x000001f6       0x34 ./Core/Src/stm32f4xx_hal_msp.o
 .ARM.attributes
                0x0000022a       0x34 ./Core/Src/stm32f4xx_it.o
 .ARM.attributes
                0x0000025e       0x34 ./Core/Src/system_stm32f4xx.o
 .ARM.attributes
                0x00000292       0x21 ./Core/Startup/startup_stm32f407vgtx.o
 .ARM.attributes
                0x000002b3       0x34 ./Drivers/STM32F4xx_HAL_Driver/Src/stm32f4xx_hal.o
 .ARM.attributes
                0x000002e7       0x34 ./Drivers/STM32F4xx_HAL_Driver/Src/stm32f4xx_hal_cortex.o
 .ARM.attributes
                0x0000031b       0x34 ./Drivers/STM32F4xx_HAL_Driver/Src/stm32f4xx_hal_dma.o
 .ARM.attributes
                0x0000034f       0x34 ./Drivers/STM32F4xx_HAL_Driver/Src/stm32f4xx_hal_gpio.o
 .ARM.attributes
                0x00000383       0x34 ./Drivers/STM32F4xx_HAL_Driver/Src/stm32f4xx_hal_i2c.o
 .ARM.attributes
                0x000003b7       0x34 ./Drivers/STM32F4xx_HAL_Driver/Src/stm32f4xx_hal_i2s.o
 .ARM.attributes
                0x000003eb       0x34 ./Drivers/STM32F4xx_HAL_Driver/Src/stm32f4xx_hal_i2s_ex.o
 .ARM.attributes
                0x0000041f       0x34 ./Drivers/STM32F4xx_HAL_Driver/Src/stm32f4xx_hal_pcd.o
 .ARM.attributes
                0x00000453       0x34 ./Drivers/STM32F4xx_HAL_Driver/Src/stm32f4xx_hal_pcd_ex.o
 .ARM.attributes
                0x00000487       0x34 ./Drivers/STM32F4xx_HAL_Driver/Src/stm32f4xx_hal_rcc.o
 .ARM.attributes
                0x000004bb       0x34 ./Drivers/STM32F4xx_HAL_Driver/Src/stm32f4xx_hal_rcc_ex.o
 .ARM.attributes
                0x000004ef       0x34 ./Drivers/STM32F4xx_HAL_Driver/Src/stm32f4xx_hal_spi.o
 .ARM.attributes
                0x00000523       0x34 ./Drivers/STM32F4xx_HAL_Driver/Src/stm32f4xx_ll_usb.o
 .ARM.attributes
                0x00000557       0x34 ./Middlewares/ST/STM32_USB_Device_Library/Class/AUDIO/Src/usbd_audio.o
 .ARM.attributes
                0x0000058b       0x34 ./Middlewares/ST/STM32_USB_Device_Library/Core/Src/usbd_core.o
 .ARM.attributes
                0x000005bf       0x34 ./Middlewares/ST/STM32_USB_Device_Library/Core/Src/usbd_ctlreq.o
 .ARM.attributes
                0x000005f3       0x34 ./Middlewares/ST/STM32_USB_Device_Library/Core/Src/usbd_ioreq.o
 .ARM.attributes
                0x00000627       0x34 ./USB_DEVICE/App/usb_device.o
 .ARM.attributes
                0x0000065b       0x34 ./USB_DEVICE/App/usbd_audio_if.o
 .ARM.attributes
                0x0000068f       0x34 ./USB_DEVICE/App/usbd_desc.o
 .ARM.attributes
                0x000006c3       0x34 ./USB_DEVICE/Target/usbd_conf.o
 .ARM.attributes
                0x000006f7       0x34 C:/ST/STM32CubeIDE_1.18.0/STM32CubeIDE/plugins/com.st.stm32cube.ide.mcu.externaltools.gnu-tools-for-stm32.13.3.rel1.win32_1.0.0.202411081344/tools/bin/../lib/gcc/arm-none-eabi/13.3.1/../../../../arm-none-eabi/lib/thumb/v7e-m+fp/hard\libc_nano.a(libc_a-memset.o)
 .ARM.attributes
                0x0000072b       0x34 C:/ST/STM32CubeIDE_1.18.0/STM32CubeIDE/plugins/com.st.stm32cube.ide.mcu.externaltools.gnu-tools-for-stm32.13.3.rel1.win32_1.0.0.202411081344/tools/bin/../lib/gcc/arm-none-eabi/13.3.1/../../../../arm-none-eabi/lib/thumb/v7e-m+fp/hard\libc_nano.a(libc_a-init.o)
 .ARM.attributes
                0x0000075f       0x34 C:/ST/STM32CubeIDE_1.18.0/STM32CubeIDE/plugins/com.st.stm32cube.ide.mcu.externaltools.gnu-tools-for-stm32.13.3.rel1.win32_1.0.0.202411081344/tools/bin/../lib/gcc/arm-none-eabi/13.3.1/../../../../arm-none-eabi/lib/thumb/v7e-m+fp/hard\libm.a(libm_a-sf_sin.o)
 .ARM.attributes
                0x00000793       0x34 C:/ST/STM32CubeIDE_1.18.0/STM32CubeIDE/plugins/com.st.stm32cube.ide.mcu.externaltools.gnu-tools-for-stm32.13.3.rel1.win32_1.0.0.202411081344/tools/bin/../lib/gcc/arm-none-eabi/13.3.1/../../../../arm-none-eabi/lib/thumb/v7e-m+fp/hard\libm.a(libm_a-kf_cos.o)
 .ARM.attributes
                0x000007c7       0x34 C:/ST/STM32CubeIDE_1.18.0/STM32CubeIDE/plugins/com.st.stm32cube.ide.mcu.externaltools.gnu-tools-for-stm32.13.3.rel1.win32_1.0.0.202411081344/tools/bin/../lib/gcc/arm-none-eabi/13.3.1/../../../../arm-none-eabi/lib/thumb/v7e-m+fp/hard\libm.a(libm_a-kf_sin.o)
 .ARM.attributes
                0x000007fb       0x34 C:/ST/STM32CubeIDE_1.18.0/STM32CubeIDE/plugins/com.st.stm32cube.ide.mcu.externaltools.gnu-tools-for-stm32.13.3.rel1.win32_1.0.0.202411081344/tools/bin/../lib/gcc/arm-none-eabi/13.3.1/../../../../arm-none-eabi/lib/thumb/v7e-m+fp/hard\libm.a(libm_a-ef_rem_pio2.o)
 .ARM.attributes
                0x0000082f       0x34 C:/ST/STM32CubeIDE_1.18.0/STM32CubeIDE/plugins/com.st.stm32cube.ide.mcu.externaltools.gnu-tools-for-stm32.13.3.rel1.win32_1.0.0.202411081344/tools/bin/../lib/gcc/arm-none-eabi/13.3.1/../../../../arm-none-eabi/lib/thumb/v7e-m+fp/hard\libm.a(libm_a-sf_fabs.o)
 .ARM.attributes
                0x00000863       0x34 C:/ST/STM32CubeIDE_1.18.0/STM32CubeIDE/plugins/com.st.stm32cube.ide.mcu.externaltools.gnu-tools-for-stm32.13.3.rel1.win32_1.0.0.202411081344/tools/bin/../lib/gcc/arm-none-eabi/13.3.1/../../../../arm-none-eabi/lib/thumb/v7e-m+fp/hard\libm.a(libm_a-kf_rem_pio2.o)
 .ARM.attributes
                0x00000897       0x34 C:/ST/STM32CubeIDE_1.18.0/STM32CubeIDE/plugins/com.st.stm32cube.ide.mcu.externaltools.gnu-tools-for-stm32.13.3.rel1.win32_1.0.0.202411081344/tools/bin/../lib/gcc/arm-none-eabi/13.3.1/../../../../arm-none-eabi/lib/thumb/v7e-m+fp/hard\libm.a(libm_a-sf_scalbn.o)
 .ARM.attributes
                0x000008cb       0x34 C:/ST/STM32CubeIDE_1.18.0/STM32CubeIDE/plugins/com.st.stm32cube.ide.mcu.externaltools.gnu-tools-for-stm32.13.3.rel1.win32_1.0.0.202411081344/tools/bin/../lib/gcc/arm-none-eabi/13.3.1/../../../../arm-none-eabi/lib/thumb/v7e-m+fp/hard\libm.a(libm_a-sf_floor.o)
 .ARM.attributes
                0x000008ff       0x22 C:/ST/STM32CubeIDE_1.18.0/STM32CubeIDE/plugins/com.st.stm32cube.ide.mcu.externaltools.gnu-tools-for-stm32.13.3.rel1.win32_1.0.0.202411081344/tools/bin/../lib/gcc/arm-none-eabi/13.3.1/thumb/v7e-m+fp/hard\libgcc.a(_aeabi_uldivmod.o)
 .ARM.attributes
                0x00000921       0x34 C:/ST/STM32CubeIDE_1.18.0/STM32CubeIDE/plugins/com.st.stm32cube.ide.mcu.externaltools.gnu-tools-for-stm32.13.3.rel1.win32_1.0.0.202411081344/tools/bin/../lib/gcc/arm-none-eabi/13.3.1/thumb/v7e-m+fp/hard\libgcc.a(_udivmoddi4.o)
 .ARM.attributes
                0x00000955       0x22 C:/ST/STM32CubeIDE_1.18.0/STM32CubeIDE/plugins/com.st.stm32cube.ide.mcu.externaltools.gnu-tools-for-stm32.13.3.rel1.win32_1.0.0.202411081344/tools/bin/../lib/gcc/arm-none-eabi/13.3.1/thumb/v7e-m+fp/hard\libgcc.a(_dvmd_tls.o)
 .ARM.attributes
                0x00000977       0x22 C:/ST/STM32CubeIDE_1.18.0/STM32CubeIDE/plugins/com.st.stm32cube.ide.mcu.externaltools.gnu-tools-for-stm32.13.3.rel1.win32_1.0.0.202411081344/tools/bin/../lib/gcc/arm-none-eabi/13.3.1/thumb/v7e-m+fp/hard/crtn.o
OUTPUT(USB_OTG_FS_Deneme.elf elf32-littlearm)
LOAD linker stubs
LOAD C:/ST/STM32CubeIDE_1.18.0/STM32CubeIDE/plugins/com.st.stm32cube.ide.mcu.externaltools.gnu-tools-for-stm32.13.3.rel1.win32_1.0.0.202411081344/tools/bin/../lib/gcc/arm-none-eabi/13.3.1/../../../../arm-none-eabi/lib/thumb/v7e-m+fp/hard\libc.a
LOAD C:/ST/STM32CubeIDE_1.18.0/STM32CubeIDE/plugins/com.st.stm32cube.ide.mcu.externaltools.gnu-tools-for-stm32.13.3.rel1.win32_1.0.0.202411081344/tools/bin/../lib/gcc/arm-none-eabi/13.3.1/../../../../arm-none-eabi/lib/thumb/v7e-m+fp/hard\libm.a
LOAD C:/ST/STM32CubeIDE_1.18.0/STM32CubeIDE/plugins/com.st.stm32cube.ide.mcu.externaltools.gnu-tools-for-stm32.13.3.rel1.win32_1.0.0.202411081344/tools/bin/../lib/gcc/arm-none-eabi/13.3.1/thumb/v7e-m+fp/hard\libgcc.a

.debug_info     0x00000000    0x1a9d1
 .debug_info    0x00000000      0x3df ./Core/Src/app_main.o
 .debug_info    0x000003df      0x864 ./Core/Src/audio_stream.o
 .debug_info    0x00000c43      0x5c5 ./Core/Src/cs43l22.o
 .debug_info    0x00001208      0x7c7 ./Core/Src/filter.o
 .debug_info    0x000019cf     0x1709 ./Core/Src/main.o
 .debug_info    0x000030d8     0x15d2 ./Core/Src/stm32f4_discovery.o
 .debug_info    0x000046aa     0x183a ./Core/Src/stm32f4_discovery_audio.o
 .debug_info    0x00005ee4      0xce3 ./Core/Src/stm32f4xx_hal_adc.o
 .debug_info    0x00006bc7     0x15d4 ./Core/Src/stm32f4xx_hal_msp.o
 .debug_info    0x0000819b      0xb15 ./Core/Src/stm32f4xx_it.o
 .debug_info    0x00008cb0      0x512 ./Core/Src/system_stm32f4xx.o
 .debug_info    0x000091c2       0x30 ./Core/Startup/startup_stm32f407vgtx.o
 .debug_info    0x000091f2      0x944 ./Drivers/STM32F4xx_HAL_Driver/Src/stm32f4xx_hal.o
 .debug_info    0x00009b36      0xd8c ./Drivers/STM32F4xx_HAL_Driver/Src/stm32f4xx_hal_cortex.o
 .debug_info    0x0000a8c2      0x8e7 ./Drivers/STM32F4xx_HAL_Driver/Src/stm32f4xx_hal_dma.o
 .debug_info    0x0000b1a9      0x6c3 ./Drivers/STM32F4xx_HAL_Driver/Src/stm32f4xx_hal_gpio.o
 .debug_info    0x0000b86c     0x2415 ./Drivers/STM32F4xx_HAL_Driver/Src/stm32f4xx_hal_i2c.o
 .debug_info    0x0000dc81      0xe02 ./Drivers/STM32F4xx_HAL_Driver/Src/stm32f4xx_hal_i2s.o
 .debug_info    0x0000ea83      0xaae ./Drivers/STM32F4xx_HAL_Driver/Src/stm32f4xx_hal_i2s_ex.o
 .debug_info    0x0000f531     0x156f ./Drivers/STM32F4xx_HAL_Driver/Src/stm32f4xx_hal_pcd.o
 .debug_info    0x00010aa0      0x6ea ./Drivers/STM32F4xx_HAL_Driver/Src/stm32f4xx_hal_pcd_ex.o
 .debug_info    0x0001118a      0x8c3 ./Drivers/STM32F4xx_HAL_Driver/Src/stm32f4xx_hal_rcc.o
 .debug_info    0x00011a4d      0x536 ./Drivers/STM32F4xx_HAL_Driver/Src/stm32f4xx_hal_rcc_ex.o
 .debug_info    0x00011f83     0x1525 ./Drivers/STM32F4xx_HAL_Driver/Src/stm32f4xx_hal_spi.o
 .debug_info    0x000134a8     0x1993 ./Drivers/STM32F4xx_HAL_Driver/Src/stm32f4xx_ll_usb.o
 .debug_info    0x00014e3b      0xe98 ./Middlewares/ST/STM32_USB_Device_Library/Class/AUDIO/Src/usbd_audio.o
 .debug_info    0x00015cd3      0xe12 ./Middlewares/ST/STM32_USB_Device_Library/Core/Src/usbd_core.o
 .debug_info    0x00016ae5      0xaeb ./Middlewares/ST/STM32_USB_Device_Library/Core/Src/usbd_ctlreq.o
 .debug_info    0x000175d0      0x762 ./Middlewares/ST/STM32_USB_Device_Library/Core/Src/usbd_ioreq.o
 .debug_info    0x00017d32      0x739 ./USB_DEVICE/App/usb_device.o
 .debug_info    0x0001846b      0x494 ./USB_DEVICE/App/usbd_audio_if.o
 .debug_info    0x000188ff      0x458 ./USB_DEVICE/App/usbd_desc.o
 .debug_info    0x00018d57     0x1c7a ./USB_DEVICE/Target/usbd_conf.o

.debug_abbrev   0x00000000     0x4a36
 .debug_abbrev  0x00000000      0x1d1 ./Core/Src/app_main.o
 .debug_abbrev  0x000001d1      0x29f ./Core/Src/audio_stream.o
 .debug_abbrev  0x00000470      0x203 ./Core/Src/cs43l22.o
 .debug_abbrev  0x00000673      0x15c ./Core/Src/filter.o
 .debug_abbrev  0x000007cf      0x2dc ./Core/Src/main.o
 .debug_abbrev  0x00000aab      0x2fa ./Core/Src/stm32f4_discovery.o
 .debug_abbrev  0x00000da5      0x35c ./Core/Src/stm32f4_discovery_audio.o
 .debug_abbrev  0x00001101      0x252 ./Core/Src/stm32f4xx_hal_adc.o
 .debug_abbrev  0x00001353      0x247 ./Core/Src/stm32f4xx_hal_msp.o
 .debug_abbrev  0x0000159a      0x1d5 ./Core/Src/stm32f4xx_it.o
 .debug_abbrev  0x0000176f      0x11a ./Core/Src/system_stm32f4xx.o
 .debug_abbrev  0x00001889       0x24 ./Core/Startup/startup_stm32f407vgtx.o