Archive member included to satisfy reference by file (symbol)

C:/ST/STM32CubeIDE_2.0.0/STM32CubeIDE/plugins/com.st.stm32cube.ide.mcu.externaltools.gnu-tools-for-stm32.13.3.rel1.win32_1.0.100.202509120712/tools/bin/../lib/gcc/arm-none-eabi/13.3.1/../../../../arm-none-eabi/lib/thumb/v7e-m+fp/hard\libc_nano.a(libc_a-exit.o)
                              C:/ST/STM32CubeIDE_2.0.0/STM32CubeIDE/plugins/com.st.stm32cube.ide.mcu.externaltools.gnu-tools-for-stm32.13.3.rel1.win32_1.0.100.202509120712/tools/bin/../lib/gcc/arm-none-eabi/13.3.1/../../../../arm-none-eabi/lib/thumb/v7e-m+fp/hard/crt0.o (exit)
C:/ST/STM32CubeIDE_2.0.0/STM32CubeIDE/plugins/com.st.stm32cube.ide.mcu.externaltools.gnu-tools-for-stm32.13.3.rel1.win32_1.0.100.202509120712/tools/bin/../lib/gcc/arm-none-eabi/13.3.1/../../../../arm-none-eabi/lib/thumb/v7e-m+fp/hard\libc_nano.a(libc_a-findfp.o)
                              C:/ST/STM32CubeIDE_2.0.0/STM32CubeIDE/plugins/com.st.stm32cube.ide.mcu.externaltools.gnu-tools-for-stm32.13.3.rel1.win32_1.0.100.202509120712/tools/bin/../lib/gcc/arm-none-eabi/13.3.1/../../../../arm-none-eabi/lib/thumb/v7e-m+fp/hard\libc_nano.a(libc_a-exit.o) (__stdio_exit_handler)
C:/ST/STM32CubeIDE_2.0.0/STM32CubeIDE/plugins/com.st.stm32cube.ide.mcu.externaltools.gnu-tools-for-stm32.13.3.rel1.win32_1.0.100.202509120712/tools/bin/../lib/gcc/arm-none-eabi/13.3.1/../../../../arm-none-eabi/lib/thumb/v7e-m+fp/hard\libc_nano.a(libc_a-fwalk.o)
                              C:/ST/STM32CubeIDE_2.0.0/STM32CubeIDE/plugins/com.st.stm32cube.ide.mcu.externaltools.gnu-tools-for-stm32.13.3.rel1.win32_1.0.100.202509120712/tools/bin/../lib/gcc/arm-none-eabi/13.3.1/../../../../arm-none-eabi/lib/thumb/v7e-m+fp/hard\libc_nano.a(libc_a-findfp.o) (_fwalk_sglue)
C:/ST/STM32CubeIDE_2.0.0/STM32CubeIDE/plugins/com.st.stm32cube.ide.mcu.externaltools.gnu-tools-for-stm32.13.3.rel1.win32_1.0.100.202509120712/tools/bin/../lib/gcc/arm-none-eabi/13.3.1/../../../../arm-none-eabi/lib/thumb/v7e-m+fp/hard\libc_nano.a(libc_a-stdio.o)
                              C:/ST/STM32CubeIDE_2.0.0/STM32CubeIDE/plugins/com.st.stm32cube.ide.mcu.externaltools.gnu-tools-for-stm32.13.3.rel1.win32_1.0.100.202509120712/tools/bin/../lib/gcc/arm-none-eabi/13.3.1/../../../../arm-none-eabi/lib/thumb/v7e-m+fp/hard\libc_nano.a(libc_a-findfp.o) (__sread)
C:/ST/STM32CubeIDE_2.0.0/STM32CubeIDE/plugins/com.st.stm32cube.ide.mcu.externaltools.gnu-tools-for-stm32.13.3.rel1.win32_1.0.100.202509120712/tools/bin/../lib/gcc/arm-none-eabi/13.3.1/../../../../arm-none-eabi/lib/thumb/v7e-m+fp/hard\libc_nano.a(libc_a-memset.o)
                              C:/ST/STM32CubeIDE_2.0.0/STM32CubeIDE/plugins/com.st.stm32cube.ide.mcu.externaltools.gnu-tools-for-stm32.13.3.rel1.win32_1.0.100.202509120712/tools/bin/../lib/gcc/arm-none-eabi/13.3.1/../../../../arm-none-eabi/lib/thumb/v7e-m+fp/hard/crt0.o (memset)
C:/ST/STM32CubeIDE_2.0.0/STM32CubeIDE/plugins/com.st.stm32cube.ide.mcu.externaltools.gnu-tools-for-stm32.13.3.rel1.win32_1.0.100.202509120712/tools/bin/../lib/gcc/arm-none-eabi/13.3.1/../../../../arm-none-eabi/lib/thumb/v7e-m+fp/hard\libc_nano.a(libc_a-closer.o)
                              C:/ST/STM32CubeIDE_2.0.0/STM32CubeIDE/plugins/com.st.stm32cube.ide.mcu.externaltools.gnu-tools-for-stm32.13.3.rel1.win32_1.0.100.202509120712/tools/bin/../lib/gcc/arm-none-eabi/13.3.1/../../../../arm-none-eabi/lib/thumb/v7e-m+fp/hard\libc_nano.a(libc_a-stdio.o) (_close_r)
C:/ST/STM32CubeIDE_2.0.0/STM32CubeIDE/plugins/com.st.stm32cube.ide.mcu.externaltools.gnu-tools-for-stm32.13.3.rel1.win32_1.0.100.202509120712/tools/bin/../lib/gcc/arm-none-eabi/13.3.1/../../../../arm-none-eabi/lib/thumb/v7e-m+fp/hard\libc_nano.a(libc_a-reent.o)
                              C:/ST/STM32CubeIDE_2.0.0/STM32CubeIDE/plugins/com.st.stm32cube.ide.mcu.externaltools.gnu-tools-for-stm32.13.3.rel1.win32_1.0.100.202509120712/tools/bin/../lib/gcc/arm-none-eabi/13.3.1/../../../../arm-none-eabi/lib/thumb/v7e-m+fp/hard\libc_nano.a(libc_a-closer.o) (errno)
C:/ST/STM32CubeIDE_2.0.0/STM32CubeIDE/plugins/com.st.stm32cube.ide.mcu.externaltools.gnu-tools-for-stm32.13.3.rel1.win32_1.0.100.202509120712/tools/bin/../lib/gcc/arm-none-eabi/13.3.1/../../../../arm-none-eabi/lib/thumb/v7e-m+fp/hard\libc_nano.a(libc_a-impure.o)
                              C:/ST/STM32CubeIDE_2.0.0/STM32CubeIDE/plugins/com.st.stm32cube.ide.mcu.externaltools.gnu-tools-for-stm32.13.3.rel1.win32_1.0.100.202509120712/tools/bin/../lib/gcc/arm-none-eabi/13.3.1/../../../../arm-none-eabi/lib/thumb/v7e-m+fp/hard\libc_nano.a(libc_a-reent.o) (_impure_ptr)
C:/ST/STM32CubeIDE_2.0.0/STM32CubeIDE/plugins/com.st.stm32cube.ide.mcu.externaltools.gnu-tools-for-stm32.13.3.rel1.win32_1.0.100.202509120712/tools/bin/../lib/gcc/arm-none-eabi/13.3.1/../../../../arm-none-eabi/lib/thumb/v7e-m+fp/hard\libc_nano.a(libc_a-lseekr.o)
[...]
Memory Configuration

Name             Origin             Length             Attributes
CCMRAM           0x10000000         0x00010000         xrw
RAM              0x20000000         0x00020000         xrw
FLASH            0x08000000         0x00100000         xr
*default*        0x00000000         0xffffffff

Linker script and memory map

LOAD C:/ST/STM32CubeIDE_2.0.0/STM32CubeIDE/plugins/com.st.stm32cube.ide.mcu.externaltools.gnu-tools-for-stm32.13.3.rel1.win32_1.0.100.202509120712/tools/bin/../lib/gcc/arm-none-eabi/13.3.1/thumb/v7e-m+fp/hard/crti.o
LOAD C:/ST/STM32CubeIDE_2.0.0/STM32CubeIDE/plugins/com.st.stm32cube.ide.mcu.externaltools.gnu-tools-for-stm32.13.3.rel1.win32_1.0.100.202509120712/tools/bin/../lib/gcc/arm-none-eabi/13.3.1/thumb/v7e-m+fp/hard/crtbegin.o
LOAD C:/ST/STM32CubeIDE_2.0.0/STM32CubeIDE/plugins/com.st.stm32cube.ide.mcu.externaltools.gnu-tools-for-stm32.13.3.rel1.win32_1.0.100.202509120712/tools/bin/../lib/gcc/arm-none-eabi/13.3.1/../../../../arm-none-eabi/lib/thumb/v7e-m+fp/hard/crt0.o
LOAD ./Core/Src/Filter.o
LOAD ./Core/Src/app_main.o
LOAD ./Core/Src/cs43l22.o
LOAD ./Core/Src/main.o
LOAD ./Core/Src/stm32f4_discovery.o
LOAD ./Core/Src/stm32f4_discovery_audio.o
LOAD ./Core/Src/stm32f4xx_hal_adc.o
LOAD ./Core/Src/stm32f4xx_hal_adc_ex.o
LOAD ./Core/Src/stm32f4xx_hal_msp.o
LOAD ./Core/Src/stm32f4xx_it.o
LOAD ./Core/Src/syscalls.o
LOAD ./Core/Src/sysmem.o
LOAD ./Core/Src/system_stm32f4xx.o
LOAD ./Core/Startup/startup_stm32f407vgtx.o
LOAD ./Drivers/STM32F4xx_HAL_Driver/Src/stm32f4xx_hal.o
LOAD ./Drivers/STM32F4xx_HAL_Driver/Src/stm32f4xx_hal_cortex.o
LOAD ./Drivers/STM32F4xx_HAL_Driver/Src/stm32f4xx_hal_dma.o
LOAD ./Drivers/STM32F4xx_HAL_Driver/Src/stm32f4xx_hal_dma_ex.o
LOAD ./Drivers/STM32F4xx_HAL_Driver/Src/stm32f4xx_hal_exti.o
LOAD ./Drivers/STM32F4xx_HAL_Driver/Src/stm32f4xx_hal_flash.o
LOAD ./Drivers/STM32F4xx_HAL_Driver/Src/stm32f4xx_hal_flash_ex.o
LOAD ./Drivers/STM32F4xx_HAL_Driver/Src/stm32f4xx_hal_flash_ramfunc.o
LOAD ./Drivers/STM32F4xx_HAL_Driver/Src/stm32f4xx_hal_gpio.o
LOAD ./Drivers/STM32F4xx_HAL_Driver/Src/stm32f4xx_hal_i2c.o
LOAD ./Drivers/STM32F4xx_HAL_Driver/Src/stm32f4xx_hal_i2c_ex.o
LOAD ./Drivers/STM32F4xx_HAL_Driver/Src/stm32f4xx_hal_i2s.o
LOAD ./Drivers/STM32F4xx_HAL_Driver/Src/stm32f4xx_hal_i2s_ex.o
LOAD ./Drivers/STM32F4xx_HAL_Driver/Src/stm32f4xx_hal_pcd.o
LOAD ./Drivers/STM32F4xx_HAL_Driver/Src/stm32f4xx_hal_pcd_ex.o
LOAD ./Drivers/STM32F4xx_HAL_Driver/Src/stm32f4xx_hal_pwr.o
LOAD ./Drivers/STM32F4xx_HAL_Driver/Src/stm32f4xx_hal_pwr_ex.o
LOAD ./Drivers/STM32F4xx_HAL_Driver/Src/stm32f4xx_hal_rcc.o
LOAD ./Drivers/STM32F4xx_HAL_Driver/Src/stm32f4xx_hal_rcc_ex.o
LOAD ./Drivers/STM32F4xx_HAL_Driver/Src/stm32f4xx_hal_spi.o
LOAD ./Drivers/STM32F4xx_HAL_Driver/Src/stm32f4xx_ll_usb.o
LOAD ./Middlewares/ST/STM32_USB_Device_Library/Class/AUDIO/Src/usbd_audio.o
LOAD ./Middlewares/ST/STM32_USB_Device_Library/Core/Src/usbd_core.o
LOAD ./Middlewares/ST/STM32_USB_Device_Library/Core/Src/usbd_ctlreq.o
LOAD ./Middlewares/ST/STM32_USB_Device_Library/Core/Src/usbd_ioreq.o
LOAD ./USB_DEVICE/App/usb_device.o
LOAD ./USB_DEVICE/App/usbd_audio_if.o
LOAD ./USB_DEVICE/App/usbd_desc.o
LOAD ./USB_DEVICE/Target/usbd_conf.o
START GROUP
LOAD C:/ST/STM32CubeIDE_2.0.0/STM32CubeIDE/plugins/com.st.stm32cube.ide.mcu.externaltools.gnu-tools-for-stm32.13.3.rel1.win32_1.0.100.202509120712/tools/bin/../lib/gcc/arm-none-eabi/13.3.1/../../../../arm-none-eabi/lib/thumb/v7e-m+fp/hard\libc_nano.a
LOAD C:/ST/STM32CubeIDE_2.0.0/STM32CubeIDE/plugins/com.st.stm32cube.ide.mcu.externaltools.gnu-tools-for-stm32.13.3.rel1.win32_1.0.100.202509120712/tools/bin/../lib/gcc/arm-none-eabi/13.3.1/../../../../arm-none-eabi/lib/thumb/v7e-m+fp/hard\libm.a
END GROUP
START GROUP
LOAD C:/ST/STM32CubeIDE_2.0.0/STM32CubeIDE/plugins/com.st.stm32cube.ide.mcu.externaltools.gnu-tools-for-stm32.13.3.rel1.win32_1.0.100.202509120712/tools/bin/../lib/gcc/arm-none-eabi/13.3.1/thumb/v7e-m+fp/hard\libgcc.a
LOAD C:/ST/STM32CubeIDE_2.0.0/STM32CubeIDE/plugins/com.st.stm32cube.ide.mcu.externaltools.gnu-tools-for-stm32.13.3.rel1.win32_1.0.100.202509120712/tools/bin/../lib/gcc/arm-none-eabi/13.3.1/../../../../arm-none-eabi/lib/thumb/v7e-m+fp/hard\libc_nano.a
END GROUP
START GROUP
LOAD C:/ST/STM32CubeIDE_2.0.0/STM32CubeIDE/plugins/com.st.stm32cube.ide.mcu.externaltools.gnu-tools-for-stm32.13.3.rel1.win32_1.0.100.202509120712/tools/bin/../lib/gcc/arm-none-eabi/13.3.1/thumb/v7e-m+fp/hard\libgcc.a
LOAD C:/ST/STM32CubeIDE_2.0.0/STM32CubeIDE/plugins/com.st.stm32cube.ide.mcu.externaltools.gnu-tools-for-stm32.13.3.rel1.win32_1.0.100.202509120712/tools/bin/../lib/gcc/arm-none-eabi/13.3.1/../../../../arm-none-eabi/lib/thumb/v7e-m+fp/hard\libc_nano.a
LOAD C:/ST/STM32CubeIDE_2.0.0/STM32CubeIDE/plugins/com.st.stm32cube.ide.mcu.externaltools.gnu-tools-for-stm32.13.3.rel1.win32_1.0.100.202509120712/tools/bin/../lib/gcc/arm-none-eabi/13.3.1/../../../../arm-none-eabi/lib/thumb/v7e-m+fp/hard\libnosys.a
END GROUP
START GROUP
LOAD C:/ST/STM32CubeIDE_2.0.0/STM32CubeIDE/plugins/com.st.stm32cube.ide.mcu.externaltools.gnu-tools-for-stm32.13.3.rel1.win32_1.0.100.202509120712/tools/bin/../lib/gcc/arm-none-eabi/13.3.1/thumb/v7e-m+fp/hard\libgcc.a
LOAD C:/ST/STM32CubeIDE_2.0.0/STM32CubeIDE/plugins/com.st.stm32cube.ide.mcu.externaltools.gnu-tools-for-stm32.13.3.rel1.win32_1.0.100.202509120712/tools/bin/../lib/gcc/arm-none-eabi/13.3.1/../../../../arm-none-eabi/lib/thumb/v7e-m+fp/hard\libc_nano.a
LOAD C:/ST/STM32CubeIDE_2.0.0/STM32CubeIDE/plugins/com.st.stm32cube.ide.mcu.externaltools.gnu-tools-for-stm32.13.3.rel1.win32_1.0.100.202509120712/tools/bin/../lib/gcc/arm-none-eabi/13.3.1/../../../../arm-none-eabi/lib/thumb/v7e-m+fp/hard\libnosys.a
END GROUP
LOAD C:/ST/STM32CubeIDE_2.0.0/STM32CubeIDE/plugins/com.st.stm32cube.ide.mcu.externaltools.gnu-tools-for-stm32.13.3.rel1.win32_1.0.100.202509120712/tools/bin/../lib/gcc/arm-none-eabi/13.3.1/thumb/v7e-m+fp/hard/crtend.o
LOAD C:/ST/STM32CubeIDE_2.0.0/STM32CubeIDE/plugins/com.st.stm32cube.ide.mcu.externaltools.gnu-tools-for-stm32.13.3.rel1.win32_1.0.100.202509120712/tools/bin/../lib/gcc/arm-none-eabi/13.3.1/thumb/v7e-m+fp/hard/crtn.o
                0x20020000                        _estack = (ORIGIN (RAM) + LENGTH (RAM))
                0x00001000                        _Min_Heap_Size = 0x1000
                0x00001000                        _Min_Stack_Size = 0x1000

.isr_vector     0x08000000      0x188
                0x08000000                        . = ALIGN (0x4)
 *(.isr_vector)
 .isr_vector    0x08000000      0x188 ./Core/Startup/startup_stm32f407vgtx.o
                0x08000000                g_pfnVectors
                0x08000188                        . = ALIGN (0x4)

.text           0x08000188     0xcba8
                0x08000188                        . = ALIGN (0x4)
 *(.text)
 .text          0x08000188       0x40 C:/ST/STM32CubeIDE_2.0.0/STM32CubeIDE/plugins/com.st.stm32cube.ide.mcu.externaltools.gnu-tools-for-stm32.13.3.rel1.win32_1.0.100.202509120712/tools/bin/../lib/gcc/arm-none-eabi/13.3.1/thumb/v7e-m+fp/hard/crtbegin.o
 .text          0x080001c8      0x378 C:/ST/STM32CubeIDE_2.0.0/STM32CubeIDE/plugins/com.st.stm32cube.ide.mcu.externaltools.gnu-tools-for-stm32.13.3.rel1.win32_1.0.100.202509120712/tools/bin/../lib/gcc/arm-none-eabi/13.3.1/thumb/v7e-m+fp/hard\libgcc.a(_arm_addsubdf3.o)
                0x080001c8                __aeabi_drsub
                0x080001d0                __aeabi_dsub
                0x080001d0                __subdf3
                0x080001d4                __aeabi_dadd
                0x080001d4                __adddf3
                0x0800044c                __floatunsidf
                0x0800044c                __aeabi_ui2d
                0x0800046c                __floatsidf
                0x0800046c                __aeabi_i2d
                0x08000490                __aeabi_f2d
                0x08000490                __extendsfdf2
                0x080004d4                __floatundidf
                0x080004d4                __aeabi_ul2d
                0x080004e4                __floatdidf
                0x080004e4                __aeabi_l2d
 .text          0x08000540      0x424 C:/ST/STM32CubeIDE_2.0.0/STM32CubeIDE/plugins/com.st.stm32cube.ide.mcu.externaltools.gnu-tools-for-stm32.13.3.rel1.win32_1.0.100.202509120712/tools/bin/../lib/gcc/arm-none-eabi/13.3.1/thumb/v7e-m+fp/hard\libgcc.a(_arm_muldivdf3.o)
                0x08000540                __aeabi_dmul
                0x08000540                __muldf3
                0x08000794                __divdf3
                0x08000794                __aeabi_ddiv
 .text          0x08000964      0x110 C:/ST/STM32CubeIDE_2.0.0/STM32CubeIDE/plugins/com.st.stm32cube.ide.mcu.externaltools.gnu-tools-for-stm32.13.3.rel1.win32_1.0.100.202509120712/tools/bin/../lib/gcc/arm-none-eabi/13.3.1/thumb/v7e-m+fp/hard\libgcc.a(_arm_cmpdf2.o)
                0x08000964                __gtdf2
                0x08000964                __gedf2
                0x0800096c                __ltdf2
                0x0800096c                __ledf2
                0x08000974                __nedf2
                0x08000974                __eqdf2
                0x08000974                __cmpdf2
                0x080009f0                __aeabi_cdrcmple
                0x08000a00                __aeabi_cdcmpeq
                0x08000a00                __aeabi_cdcmple
                0x08000a10                __aeabi_dcmpeq
                0x08000a24                __aeabi_dcmplt
                0x08000a38                __aeabi_dcmple
                0x08000a4c                __aeabi_dcmpge
                0x08000a60                __aeabi_dcmpgt
 .text          0x08000a74       0xa0 C:/ST/STM32CubeIDE_2.0.0/STM32CubeIDE/plugins/com.st.stm32cube.ide.mcu.externaltools.gnu-tools-for-stm32.13.3.rel1.win32_1.0.100.202509120712/tools/bin/../lib/gcc/arm-none-eabi/13.3.1/thumb/v7e-m+fp/hard\libgcc.a(_arm_truncdfsf2.o)
                0x08000a74                __truncdfsf2
                0x08000a74                __aeabi_d2f
 .text          0x08000b14       0x30 C:/ST/STM32CubeIDE_2.0.0/STM32CubeIDE/plugins/com.st.stm32cube.ide.mcu.externaltools.gnu-tools-for-stm32.13.3.rel1.win32_1.0.100.202509120712/tools/bin/../lib/gcc/arm-none-eabi/13.3.1/thumb/v7e-m+fp/hard\libgcc.a(_aeabi_uldivmod.o)
                0x08000b14                __aeabi_uldivmod
 .text          0x08000b44      0x2f8 C:/ST/STM32CubeIDE_2.0.0/STM32CubeIDE/plugins/com.st.stm32cube.ide.mcu.externaltools.gnu-tools-for-stm32.13.3.rel1.win32_1.0.100.202509120712/tools/bin/../lib/gcc/arm-none-eabi/13.3.1/thumb/v7e-m+fp/hard\libgcc.a(_udivmoddi4.o)
                0x08000b44                __udivmoddi4
 .text          0x08000e3c        0x4 C:/ST/STM32CubeIDE_2.0.0/STM32CubeIDE/plugins/com.st.stm32cube.ide.mcu.externaltools.gnu-tools-for-stm32.13.3.rel1.win32_1.0.100.202509120712/tools/bin/../lib/gcc/arm-none-eabi/13.3.1/thumb/v7e-m+fp/hard\libgcc.a(_dvmd_tls.o)
                0x08000e3c                __aeabi_idiv0
                0x08000e3c                __aeabi_ldiv0
 *(.text*)
 .text.filter_apply_volume
                0x08000e40       0x62 ./Core/Src/Filter.o
                0x08000e40                filter_apply_volume
 *fill*         0x08000ea2        0x2 
 .text.Smart_Delay_With_ADC
                0x08000ea4       0xa0 ./Core/Src/app_main.o
                0x08000ea4                Smart_Delay_With_ADC
 *fill*         0x08000f44        0x4 
 .text.Generate_Sine_Segment
                0x08000f48      0x128 ./Core/Src/app_main.o
                0x08000f48                Generate_Sine_Segment
 .text.BSP_AUDIO_OUT_HalfTransfer_CallBack
                0x08001070       0x44 ./Core/Src/app_main.o
                0x08001070                BSP_AUDIO_OUT_HalfTransfer_CallBack
 .text.BSP_AUDIO_OUT_TransferComplete_CallBack
                0x080010b4       0x4c ./Core/Src/app_main.o
                0x080010b4                BSP_AUDIO_OUT_TransferComplete_CallBack
 .text.App_Init
                0x08001100       0x68 ./Core/Src/app_main.o
                0x08001100                App_Init
 .text.App_Loop
                0x08001168       0xd4 ./Core/Src/app_main.o
                0x08001168                App_Loop
 .text.cs43l22_Init
                0x0800123c      0x1c8 ./Core/Src/cs43l22.o
                0x0800123c                cs43l22_Init
 .text.cs43l22_DeInit
                0x08001404        0xc ./Core/Src/cs43l22.o
                0x08001404                cs43l22_DeInit
 .text.cs43l22_ReadID
                0x08001410       0x30 ./Core/Src/cs43l22.o
                0x08001410                cs43l22_ReadID
 .text.cs43l22_Play
                0x08001440       0x74 ./Core/Src/cs43l22.o
                0x08001440                cs43l22_Play
 .text.cs43l22_Pause
                0x080014b4       0x42 ./Core/Src/cs43l22.o
                0x080014b4                cs43l22_Pause
 *fill*         0x080014f6        0x2 
 .text.cs43l22_Resume
                0x080014f8       0x78 ./Core/Src/cs43l22.o
                0x080014f8                cs43l22_Resume
 .text.cs43l22_Stop
                0x08001570       0x68 ./Core/Src/cs43l22.o
                0x08001570                cs43l22_Stop
 .text.cs43l22_SetVolume
                0x080015d8       0xbc ./Core/Src/cs43l22.o
                0x080015d8                cs43l22_SetVolume
 .text.cs43l22_SetFrequency
                0x08001694       0x1a ./Core/Src/cs43l22.o
                0x08001694                cs43l22_SetFrequency
 *fill*         0x080016ae        0x2 
 .text.cs43l22_SetMute
                0x080016b0       0xbc ./Core/Src/cs43l22.o
                0x080016b0                cs43l22_SetMute
 .text.cs43l22_SetOutputMode
                0x0800176c       0xe4 ./Core/Src/cs43l22.o
                0x0800176c                cs43l22_SetOutputMode
 .text.cs43l22_Reset
                0x08001850       0x18 ./Core/Src/cs43l22.o
                0x08001850                cs43l22_Reset
 .text.CODEC_IO_Write
                0x08001868       0x2e ./Core/Src/cs43l22.o
 .text.main     0x08001896       0x34 ./Core/Src/main.o
                0x08001896                main
 *fill*         0x080018ca        0x2 
 .text.SystemClock_Config
                0x080018cc       0xd4 ./Core/Src/main.o
                0x080018cc                SystemClock_Config
 .text.MX_ADC1_Init
                0x080019a0       0xa4 ./Core/Src/main.o
 .text.MX_I2C1_Init
                0x08001a44       0x5c ./Core/Src/main.o
 .text.MX_I2S3_Init
                0x08001aa0       0x5c ./Core/Src/main.o
 .text.MX_SPI1_Init
                0x08001afc       0x6c ./Core/Src/main.o
 .text.MX_DMA_Init
                0x08001b68       0x40 ./Core/Src/main.o
 .text.MX_GPIO_Init
                0x08001ba8      0x1fc ./Core/Src/main.o
 .text.Error_Handler
                0x08001da4        0xc ./Core/Src/main.o
                0x08001da4                Error_Handler
 .text.I2Cx_Init
                0x08001db0       0x4c ./Core/Src/stm32f4_discovery.o
 .text.I2Cx_WriteData
                0x08001dfc       0x58 ./Core/Src/stm32f4_discovery.o
 .text.I2Cx_ReadData
                0x08001e54       0x5c ./Core/Src/stm32f4_discovery.o
 .text.I2Cx_Error
                0x08001eb0       0x20 ./Core/Src/stm32f4_discovery.o
 .text.I2Cx_MspInit
                0x08001ed0       0xa8 ./Core/Src/stm32f4_discovery.o
 .text.AUDIO_IO_Init
                0x08001f78       0x70 ./Core/Src/stm32f4_discovery.o
                0x08001f78                AUDIO_IO_Init
 .text.AUDIO_IO_DeInit
                0x08001fe8        0xe ./Core/Src/stm32f4_discovery.o
                0x08001fe8                AUDIO_IO_DeInit
 .text.AUDIO_IO_Write
                0x08001ff6       0x26 ./Core/Src/stm32f4_discovery.o
                0x08001ff6                AUDIO_IO_Write
 .text.AUDIO_IO_Read
                0x0800201c       0x26 ./Core/Src/stm32f4_discovery.o
                0x0800201c                AUDIO_IO_Read
 *fill*         0x08002042        0x2 
 .text.BSP_AUDIO_OUT_Init
                0x08002044       0x9c ./Core/Src/stm32f4_discovery_audio.o
                0x08002044                BSP_AUDIO_OUT_Init
 .text.BSP_AUDIO_OUT_Play
                0x080020e0       0x54 ./Core/Src/stm32f4_discovery_audio.o
                0x080020e0                BSP_AUDIO_OUT_Play
 .text.HAL_I2S_TxCpltCallback
                0x08002134       0x24 ./Core/Src/stm32f4_discovery_audio.o
                0x08002134                HAL_I2S_TxCpltCallback
 .text.HAL_I2S_TxHalfCpltCallback
                0x08002158       0x24 ./Core/Src/stm32f4_discovery_audio.o
                0x08002158                HAL_I2S_TxHalfCpltCallback
 .text.BSP_AUDIO_OUT_ClockConfig
                0x0800217c       0xb4 ./Core/Src/stm32f4_discovery_audio.o
                0x0800217c                BSP_AUDIO_OUT_ClockConfig
 .text.BSP_AUDIO_OUT_MspInit
                0x08002230      0x180 ./Core/Src/stm32f4_discovery_audio.o
                0x08002230                BSP_AUDIO_OUT_MspInit
 .text.BSP_AUDIO_OUT_Error_CallBack
                0x080023b0        0xe ./Core/Src/stm32f4_discovery_audio.o
                0x080023b0                BSP_AUDIO_OUT_Error_CallBack
 *fill*         0x080023be        0x2 
 .text.I2S3_Init
                0x080023c0       0x70 ./Core/Src/stm32f4_discovery_audio.o
 .text.HAL_I2S_RxCpltCallback
                0x08002430       0x14 ./Core/Src/stm32f4_discovery_audio.o
                0x08002430                HAL_I2S_RxCpltCallback
 .text.BSP_AUDIO_IN_TransferComplete_CallBack
                0x08002444        0xe ./Core/Src/stm32f4_discovery_audio.o
                0x08002444                BSP_AUDIO_IN_TransferComplete_CallBack
 .text.BSP_AUDIO_IN_Error_Callback
                0x08002452        0xe ./Core/Src/stm32f4_discovery_audio.o
                0x08002452                BSP_AUDIO_IN_Error_Callback
 .text.HAL_I2S_ErrorCallback
                0x08002460       0x34 ./Core/Src/stm32f4_discovery_audio.o
                0x08002460                HAL_I2S_ErrorCallback
 .text.HAL_ADC_Init
                0x08002494       0x86 ./Core/Src/stm32f4xx_hal_adc.o
                0x08002494                HAL_ADC_Init
 *fill*         0x0800251a        0x2 
 .text.HAL_ADC_Start
                0x0800251c      0x1a4 ./Core/Src/stm32f4xx_hal_adc.o
                0x0800251c                HAL_ADC_Start
 .text.HAL_ADC_Stop
                0x080026c0       0x66 ./Core/Src/stm32f4xx_hal_adc.o
                0x080026c0                HAL_ADC_Stop
 .text.HAL_ADC_PollForConversion
                0x08002726      0x116 ./Core/Src/stm32f4xx_hal_adc.o
                0x08002726                HAL_ADC_PollForConversion
 .text.HAL_ADC_GetValue
                0x0800283c       0x1a ./Core/Src/stm32f4xx_hal_adc.o
                0x0800283c                HAL_ADC_GetValue
 *fill*         0x08002856        0x2 
 .text.HAL_ADC_ConfigChannel
                0x08002858      0x244 ./Core/Src/stm32f4xx_hal_adc.o
                0x08002858                HAL_ADC_ConfigChannel
 .text.ADC_Init
                0x08002a9c      0x1f8 ./Core/Src/stm32f4xx_hal_adc.o
 .text.HAL_MspInit
                0x08002c94       0x50 ./Core/Src/stm32f4xx_hal_msp.o
                0x08002c94                HAL_MspInit
 .text.HAL_ADC_MspInit
                0x08002ce4       0xc0 ./Core/Src/stm32f4xx_hal_msp.o
                0x08002ce4                HAL_ADC_MspInit
 .text.HAL_I2C_MspInit
                0x08002da4       0x90 ./Core/Src/stm32f4xx_hal_msp.o
                0x08002da4                HAL_I2C_MspInit
 .text.HAL_I2C_MspDeInit
                0x08002e34       0x44 ./Core/Src/stm32f4xx_hal_msp.o
                0x08002e34                HAL_I2C_MspDeInit
 .text.HAL_I2S_MspInit
                0x08002e78      0x18c ./Core/Src/stm32f4xx_hal_msp.o
                0x08002e78                HAL_I2S_MspInit
 .text.HAL_SPI_MspInit
                0x08003004       0x90 ./Core/Src/stm32f4xx_hal_msp.o
                0x08003004                HAL_SPI_MspInit
 .text.NMI_Handler
                0x08003094        0x8 ./Core/Src/stm32f4xx_it.o
                0x08003094                NMI_Handler
 .text.HardFault_Handler
                0x0800309c        0x8 ./Core/Src/stm32f4xx_it.o
                0x0800309c                HardFault_Handler
 .text.MemManage_Handler
                0x080030a4        0x8 ./Core/Src/stm32f4xx_it.o
                0x080030a4                MemManage_Handler
 .text.BusFault_Handler
                0x080030ac        0x8 ./Core/Src/stm32f4xx_it.o
                0x080030ac                BusFault_Handler
 .text.UsageFault_Handler
                0x080030b4        0x8 ./Core/Src/stm32f4xx_it.o
                0x080030b4                UsageFault_Handler
 .text.SVC_Handler
                0x080030bc        0xe ./Core/Src/stm32f4xx_it.o
                0x080030bc                SVC_Handler
 .text.DebugMon_Handler
                0x080030ca        0xe ./Core/Src/stm32f4xx_it.o
                0x080030ca                DebugMon_Handler
 .text.PendSV_Handler
                0x080030d8        0xe ./Core/Src/stm32f4xx_it.o
                0x080030d8                PendSV_Handler
 .text.SysTick_Handler
                0x080030e6        0xc ./Core/Src/stm32f4xx_it.o
                0x080030e6                SysTick_Handler
 *fill*         0x080030f2        0x2 
 .text.DMA1_Stream5_IRQHandler
                0x080030f4       0x14 ./Core/Src/stm32f4xx_it.o
                0x080030f4                DMA1_Stream5_IRQHandler
 .text.SPI3_IRQHandler
                0x08003108       0x14 ./Core/Src/stm32f4xx_it.o
                0x08003108                SPI3_IRQHandler
 .text.OTG_FS_IRQHandler
                0x0800311c       0x14 ./Core/Src/stm32f4xx_it.o
                0x0800311c                OTG_FS_IRQHandler
 .text.DMA1_Stream7_IRQHandler
                0x08003130       0x14 ./Core/Src/stm32f4xx_it.o
                0x08003130                DMA1_Stream7_IRQHandler
 .text.SystemInit
                0x08003144       0x24 ./Core/Src/system_stm32f4xx.o
                0x08003144                SystemInit
 .text.Reset_Handler
                0x08003168       0x50 ./Core/Startup/startup_stm32f407vgtx.o
                0x08003168                Reset_Handler
 .text.Default_Handler
                0x080031b8        0x2 ./Core/Startup/startup_stm32f407vgtx.o
                0x080031b8                RTC_Alarm_IRQHandler
                0x080031b8                HASH_RNG_IRQHandler
                0x080031b8                EXTI2_IRQHandler
                0x080031b8                TIM8_CC_IRQHandler
                0x080031b8                TIM1_CC_IRQHandler
                0x080031b8                DMA2_Stream5_IRQHandler
                0x080031b8                PVD_IRQHandler
                0x080031b8                SDIO_IRQHandler
                0x080031b8                TAMP_STAMP_IRQHandler
                0x080031b8                CAN2_RX1_IRQHandler
                0x080031b8                EXTI3_IRQHandler
                0x080031b8                TIM8_TRG_COM_TIM14_IRQHandler
                0x080031b8                TIM1_UP_TIM10_IRQHandler
                0x080031b8                TIM8_UP_TIM13_IRQHandler
                0x080031b8                I2C3_ER_IRQHandler
                0x080031b8                EXTI0_IRQHandler
                0x080031b8                I2C2_EV_IRQHandler
                0x080031b8                DMA1_Stream2_IRQHandler
                0x080031b8                CAN1_RX0_IRQHandler
                0x080031b8                FPU_IRQHandler
                0x080031b8                OTG_HS_WKUP_IRQHandler
                0x080031b8                CAN2_SCE_IRQHandler
                0x080031b8                DMA2_Stream2_IRQHandler
                0x080031b8                SPI1_IRQHandler
                0x080031b8                TIM6_DAC_IRQHandler
                0x080031b8                TIM1_BRK_TIM9_IRQHandler
                0x080031b8                DCMI_IRQHandler
                0x080031b8                CAN2_RX0_IRQHandler
                0x080031b8                DMA2_Stream3_IRQHandler
                0x080031b8                USART6_IRQHandler
                0x080031b8                USART3_IRQHandler
                0x080031b8                CAN1_RX1_IRQHandler
                0x080031b8                UART5_IRQHandler
                0x080031b8                DMA2_Stream0_IRQHandler
                0x080031b8                TIM4_IRQHandler
                0x080031b8                I2C1_EV_IRQHandler
                0x080031b8                DMA1_Stream6_IRQHandler
                0x080031b8                DMA1_Stream1_IRQHandler
                0x080031b8                UART4_IRQHandler
                0x080031b8                TIM3_IRQHandler
                0x080031b8                RCC_IRQHandler
                0x080031b8                TIM8_BRK_TIM12_IRQHandler
                0x080031b8                Default_Handler
                0x080031b8                EXTI15_10_IRQHandler
                0x080031b8                ADC_IRQHandler
                0x080031b8                TIM7_IRQHandler
                0x080031b8                CAN2_TX_IRQHandler
                0x080031b8                TIM5_IRQHandler
                0x080031b8                DMA2_Stream7_IRQHandler
                0x080031b8                I2C3_EV_IRQHandler
                0x080031b8                EXTI9_5_IRQHandler
                0x080031b8                RTC_WKUP_IRQHandler
                0x080031b8                ETH_WKUP_IRQHandler
                0x080031b8                SPI2_IRQHandler
                0x080031b8                OTG_HS_EP1_IN_IRQHandler
                0x080031b8                DMA1_Stream0_IRQHandler
                0x080031b8                CAN1_TX_IRQHandler
                0x080031b8                EXTI4_IRQHandler
                0x080031b8                FSMC_IRQHandler
                0x080031b8                ETH_IRQHandler
                0x080031b8                OTG_HS_EP1_OUT_IRQHandler
                0x080031b8                WWDG_IRQHandler
                0x080031b8                TIM2_IRQHandler
                0x080031b8                OTG_FS_WKUP_IRQHandler
                0x080031b8                TIM1_TRG_COM_TIM11_IRQHandler
                0x080031b8                OTG_HS_IRQHandler
                0x080031b8                EXTI1_IRQHandler
                0x080031b8                USART2_IRQHandler
                0x080031b8                I2C2_ER_IRQHandler
                0x080031b8                DMA2_Stream1_IRQHandler
                0x080031b8                CAN1_SCE_IRQHandler
                0x080031b8                FLASH_IRQHandler
                0x080031b8                DMA2_Stream4_IRQHandler
                0x080031b8                USART1_IRQHandler
                0x080031b8                DMA1_Stream4_IRQHandler
                0x080031b8                I2C1_ER_IRQHandler
                0x080031b8                DMA2_Stream6_IRQHandler
                0x080031b8                DMA1_Stream3_IRQHandler
 *fill*         0x080031ba        0x2 
 .text.HAL_Init
                0x080031bc       0x44 ./Drivers/STM32F4xx_HAL_Driver/Src/stm32f4xx_hal.o
                0x080031bc                HAL_Init
 .text.HAL_InitTick
                0x08003200       0x60 ./Drivers/STM32F4xx_HAL_Driver/Src/stm32f4xx_hal.o
                0x08003200                HAL_InitTick
 .text.HAL_IncTick
                0x08003260       0x28 ./Drivers/STM32F4xx_HAL_Driver/Src/stm32f4xx_hal.o
                0x08003260                HAL_IncTick
 .text.HAL_GetTick
                0x08003288       0x18 ./Drivers/STM32F4xx_HAL_Driver/Src/stm32f4xx_hal.o
                0x08003288                HAL_GetTick
 .text.HAL_Delay
                0x080032a0       0x48 ./Drivers/STM32F4xx_HAL_Driver/Src/stm32f4xx_hal.o
                0x080032a0                HAL_Delay
 .text.__NVIC_SetPriorityGrouping
                0x080032e8       0x48 ./Drivers/STM32F4xx_HAL_Driver/Src/stm32f4xx_hal_cortex.o
 .text.__NVIC_GetPriorityGrouping
                0x08003330       0x1c ./Drivers/STM32F4xx_HAL_Driver/Src/stm32f4xx_hal_cortex.o
 .text.__NVIC_EnableIRQ
                0x0800334c       0x3c ./Drivers/STM32F4xx_HAL_Driver/Src/stm32f4xx_hal_cortex.o
 .text.__NVIC_SetPriority
                0x08003388       0x54 ./Drivers/STM32F4xx_HAL_Driver/Src/stm32f4xx_hal_cortex.o
 .text.NVIC_EncodePriority
                0x080033dc       0x66 ./Drivers/STM32F4xx_HAL_Driver/Src/stm32f4xx_hal_cortex.o
 *fill*         0x08003442        0x2 
 .text.SysTick_Config
                0x08003444       0x44 ./Drivers/STM32F4xx_HAL_Driver/Src/stm32f4xx_hal_cortex.o
 .text.HAL_NVIC_SetPriorityGrouping
                0x08003488       0x16 ./Drivers/STM32F4xx_HAL_Driver/Src/stm32f4xx_hal_cortex.o
                0x08003488                HAL_NVIC_SetPriorityGrouping
 .text.HAL_NVIC_SetPriority
                0x0800349e       0x38 ./Drivers/STM32F4xx_HAL_Driver/Src/stm32f4xx_hal_cortex.o
                0x0800349e                HAL_NVIC_SetPriority
 .text.HAL_NVIC_EnableIRQ
                0x080034d6       0x1c ./Drivers/STM32F4xx_HAL_Driver/Src/stm32f4xx_hal_cortex.o
                0x080034d6                HAL_NVIC_EnableIRQ
 .text.HAL_SYSTICK_Config
                0x080034f2       0x18 ./Drivers/STM32F4xx_HAL_Driver/Src/stm32f4xx_hal_cortex.o
                0x080034f2                HAL_SYSTICK_Config
 *fill*         0x0800350a        0x2 
 .text.HAL_DMA_Init
                0x0800350c      0x15c ./Drivers/STM32F4xx_HAL_Driver/Src/stm32f4xx_hal_dma.o
                0x0800350c                HAL_DMA_Init
 .text.HAL_DMA_DeInit
                0x08003668       0xbc ./Drivers/STM32F4xx_HAL_Driver/Src/stm32f4xx_hal_dma.o
                0x08003668                HAL_DMA_DeInit
 .text.HAL_DMA_Start_IT
                0x08003724       0xb0 ./Drivers/STM32F4xx_HAL_Driver/Src/stm32f4xx_hal_dma.o
                0x08003724                HAL_DMA_Start_IT
 .text.HAL_DMA_Abort
                0x080037d4       0xe0 ./Drivers/STM32F4xx_HAL_Driver/Src/stm32f4xx_hal_dma.o
                0x080037d4                HAL_DMA_Abort
 .text.HAL_DMA_IRQHandler
                0x080038b4      0x314 ./Drivers/STM32F4xx_HAL_Driver/Src/stm32f4xx_hal_dma.o
                0x080038b4                HAL_DMA_IRQHandler
 .text.DMA_SetConfig
                0x08003bc8       0x5c ./Drivers/STM32F4xx_HAL_Driver/Src/stm32f4xx_hal_dma.o
 .text.DMA_CalcBaseAndBitshift
                0x08003c24       0x6c ./Drivers/STM32F4xx_HAL_Driver/Src/stm32f4xx_hal_dma.o
 .text.DMA_CheckFifoParam
                0x08003c90       0xf8 ./Drivers/STM32F4xx_HAL_Driver/Src/stm32f4xx_hal_dma.o
 .text.HAL_GPIO_Init
                0x08003d88      0x338 ./Drivers/STM32F4xx_HAL_Driver/Src/stm32f4xx_hal_gpio.o
                0x08003d88                HAL_GPIO_Init
 .text.HAL_GPIO_DeInit
                0x080040c0      0x1f8 ./Drivers/STM32F4xx_HAL_Driver/Src/stm32f4xx_hal_gpio.o
                0x080040c0                HAL_GPIO_DeInit
 .text.HAL_GPIO_WritePin
                0x080042b8       0x32 ./Drivers/STM32F4xx_HAL_Driver/Src/stm32f4xx_hal_gpio.o
                0x080042b8                HAL_GPIO_WritePin
 *fill*         0x080042ea        0x2 
 .text.HAL_I2C_Init
                0x080042ec      0x288 ./Drivers/STM32F4xx_HAL_Driver/Src/stm32f4xx_hal_i2c.o
                0x080042ec                HAL_I2C_Init
 .text.HAL_I2C_DeInit
                0x08004574       0x5e ./Drivers/STM32F4xx_HAL_Driver/Src/stm32f4xx_hal_i2c.o
                0x08004574                HAL_I2C_DeInit
 *fill*         0x080045d2        0x2 
 .text.HAL_I2C_Mem_Write
                0x080045d4      0x1f4 ./Drivers/STM32F4xx_HAL_Driver/Src/stm32f4xx_hal_i2c.o
                0x080045d4                HAL_I2C_Mem_Write
 .text.HAL_I2C_Mem_Read
                0x080047c8      0x464 ./Drivers/STM32F4xx_HAL_Driver/Src/stm32f4xx_hal_i2c.o
                0x080047c8                HAL_I2C_Mem_Read
 .text.HAL_I2C_GetState
                0x08004c2c       0x1c ./Drivers/STM32F4xx_HAL_Driver/Src/stm32f4xx_hal_i2c.o
                0x08004c2c                HAL_I2C_GetState
 .text.I2C_RequestMemoryWrite
                0x08004c48      0x12c ./Drivers/STM32F4xx_HAL_Driver/Src/stm32f4xx_hal_i2c.o
 .text.I2C_RequestMemoryRead
                0x08004d74      0x1d0 ./Drivers/STM32F4xx_HAL_Driver/Src/stm32f4xx_hal_i2c.o
 .text.I2C_WaitOnFlagUntilTimeout
                0x08004f44       0xf4 ./Drivers/STM32F4xx_HAL_Driver/Src/stm32f4xx_hal_i2c.o
 .text.I2C_WaitOnMasterAddressFlagUntilTimeout
                0x08005038      0x140 ./Drivers/STM32F4xx_HAL_Driver/Src/stm32f4xx_hal_i2c.o
 .text.I2C_WaitOnTXEFlagUntilTimeout
                0x08005178       0x90 ./Drivers/STM32F4xx_HAL_Driver/Src/stm32f4xx_hal_i2c.o
 .text.I2C_WaitOnBTFFlagUntilTimeout
                0x08005208       0x90 ./Drivers/STM32F4xx_HAL_Driver/Src/stm32f4xx_hal_i2c.o
 .text.I2C_WaitOnRXNEFlagUntilTimeout
                0x08005298       0xba ./Drivers/STM32F4xx_HAL_Driver/Src/stm32f4xx_hal_i2c.o
 .text.I2C_IsAcknowledgeFailed
                0x08005352       0x5e ./Drivers/STM32F4xx_HAL_Driver/Src/stm32f4xx_hal_i2c.o
 .text.HAL_I2S_Init
                0x080053b0      0x280 ./Drivers/STM32F4xx_HAL_Driver/Src/stm32f4xx_hal_i2s.o
                0x080053b0                HAL_I2S_Init
 .text.HAL_I2S_Transmit_DMA
                0x08005630      0x148 ./Drivers/STM32F4xx_HAL_Driver/Src/stm32f4xx_hal_i2s.o
                0x08005630                HAL_I2S_Transmit_DMA
 .text.HAL_I2S_DMAStop
                0x08005778      0x3b4 ./Drivers/STM32F4xx_HAL_Driver/Src/stm32f4xx_hal_i2s.o
                0x08005778                HAL_I2S_DMAStop
 .text.HAL_I2S_IRQHandler
                0x08005b2c       0x18 ./Drivers/STM32F4xx_HAL_Driver/Src/stm32f4xx_hal_i2s.o
                0x08005b2c                HAL_I2S_IRQHandler
 .text.HAL_I2S_GetState
                0x08005b44       0x1c ./Drivers/STM32F4xx_HAL_Driver/Src/stm32f4xx_hal_i2s.o
                0x08005b44                HAL_I2S_GetState
 .text.I2S_DMATxCplt
                0x08005b60       0x42 ./Drivers/STM32F4xx_HAL_Driver/Src/stm32f4xx_hal_i2s.o
 .text.I2S_DMATxHalfCplt
                0x08005ba2       0x1c ./Drivers/STM32F4xx_HAL_Driver/Src/stm32f4xx_hal_i2s.o
 .text.I2S_DMAError
                0x08005bbe       0x4c ./Drivers/STM32F4xx_HAL_Driver/Src/stm32f4xx_hal_i2s.o
 .text.I2S_Transmit_IT
                0x08005c0a       0x5c ./Drivers/STM32F4xx_HAL_Driver/Src/stm32f4xx_hal_i2s.o
 .text.I2S_Receive_IT
                0x08005c66       0x5e ./Drivers/STM32F4xx_HAL_Driver/Src/stm32f4xx_hal_i2s.o
 .text.I2S_IRQHandler
                0x08005cc4      0x114 ./Drivers/STM32F4xx_HAL_Driver/Src/stm32f4xx_hal_i2s.o
 .text.I2S_WaitFlagStateUntilTimeout
                0x08005dd8       0x72 ./Drivers/STM32F4xx_HAL_Driver/Src/stm32f4xx_hal_i2s.o
 *fill*         0x08005e4a        0x2 
 .text.HAL_I2SEx_FullDuplex_IRQHandler
                0x08005e4c      0x2a8 ./Drivers/STM32F4xx_HAL_Driver/Src/stm32f4xx_hal_i2s_ex.o
                0x08005e4c                HAL_I2SEx_FullDuplex_IRQHandler
 .text.HAL_I2SEx_TxRxCpltCallback
                0x080060f4       0x14 ./Drivers/STM32F4xx_HAL_Driver/Src/stm32f4xx_hal_i2s_ex.o
                0x080060f4                HAL_I2SEx_TxRxCpltCallback
 .text.I2SEx_TxISR_I2S
                0x08006108       0x62 ./Drivers/STM32F4xx_HAL_Driver/Src/stm32f4xx_hal_i2s_ex.o
 *fill*         0x0800616a        0x2 
 .text.I2SEx_TxISR_I2SExt
                0x0800616c       0x98 ./Drivers/STM32F4xx_HAL_Driver/Src/stm32f4xx_hal_i2s_ex.o
 .text.I2SEx_RxISR_I2S
                0x08006204       0x64 ./Drivers/STM32F4xx_HAL_Driver/Src/stm32f4xx_hal_i2s_ex.o
 .text.I2SEx_RxISR_I2SExt
                0x08006268       0x98 ./Drivers/STM32F4xx_HAL_Driver/Src/stm32f4xx_hal_i2s_ex.o
 .text.HAL_PCD_Init
                0x08006300      0x21e ./Drivers/STM32F4xx_HAL_Driver/Src/stm32f4xx_hal_pcd.o
                0x08006300                HAL_PCD_Init
 .text.HAL_PCD_Start
                0x0800651e       0x6a ./Drivers/STM32F4xx_HAL_Driver/Src/stm32f4xx_hal_pcd.o
                0x0800651e                HAL_PCD_Start
 .text.HAL_PCD_IRQHandler
                0x08006588      0x942 ./Drivers/STM32F4xx_HAL_Driver/Src/stm32f4xx_hal_pcd.o
                0x08006588                HAL_PCD_IRQHandler
 .text.HAL_PCD_SetAddress
                0x08006eca       0x48 ./Drivers/STM32F4xx_HAL_Driver/Src/stm32f4xx_hal_pcd.o
                0x08006eca                HAL_PCD_SetAddress
 .text.HAL_PCD_EP_Open
                0x08006f12       0xd4 ./Drivers/STM32F4xx_HAL_Driver/Src/stm32f4xx_hal_pcd.o
                0x08006f12                HAL_PCD_EP_Open
 .text.HAL_PCD_EP_Close
                0x08006fe6       0x94 ./Drivers/STM32F4xx_HAL_Driver/Src/stm32f4xx_hal_pcd.o
                0x08006fe6                HAL_PCD_EP_Close
 .text.HAL_PCD_EP_Receive
                0x0800707a       0x76 ./Drivers/STM32F4xx_HAL_Driver/Src/stm32f4xx_hal_pcd.o
                0x0800707a                HAL_PCD_EP_Receive
 .text.HAL_PCD_EP_GetRxCount
                0x080070f0       0x30 ./Drivers/STM32F4xx_HAL_Driver/Src/stm32f4xx_hal_pcd.o
                0x080070f0                HAL_PCD_EP_GetRxCount
 .text.HAL_PCD_EP_Transmit
                0x08007120       0x74 ./Drivers/STM32F4xx_HAL_Driver/Src/stm32f4xx_hal_pcd.o
                0x08007120                HAL_PCD_EP_Transmit
 .text.HAL_PCD_EP_SetStall
                0x08007194       0xc6 ./Drivers/STM32F4xx_HAL_Driver/Src/stm32f4xx_hal_pcd.o
                0x08007194                HAL_PCD_EP_SetStall
 .text.HAL_PCD_EP_ClrStall
                0x0800725a       0xac ./Drivers/STM32F4xx_HAL_Driver/Src/stm32f4xx_hal_pcd.o
                0x0800725a                HAL_PCD_EP_ClrStall
 .text.HAL_PCD_EP_Abort
                0x08007306       0x62 ./Drivers/STM32F4xx_HAL_Driver/Src/stm32f4xx_hal_pcd.o
                0x08007306                HAL_PCD_EP_Abort
 .text.PCD_WriteEmptyTxFifo
                0x08007368      0x118 ./Drivers/STM32F4xx_HAL_Driver/Src/stm32f4xx_hal_pcd.o
 .text.PCD_EP_OutXfrComplete_int
                0x08007480      0x1d0 ./Drivers/STM32F4xx_HAL_Driver/Src/stm32f4xx_hal_pcd.o
 .text.PCD_EP_OutSetupPacket_int
                0x08007650       0x8c ./Drivers/STM32F4xx_HAL_Driver/Src/stm32f4xx_hal_pcd.o
 .text.HAL_PCDEx_SetTxFiFo
                0x080076dc       0x8e ./Drivers/STM32F4xx_HAL_Driver/Src/stm32f4xx_hal_pcd_ex.o
                0x080076dc                HAL_PCDEx_SetTxFiFo
 .text.HAL_PCDEx_SetRxFiFo
                0x0800776a       0x22 ./Drivers/STM32F4xx_HAL_Driver/Src/stm32f4xx_hal_pcd_ex.o
                0x0800776a                HAL_PCDEx_SetRxFiFo
 .text.HAL_PCDEx_LPM_Callback
                0x0800778c       0x18 ./Drivers/STM32F4xx_HAL_Driver/Src/stm32f4xx_hal_pcd_ex.o
                0x0800778c                HAL_PCDEx_LPM_Callback
 .text.HAL_RCC_OscConfig
                0x080077a4      0x4f0 ./Drivers/STM32F4xx_HAL_Driver/Src/stm32f4xx_hal_rcc.o
                0x080077a4                HAL_RCC_OscConfig
 .text.HAL_RCC_ClockConfig
                0x08007c94      0x1cc ./Drivers/STM32F4xx_HAL_Driver/Src/stm32f4xx_hal_rcc.o
                0x08007c94                HAL_RCC_ClockConfig
 .text.HAL_RCC_GetSysClockFreq
                0x08007e60      0x20c ./Drivers/STM32F4xx_HAL_Driver/Src/stm32f4xx_hal_rcc.o
                0x08007e60                HAL_RCC_GetSysClockFreq
 .text.HAL_RCC_GetHCLKFreq
                0x0800806c       0x18 ./Drivers/STM32F4xx_HAL_Driver/Src/stm32f4xx_hal_rcc.o
                0x0800806c                HAL_RCC_GetHCLKFreq
 .text.HAL_RCC_GetPCLK1Freq
                0x08008084       0x28 ./Drivers/STM32F4xx_HAL_Driver/Src/stm32f4xx_hal_rcc.o
                0x08008084                HAL_RCC_GetPCLK1Freq
 .text.HAL_RCCEx_PeriphCLKConfig
                0x080080ac      0x1c4 ./Drivers/STM32F4xx_HAL_Driver/Src/stm32f4xx_hal_rcc_ex.o
                0x080080ac                HAL_RCCEx_PeriphCLKConfig
 .text.HAL_RCCEx_GetPeriphCLKConfig
                0x08008270       0x58 ./Drivers/STM32F4xx_HAL_Driver/Src/stm32f4xx_hal_rcc_ex.o
                0x08008270                HAL_RCCEx_GetPeriphCLKConfig
 .text.HAL_RCCEx_GetPeriphCLKFreq
                0x080082c8       0xc0 ./Drivers/STM32F4xx_HAL_Driver/Src/stm32f4xx_hal_rcc_ex.o
                0x080082c8                HAL_RCCEx_GetPeriphCLKFreq
 .text.HAL_SPI_Init
                0x08008388      0x112 ./Drivers/STM32F4xx_HAL_Driver/Src/stm32f4xx_hal_spi.o
                0x08008388                HAL_SPI_Init
 .text.USB_CoreInit
                0x0800849a       0xc8 ./Drivers/STM32F4xx_HAL_Driver/Src/stm32f4xx_ll_usb.o
                0x0800849a                USB_CoreInit
 *fill*         0x08008562        0x2 
 .text.USB_SetTurnaroundTime
                0x08008564      0x144 ./Drivers/STM32F4xx_HAL_Driver/Src/stm32f4xx_ll_usb.o
                0x08008564                USB_SetTurnaroundTime
 .text.USB_EnableGlobalInt
                0x080086a8       0x22 ./Drivers/STM32F4xx_HAL_Driver/Src/stm32f4xx_ll_usb.o
                0x080086a8                USB_EnableGlobalInt
 .text.USB_DisableGlobalInt
                0x080086ca       0x22 ./Drivers/STM32F4xx_HAL_Driver/Src/stm32f4xx_ll_usb.o
                0x080086ca                USB_DisableGlobalInt
 .text.USB_SetCurrentMode
                0x080086ec       0x98 ./Drivers/STM32F4xx_HAL_Driver/Src/stm32f4xx_ll_usb.o
                0x080086ec                USB_SetCurrentMode
 .text.USB_DevInit
                0x08008784      0x2c8 ./Drivers/STM32F4xx_HAL_Driver/Src/stm32f4xx_ll_usb.o
                0x08008784                USB_DevInit
 .text.USB_FlushTxFifo
                0x08008a4c       0x64 ./Drivers/STM32F4xx_HAL_Driver/Src/stm32f4xx_ll_usb.o
                0x08008a4c                USB_FlushTxFifo
 .text.USB_FlushRxFifo
                0x08008ab0       0x5c ./Drivers/STM32F4xx_HAL_Driver/Src/stm32f4xx_ll_usb.o
                0x08008ab0                USB_FlushRxFifo
 .text.USB_SetDevSpeed
                0x08008b0c       0x32 ./Drivers/STM32F4xx_HAL_Driver/Src/stm32f4xx_ll_usb.o
                0x08008b0c                USB_SetDevSpeed
 .text.USB_GetDevSpeed
                0x08008b3e       0x4a ./Drivers/STM32F4xx_HAL_Driver/Src/stm32f4xx_ll_usb.o
                0x08008b3e                USB_GetDevSpeed
 .text.USB_ActivateEndpoint
                0x08008b88      0x10e ./Drivers/STM32F4xx_HAL_Driver/Src/stm32f4xx_ll_usb.o
                0x08008b88                USB_ActivateEndpoint
 *fill*         0x08008c96        0x2 
 .text.USB_DeactivateEndpoint
                0x08008c98      0x1b8 ./Drivers/STM32F4xx_HAL_Driver/Src/stm32f4xx_ll_usb.o
                0x08008c98                USB_DeactivateEndpoint
 .text.USB_EPStartXfer
                0x08008e50      0x53c ./Drivers/STM32F4xx_HAL_Driver/Src/stm32f4xx_ll_usb.o
                0x08008e50                USB_EPStartXfer
 .text.USB_EPStopXfer
                0x0800938c      0x154 ./Drivers/STM32F4xx_HAL_Driver/Src/stm32f4xx_ll_usb.o
                0x0800938c                USB_EPStopXfer
 .text.USB_WritePacket
                0x080094e0       0x7c ./Drivers/STM32F4xx_HAL_Driver/Src/stm32f4xx_ll_usb.o
                0x080094e0                USB_WritePacket
 .text.USB_ReadPacket
                0x0800955c       0xb0 ./Drivers/STM32F4xx_HAL_Driver/Src/stm32f4xx_ll_usb.o
                0x0800955c                USB_ReadPacket
 .text.USB_EPSetStall
                0x0800960c       0xdc ./Drivers/STM32F4xx_HAL_Driver/Src/stm32f4xx_ll_usb.o
                0x0800960c                USB_EPSetStall
 .text.USB_EPClearStall
                0x080096e8       0xcc ./Drivers/STM32F4xx_HAL_Driver/Src/stm32f4xx_ll_usb.o
                0x080096e8                USB_EPClearStall
 .text.USB_SetDevAddress
                0x080097b4       0x4c ./Drivers/STM32F4xx_HAL_Driver/Src/stm32f4xx_ll_usb.o
                0x080097b4                USB_SetDevAddress
 .text.USB_DevConnect
                0x08009800       0x42 ./Drivers/STM32F4xx_HAL_Driver/Src/stm32f4xx_ll_usb.o
                0x08009800                USB_DevConnect
 .text.USB_DevDisconnect
                0x08009842       0x42 ./Drivers/STM32F4xx_HAL_Driver/Src/stm32f4xx_ll_usb.o
                0x08009842                USB_DevDisconnect
 .text.USB_ReadInterrupts
                0x08009884       0x26 ./Drivers/STM32F4xx_HAL_Driver/Src/stm32f4xx_ll_usb.o
                0x08009884                USB_ReadInterrupts
 .text.USB_ReadDevAllOutEpInterrupt
                0x080098aa       0x34 ./Drivers/STM32F4xx_HAL_Driver/Src/stm32f4xx_ll_usb.o
                0x080098aa                USB_ReadDevAllOutEpInterrupt
 .text.USB_ReadDevAllInEpInterrupt
                0x080098de       0x34 ./Drivers/STM32F4xx_HAL_Driver/Src/stm32f4xx_ll_usb.o
                0x080098de                USB_ReadDevAllInEpInterrupt
 .text.USB_ReadDevOutEPInterrupt
                0x08009912       0x3c ./Drivers/STM32F4xx_HAL_Driver/Src/stm32f4xx_ll_usb.o
                0x08009912                USB_ReadDevOutEPInterrupt
 .text.USB_ReadDevInEPInterrupt
                0x0800994e       0x5c ./Drivers/STM32F4xx_HAL_Driver/Src/stm32f4xx_ll_usb.o
                0x0800994e                USB_ReadDevInEPInterrupt
 .text.USB_GetMode
                0x080099aa       0x1c ./Drivers/STM32F4xx_HAL_Driver/Src/stm32f4xx_ll_usb.o
                0x080099aa                USB_GetMode
 .text.USB_ActivateSetup
                0x080099c6       0x46 ./Drivers/STM32F4xx_HAL_Driver/Src/stm32f4xx_ll_usb.o
                0x080099c6                USB_ActivateSetup
 .text.USB_EP0_OutStart
                0x08009a0c       0xbc ./Drivers/STM32F4xx_HAL_Driver/Src/stm32f4xx_ll_usb.o
                0x08009a0c                USB_EP0_OutStart
 .text.USB_CoreReset
                0x08009ac8       0x70 ./Drivers/STM32F4xx_HAL_Driver/Src/stm32f4xx_ll_usb.o
 .text.USBD_AUDIO_Init
                0x08009b38      0x13c ./Middlewares/ST/STM32_USB_Device_Library/Class/AUDIO/Src/usbd_audio.o
 .text.USBD_AUDIO_DeInit
                0x08009c74       0xb4 ./Middlewares/ST/STM32_USB_Device_Library/Class/AUDIO/Src/usbd_audio.o
 .text.USBD_AUDIO_Setup
                0x08009d28      0x1b8 ./Middlewares/ST/STM32_USB_Device_Library/Class/AUDIO/Src/usbd_audio.o
 .text.USBD_AUDIO_GetCfgDesc
                0x08009ee0       0x20 ./Middlewares/ST/STM32_USB_Device_Library/Class/AUDIO/Src/usbd_audio.o
 .text.USBD_AUDIO_DataIn
                0x08009f00       0x1a ./Middlewares/ST/STM32_USB_Device_Library/Class/AUDIO/Src/usbd_audio.o
 .text.USBD_AUDIO_EP0_RxReady
                0x08009f1a       0x80 ./Middlewares/ST/STM32_USB_Device_Library/Class/AUDIO/Src/usbd_audio.o
 .text.USBD_AUDIO_EP0_TxReady
                0x08009f9a       0x16 ./Middlewares/ST/STM32_USB_Device_Library/Class/AUDIO/Src/usbd_audio.o
 .text.USBD_AUDIO_SOF
                0x08009fb0       0x16 ./Middlewares/ST/STM32_USB_Device_Library/Class/AUDIO/Src/usbd_audio.o
 .text.USBD_AUDIO_IsoINIncomplete
                0x08009fc6       0x1a ./Middlewares/ST/STM32_USB_Device_Library/Class/AUDIO/Src/usbd_audio.o
 .text.USBD_AUDIO_IsoOutIncomplete
                0x08009fe0       0x58 ./Middlewares/ST/STM32_USB_Device_Library/Class/AUDIO/Src/usbd_audio.o
 .text.USBD_AUDIO_DataOut
                0x0800a038      0x12c ./Middlewares/ST/STM32_USB_Device_Library/Class/AUDIO/Src/usbd_audio.o
 .text.AUDIO_REQ_GetCurrent
                0x0800a164       0x58 ./Middlewares/ST/STM32_USB_Device_Library/Class/AUDIO/Src/usbd_audio.o
 .text.AUDIO_REQ_SetCurrent
                0x0800a1bc       0x88 ./Middlewares/ST/STM32_USB_Device_Library/Class/AUDIO/Src/usbd_audio.o
 .text.USBD_AUDIO_GetDeviceQualifierDesc
                0x0800a244       0x20 ./Middlewares/ST/STM32_USB_Device_Library/Class/AUDIO/Src/usbd_audio.o
 .text.USBD_AUDIO_RegisterInterface
                0x0800a264       0x34 ./Middlewares/ST/STM32_USB_Device_Library/Class/AUDIO/Src/usbd_audio.o
                0x0800a264                USBD_AUDIO_RegisterInterface
 .text.USBD_AUDIO_GetAudioHeaderDesc
                0x0800a298       0x64 ./Middlewares/ST/STM32_USB_Device_Library/Class/AUDIO/Src/usbd_audio.o
 .text.USBD_Init
                0x0800a2fc       0x60 ./Middlewares/ST/STM32_USB_Device_Library/Core/Src/usbd_core.o
                0x0800a2fc                USBD_Init
 .text.USBD_RegisterClass
                0x0800a35c       0x6c ./Middlewares/ST/STM32_USB_Device_Library/Core/Src/usbd_core.o
                0x0800a35c                USBD_RegisterClass
 .text.USBD_Start
                0x0800a3c8       0x18 ./Middlewares/ST/STM32_USB_Device_Library/Core/Src/usbd_core.o
                0x0800a3c8                USBD_Start
 .text.USBD_RunTestMode
                0x0800a3e0       0x16 ./Middlewares/ST/STM32_USB_Device_Library/Core/Src/usbd_core.o
                0x0800a3e0                USBD_RunTestMode
 .text.USBD_SetClassConfig
                0x0800a3f6       0x38 ./Middlewares/ST/STM32_USB_Device_Library/Core/Src/usbd_core.o
                0x0800a3f6                USBD_SetClassConfig
 .text.USBD_ClrClassConfig
                0x0800a42e       0x34 ./Middlewares/ST/STM32_USB_Device_Library/Core/Src/usbd_core.o
                0x0800a42e                USBD_ClrClassConfig
 .text.USBD_LL_SetupStage
                0x0800a462       0xaa ./Middlewares/ST/STM32_USB_Device_Library/Core/Src/usbd_core.o
                0x0800a462                USBD_LL_SetupStage
 .text.USBD_LL_DataOutStage
                0x0800a50c      0x178 ./Middlewares/ST/STM32_USB_Device_Library/Core/Src/usbd_core.o
                0x0800a50c                USBD_LL_DataOutStage
 .text.USBD_LL_DataInStage
                0x0800a684      0x176 ./Middlewares/ST/STM32_USB_Device_Library/Core/Src/usbd_core.o
                0x0800a684                USBD_LL_DataInStage
 .text.USBD_LL_Reset
                0x0800a7fa       0xa6 ./Middlewares/ST/STM32_USB_Device_Library/Core/Src/usbd_core.o
                0x0800a7fa                USBD_LL_Reset
 .text.USBD_LL_SetSpeed
                0x0800a8a0       0x20 ./Middlewares/ST/STM32_USB_Device_Library/Core/Src/usbd_core.o
                0x0800a8a0                USBD_LL_SetSpeed
 .text.USBD_LL_Suspend
                0x0800a8c0       0x38 ./Middlewares/ST/STM32_USB_Device_Library/Core/Src/usbd_core.o
                0x0800a8c0                USBD_LL_Suspend
 .text.USBD_LL_Resume
                0x0800a8f8       0x30 ./Middlewares/ST/STM32_USB_Device_Library/Core/Src/usbd_core.o
                0x0800a8f8                USBD_LL_Resume
 .text.USBD_LL_SOF
                0x0800a928       0x40 ./Middlewares/ST/STM32_USB_Device_Library/Core/Src/usbd_core.o
                0x0800a928                USBD_LL_SOF
 .text.USBD_LL_IsoINIncomplete
                0x0800a968       0x64 ./Middlewares/ST/STM32_USB_Device_Library/Core/Src/usbd_core.o
                0x0800a968                USBD_LL_IsoINIncomplete
 .text.USBD_LL_IsoOUTIncomplete
                0x0800a9cc       0x64 ./Middlewares/ST/STM32_USB_Device_Library/Core/Src/usbd_core.o
                0x0800a9cc                USBD_LL_IsoOUTIncomplete
 .text.USBD_LL_DevConnected
                0x0800aa30       0x16 ./Middlewares/ST/STM32_USB_Device_Library/Core/Src/usbd_core.o
                0x0800aa30                USBD_LL_DevConnected
 .text.USBD_LL_DevDisconnected
                0x0800aa46       0x46 ./Middlewares/ST/STM32_USB_Device_Library/Core/Src/usbd_core.o
                0x0800aa46                USBD_LL_DevDisconnected
 .text.USBD_CoreFindIF
                0x0800aa8c       0x1a ./Middlewares/ST/STM32_USB_Device_Library/Core/Src/usbd_core.o
                0x0800aa8c                USBD_CoreFindIF
 .text.USBD_CoreFindEP
                0x0800aaa6       0x1a ./Middlewares/ST/STM32_USB_Device_Library/Core/Src/usbd_core.o
                0x0800aaa6                USBD_CoreFindEP
 .text.USBD_GetNextDesc
                0x0800aac0       0x38 ./Middlewares/ST/STM32_USB_Device_Library/Core/Src/usbd_core.o
                0x0800aac0                USBD_GetNextDesc
 .text.SWAPBYTE
                0x0800aaf8       0x3e ./Middlewares/ST/STM32_USB_Device_Library/Core/Src/usbd_ctlreq.o
 *fill*         0x0800ab36        0x2 
 .text.USBD_StdDevReq
                0x0800ab38       0xe4 ./Middlewares/ST/STM32_USB_Device_Library/Core/Src/usbd_ctlreq.o
                0x0800ab38                USBD_StdDevReq
 .text.USBD_StdItfReq
                0x0800ac1c       0xd8 ./Middlewares/ST/STM32_USB_Device_Library/Core/Src/usbd_ctlreq.o
                0x0800ac1c                USBD_StdItfReq
 .text.USBD_StdEPReq
                0x0800acf4      0x33e ./Middlewares/ST/STM32_USB_Device_Library/Core/Src/usbd_ctlreq.o
                0x0800acf4                USBD_StdEPReq
 *fill*         0x0800b032        0x2 
 .text.USBD_GetDescriptor
                0x0800b034      0x2d4 ./Middlewares/ST/STM32_USB_Device_Library/Core/Src/usbd_ctlreq.o
 .text.USBD_SetAddress
                0x0800b308       0x88 ./Middlewares/ST/STM32_USB_Device_Library/Core/Src/usbd_ctlreq.o
 .text.USBD_SetConfig
                0x0800b390      0x154 ./Middlewares/ST/STM32_USB_Device_Library/Core/Src/usbd_ctlreq.o
 .text.USBD_GetConfig
                0x0800b4e4       0x6c ./Middlewares/ST/STM32_USB_Device_Library/Core/Src/usbd_ctlreq.o
 .text.USBD_GetStatus
                0x0800b550       0x68 ./Middlewares/ST/STM32_USB_Device_Library/Core/Src/usbd_ctlreq.o
 .text.USBD_SetFeature
                0x0800b5b8       0x52 ./Middlewares/ST/STM32_USB_Device_Library/Core/Src/usbd_ctlreq.o
 .text.USBD_ClrFeature
                0x0800b60a       0x44 ./Middlewares/ST/STM32_USB_Device_Library/Core/Src/usbd_ctlreq.o
 .text.USBD_ParseSetupRequest
                0x0800b64e       0x74 ./Middlewares/ST/STM32_USB_Device_Library/Core/Src/usbd_ctlreq.o
                0x0800b64e                USBD_ParseSetupRequest
 .text.USBD_CtlError
                0x0800b6c2       0x22 ./Middlewares/ST/STM32_USB_Device_Library/Core/Src/usbd_ctlreq.o
                0x0800b6c2                USBD_CtlError
 .text.USBD_GetString
                0x0800b6e4       0xa4 ./Middlewares/ST/STM32_USB_Device_Library/Core/Src/usbd_ctlreq.o
                0x0800b6e4                USBD_GetString
 .text.USBD_GetLen
                0x0800b788       0x34 ./Middlewares/ST/STM32_USB_Device_Library/Core/Src/usbd_ctlreq.o
 .text.USBD_CtlSendData
                0x0800b7bc       0x3c ./Middlewares/ST/STM32_USB_Device_Library/Core/Src/usbd_ioreq.o
                0x0800b7bc                USBD_CtlSendData
 .text.USBD_CtlContinueSendData
                0x0800b7f8       0x22 ./Middlewares/ST/STM32_USB_Device_Library/Core/Src/usbd_ioreq.o
                0x0800b7f8                USBD_CtlContinueSendData
 .text.USBD_CtlPrepareRx
                0x0800b81a       0x42 ./Middlewares/ST/STM32_USB_Device_Library/Core/Src/usbd_ioreq.o
                0x0800b81a                USBD_CtlPrepareRx
 .text.USBD_CtlContinueRx
                0x0800b85c       0x22 ./Middlewares/ST/STM32_USB_Device_Library/Core/Src/usbd_ioreq.o
                0x0800b85c                USBD_CtlContinueRx
 .text.USBD_CtlSendStatus
                0x0800b87e       0x26 ./Middlewares/ST/STM32_USB_Device_Library/Core/Src/usbd_ioreq.o
                0x0800b87e                USBD_CtlSendStatus
 .text.USBD_CtlReceiveStatus
                0x0800b8a4       0x26 ./Middlewares/ST/STM32_USB_Device_Library/Core/Src/usbd_ioreq.o
                0x0800b8a4                USBD_CtlReceiveStatus
 *fill*         0x0800b8ca        0x2 
 .text.MX_USB_DEVICE_Init
                0x0800b8cc       0x60 ./USB_DEVICE/App/usb_device.o
                0x0800b8cc                MX_USB_DEVICE_Init
 .text.AUDIO_Init_FS
                0x0800b92c       0x1a ./USB_DEVICE/App/usbd_audio_if.o
 .text.AUDIO_DeInit_FS
                0x0800b946       0x16 ./USB_DEVICE/App/usbd_audio_if.o
 .text.AUDIO_AudioCmd_FS
                0x0800b95c       0x44 ./USB_DEVICE/App/usbd_audio_if.o
 .text.AUDIO_VolumeCtl_FS
                0x0800b9a0       0x18 ./USB_DEVICE/App/usbd_audio_if.o
 .text.AUDIO_MuteCtl_FS
                0x0800b9b8       0x18 ./USB_DEVICE/App/usbd_audio_if.o
 .text.AUDIO_PeriodicTC_FS
                0x0800b9d0       0x1c ./USB_DEVICE/App/usbd_audio_if.o
 .text.AUDIO_GetState_FS
                0x0800b9ec       0x10 ./USB_DEVICE/App/usbd_audio_if.o
 .text.USBD_FS_DeviceDescriptor
                0x0800b9fc       0x24 ./USB_DEVICE/App/usbd_desc.o
                0x0800b9fc                USBD_FS_DeviceDescriptor
 .text.USBD_FS_LangIDStrDescriptor
                0x0800ba20       0x24 ./USB_DEVICE/App/usbd_desc.o
                0x0800ba20                USBD_FS_LangIDStrDescriptor
 .text.USBD_FS_ProductStrDescriptor
                0x0800ba44       0x3c ./USB_DEVICE/App/usbd_desc.o
                0x0800ba44                USBD_FS_ProductStrDescriptor
 .text.USBD_FS_ManufacturerStrDescriptor
                0x0800ba80       0x28 ./USB_DEVICE/App/usbd_desc.o
                0x0800ba80                USBD_FS_ManufacturerStrDescriptor
 .text.USBD_FS_SerialStrDescriptor
                0x0800baa8       0x24 ./USB_DEVICE/App/usbd_desc.o
                0x0800baa8                USBD_FS_SerialStrDescriptor
 .text.USBD_FS_ConfigStrDescriptor
                0x0800bacc       0x3c ./USB_DEVICE/App/usbd_desc.o
                0x0800bacc                USBD_FS_ConfigStrDescriptor
 .text.USBD_FS_InterfaceStrDescriptor
                0x0800bb08       0x3c ./USB_DEVICE/App/usbd_desc.o
                0x0800bb08                USBD_FS_InterfaceStrDescriptor
 .text.Get_SerialNum
                0x0800bb44       0x58 ./USB_DEVICE/App/usbd_desc.o
 .text.IntToUnicode
                0x0800bb9c       0x7e ./USB_DEVICE/App/usbd_desc.o
 *fill*         0x0800bc1a        0x2 
 .text.HAL_PCD_MspInit
                0x0800bc1c       0xc4 ./USB_DEVICE/Target/usbd_conf.o
                0x0800bc1c                HAL_PCD_MspInit
 .text.HAL_PCD_SetupStageCallback
                0x0800bce0       0x24 ./USB_DEVICE/Target/usbd_conf.o
                0x0800bce0                HAL_PCD_SetupStageCallback
 .text.HAL_PCD_DataOutStageCallback
                0x0800bd04       0x36 ./USB_DEVICE/Target/usbd_conf.o
                0x0800bd04                HAL_PCD_DataOutStageCallback
 .text.HAL_PCD_DataInStageCallback
                0x0800bd3a       0x34 ./USB_DEVICE/Target/usbd_conf.o
                0x0800bd3a                HAL_PCD_DataInStageCallback
 .text.HAL_PCD_SOFCallback
                0x0800bd6e       0x1c ./USB_DEVICE/Target/usbd_conf.o
                0x0800bd6e                HAL_PCD_SOFCallback
 .text.HAL_PCD_ResetCallback
                0x0800bd8a       0x50 ./USB_DEVICE/Target/usbd_conf.o
                0x0800bd8a                HAL_PCD_ResetCallback
 *fill*         0x0800bdda        0x2 
 .text.HAL_PCD_SuspendCallback
                0x0800bddc       0x4c ./USB_DEVICE/Target/usbd_conf.o
                0x0800bddc                HAL_PCD_SuspendCallback
 .text.HAL_PCD_ResumeCallback
                0x0800be28       0x1c ./USB_DEVICE/Target/usbd_conf.o
                0x0800be28                HAL_PCD_ResumeCallback
 .text.HAL_PCD_ISOOUTIncompleteCallback
                0x0800be44       0x24 ./USB_DEVICE/Target/usbd_conf.o
                0x0800be44                HAL_PCD_ISOOUTIncompleteCallback
 .text.HAL_PCD_ISOINIncompleteCallback
                0x0800be68       0x24 ./USB_DEVICE/Target/usbd_conf.o
                0x0800be68                HAL_PCD_ISOINIncompleteCallback
 .text.HAL_PCD_ConnectCallback
                0x0800be8c       0x1c ./USB_DEVICE/Target/usbd_conf.o
                0x0800be8c                HAL_PCD_ConnectCallback
 .text.HAL_PCD_DisconnectCallback
                0x0800bea8       0x1c ./USB_DEVICE/Target/usbd_conf.o
                0x0800bea8                HAL_PCD_DisconnectCallback
 .text.USBD_LL_Init
                0x0800bec4       0x98 ./USB_DEVICE/Target/usbd_conf.o
                0x0800bec4                USBD_LL_Init
 .text.USBD_LL_Start
                0x0800bf5c       0x36 ./USB_DEVICE/Target/usbd_conf.o
                0x0800bf5c                USBD_LL_Start
 .text.USBD_LL_OpenEP
                0x0800bf92       0x4c ./USB_DEVICE/Target/usbd_conf.o
                0x0800bf92                USBD_LL_OpenEP
 .text.USBD_LL_CloseEP
                0x0800bfde       0x3e ./USB_DEVICE/Target/usbd_conf.o
                0x0800bfde                USBD_LL_CloseEP
 .text.USBD_LL_StallEP
                0x0800c01c       0x3e ./USB_DEVICE/Target/usbd_conf.o
                0x0800c01c                USBD_LL_StallEP
 .text.USBD_LL_ClearStallEP
                0x0800c05a       0x3e ./USB_DEVICE/Target/usbd_conf.o
                0x0800c05a                USBD_LL_ClearStallEP
 .text.USBD_LL_IsStallEP
                0x0800c098       0x58 ./USB_DEVICE/Target/usbd_conf.o
                0x0800c098                USBD_LL_IsStallEP
 .text.USBD_LL_SetUSBAddress
                0x0800c0f0       0x3e ./USB_DEVICE/Target/usbd_conf.o
                0x0800c0f0                USBD_LL_SetUSBAddress
 .text.USBD_LL_Transmit
                0x0800c12e       0x42 ./USB_DEVICE/Target/usbd_conf.o
                0x0800c12e                USBD_LL_Transmit
 .text.USBD_LL_PrepareReceive
                0x0800c170       0x42 ./USB_DEVICE/Target/usbd_conf.o
                0x0800c170                USBD_LL_PrepareReceive
 .text.USBD_LL_GetRxDataSize
                0x0800c1b2       0x26 ./USB_DEVICE/Target/usbd_conf.o
                0x0800c1b2                USBD_LL_GetRxDataSize
 .text.USBD_static_malloc
                0x0800c1d8       0x1c ./USB_DEVICE/Target/usbd_conf.o
                0x0800c1d8                USBD_static_malloc
 .text.USBD_static_free
                0x0800c1f4       0x14 ./USB_DEVICE/Target/usbd_conf.o
                0x0800c1f4                USBD_static_free
 .text.USBD_Get_USB_Status
                0x0800c208       0x58 ./USB_DEVICE/Target/usbd_conf.o
                0x0800c208                USBD_Get_USB_Status
 .text.memset   0x0800c260       0x10 C:/ST/STM32CubeIDE_2.0.0/STM32CubeIDE/plugins/com.st.stm32cube.ide.mcu.externaltools.gnu-tools-for-stm32.13.3.rel1.win32_1.0.100.202509120712/tools/bin/../lib/gcc/arm-none-eabi/13.3.1/../../../../arm-none-eabi/lib/thumb/v7e-m+fp/hard\libc_nano.a(libc_a-memset.o)
                0x0800c260                memset
 .text.__libc_init_array
                0x0800c270       0x48 C:/ST/STM32CubeIDE_2.0.0/STM32CubeIDE/plugins/com.st.stm32cube.ide.mcu.externaltools.gnu-tools-for-stm32.13.3.rel1.win32_1.0.100.202509120712/tools/bin/../lib/gcc/arm-none-eabi/13.3.1/../../../../arm-none-eabi/lib/thumb/v7e-m+fp/hard\libc_nano.a(libc_a-init.o)
                0x0800c270                __libc_init_array
 .text.sinf     0x0800c2b8       0x8c C:/ST/STM32CubeIDE_2.0.0/STM32CubeIDE/plugins/com.st.stm32cube.ide.mcu.externaltools.gnu-tools-for-stm32.13.3.rel1.win32_1.0.100.202509120712/tools/bin/../lib/gcc/arm-none-eabi/13.3.1/../../../../arm-none-eabi/lib/thumb/v7e-m+fp/hard\libm.a(libm_a-sf_sin.o)
                0x0800c2b8                sinf
 .text.__kernel_cosf
                0x0800c344       0xb0 C:/ST/STM32CubeIDE_2.0.0/STM32CubeIDE/plugins/com.st.stm32cube.ide.mcu.externaltools.gnu-tools-for-stm32.13.3.rel1.win32_1.0.100.202509120712/tools/bin/../lib/gcc/arm-none-eabi/13.3.1/../../../../arm-none-eabi/lib/thumb/v7e-m+fp/hard\libm.a(libm_a-kf_cos.o)
                0x0800c344                __kernel_cosf
 .text.__kernel_sinf
                0x0800c3f4       0x90 C:/ST/STM32CubeIDE_2.0.0/STM32CubeIDE/plugins/com.st.stm32cube.ide.mcu.externaltools.gnu-tools-for-stm32.13.3.rel1.win32_1.0.100.202509120712/tools/bin/../lib/gcc/arm-none-eabi/13.3.1/../../../../arm-none-eabi/lib/thumb/v7e-m+fp/hard\libm.a(libm_a-kf_sin.o)
                0x0800c3f4                __kernel_sinf
 .text.__ieee754_rem_pio2f
                0x0800c484      0x260 C:/ST/STM32CubeIDE_2.0.0/STM32CubeIDE/plugins/com.st.stm32cube.ide.mcu.externaltools.gnu-tools-for-stm32.13.3.rel1.win32_1.0.100.202509120712/tools/bin/../lib/gcc/arm-none-eabi/13.3.1/../../../../arm-none-eabi/lib/thumb/v7e-m+fp/hard\libm.a(libm_a-ef_rem_pio2.o)
                0x0800c484                __ieee754_rem_pio2f
 .text.fabsf    0x0800c6e4        0xe C:/ST/STM32CubeIDE_2.0.0/STM32CubeIDE/plugins/com.st.stm32cube.ide.mcu.externaltools.gnu-tools-for-stm32.13.3.rel1.win32_1.0.100.202509120712/tools/bin/../lib/gcc/arm-none-eabi/13.3.1/../../../../arm-none-eabi/lib/thumb/v7e-m+fp/hard\libm.a(libm_a-sf_fabs.o)
                0x0800c6e4                fabsf
 *fill*         0x0800c6f2        0x2 
 .text.__kernel_rem_pio2f
                0x0800c6f4      0x4d0 C:/ST/STM32CubeIDE_2.0.0/STM32CubeIDE/plugins/com.st.stm32cube.ide.mcu.externaltools.gnu-tools-for-stm32.13.3.rel1.win32_1.0.100.202509120712/tools/bin/../lib/gcc/arm-none-eabi/13.3.1/../../../../arm-none-eabi/lib/thumb/v7e-m+fp/hard\libm.a(libm_a-kf_rem_pio2.o)
                0x0800c6f4                __kernel_rem_pio2f
 .text.scalbnf  0x0800cbc4       0xcc C:/ST/STM32CubeIDE_2.0.0/STM32CubeIDE/plugins/com.st.stm32cube.ide.mcu.externaltools.gnu-tools-for-stm32.13.3.rel1.win32_1.0.100.202509120712/tools/bin/../lib/gcc/arm-none-eabi/13.3.1/../../../../arm-none-eabi/lib/thumb/v7e-m+fp/hard\libm.a(libm_a-sf_scalbn.o)
                0x0800cbc4                scalbnf
 .text.floorf   0x0800cc90       0x88 C:/ST/STM32CubeIDE_2.0.0/STM32CubeIDE/plugins/com.st.stm32cube.ide.mcu.externaltools.gnu-tools-for-stm32.13.3.rel1.win32_1.0.100.202509120712/tools/bin/../lib/gcc/arm-none-eabi/13.3.1/../../../../arm-none-eabi/lib/thumb/v7e-m+fp/hard\libm.a(libm_a-sf_floor.o)
                0x0800cc90                floorf
 *(.glue_7)
 .glue_7        0x0800cd18        0x0 linker stubs
 *(.glue_7t)
 .glue_7t       0x0800cd18        0x0 linker stubs
 *(.eh_frame)
 .eh_frame      0x0800cd18        0x0 C:/ST/STM32CubeIDE_2.0.0/STM32CubeIDE/plugins/com.st.stm32cube.ide.mcu.externaltools.gnu-tools-for-stm32.13.3.rel1.win32_1.0.100.202509120712/tools/bin/../lib/gcc/arm-none-eabi/13.3.1/thumb/v7e-m+fp/hard/crtbegin.o
 *(.init)
 .init          0x0800cd18        0x4 C:/ST/STM32CubeIDE_2.0.0/STM32CubeIDE/plugins/com.st.stm32cube.ide.mcu.externaltools.gnu-tools-for-stm32.13.3.rel1.win32_1.0.100.202509120712/tools/bin/../lib/gcc/arm-none-eabi/13.3.1/thumb/v7e-m+fp/hard/crti.o
                0x0800cd18                _init
 .init          0x0800cd1c        0x8 C:/ST/STM32CubeIDE_2.0.0/STM32CubeIDE/plugins/com.st.stm32cube.ide.mcu.externaltools.gnu-tools-for-stm32.13.3.rel1.win32_1.0.100.202509120712/tools/bin/../lib/gcc/arm-none-eabi/13.3.1/thumb/v7e-m+fp/hard/crtn.o
 *(.fini)
 .fini          0x0800cd24        0x4 C:/ST/STM32CubeIDE_2.0.0/STM32CubeIDE/plugins/com.st.stm32cube.ide.mcu.externaltools.gnu-tools-for-stm32.13.3.rel1.win32_1.0.100.202509120712/tools/bin/../lib/gcc/arm-none-eabi/13.3.1/thumb/v7e-m+fp/hard/crti.o
                0x0800cd24                _fini
 .fini          0x0800cd28        0x8 C:/ST/STM32CubeIDE_2.0.0/STM32CubeIDE/plugins/com.st.stm32cube.ide.mcu.externaltools.gnu-tools-for-stm32.13.3.rel1.win32_1.0.100.202509120712/tools/bin/../lib/gcc/arm-none-eabi/13.3.1/thumb/v7e-m+fp/hard/crtn.o
                0x0800cd30                        . = ALIGN (0x4)
                0x0800cd30                        _etext = .

.vfp11_veneer   0x0800cd30        0x0
 .vfp11_veneer  0x0800cd30        0x0 linker stubs

.v4_bx          0x0800cd30        0x0
 .v4_bx         0x0800cd30        0x0 linker stubs

.iplt           0x0800cd30        0x0
 .iplt          0x0800cd30        0x0 C:/ST/STM32CubeIDE_2.0.0/STM32CubeIDE/plugins/com.st.stm32cube.ide.mcu.externaltools.gnu-tools-for-stm32.13.3.rel1.win32_1.0.100.202509120712/tools/bin/../lib/gcc/arm-none-eabi/13.3.1/thumb/v7e-m+fp/hard/crtbegin.o

.rodata         0x0800cd30      0x4d0
                0x0800cd30                        . = ALIGN (0x4)
 *(.rodata)
 .rodata        0x0800cd30       0x38 ./Core/Src/app_main.o
 .rodata        0x0800cd68       0x48 ./USB_DEVICE/App/usbd_desc.o
 *(.rodata*)
 .rodata.I2SFreq
                0x0800cdb0       0x20 ./Core/Src/stm32f4_discovery_audio.o
                0x0800cdb0                I2SFreq
 .rodata.I2SPLLN
                0x0800cdd0       0x20 ./Core/Src/stm32f4_discovery_audio.o
                0x0800cdd0                I2SPLLN
 .rodata.I2SPLLR
                0x0800cdf0       0x20 ./Core/Src/stm32f4_discovery_audio.o
                0x0800cdf0                I2SPLLR
 .rodata.AHBPrescTable
                0x0800ce10       0x10 ./Core/Src/system_stm32f4xx.o
                0x0800ce10                AHBPrescTable
 .rodata.APBPrescTable
                0x0800ce20        0x8 ./Core/Src/system_stm32f4xx.o
                0x0800ce20                APBPrescTable
 .rodata.flagBitshiftOffset.0
                0x0800ce28        0x8 ./Drivers/STM32F4xx_HAL_Driver/Src/stm32f4xx_hal_dma.o
 .rodata.npio2_hw
                0x0800ce30       0x80 C:/ST/STM32CubeIDE_2.0.0/STM32CubeIDE/plugins/com.st.stm32cube.ide.mcu.externaltools.gnu-tools-for-stm32.13.3.rel1.win32_1.0.100.202509120712/tools/bin/../lib/gcc/arm-none-eabi/13.3.1/../../../../arm-none-eabi/lib/thumb/v7e-m+fp/hard\libm.a(libm_a-ef_rem_pio2.o)
 .rodata.two_over_pi
                0x0800ceb0      0x318 C:/ST/STM32CubeIDE_2.0.0/STM32CubeIDE/plugins/com.st.stm32cube.ide.mcu.externaltools.gnu-tools-for-stm32.13.3.rel1.win32_1.0.100.202509120712/tools/bin/../lib/gcc/arm-none-eabi/13.3.1/../../../../arm-none-eabi/lib/thumb/v7e-m+fp/hard\libm.a(libm_a-ef_rem_pio2.o)
 .rodata.PIo2   0x0800d1c8       0x2c C:/ST/STM32CubeIDE_2.0.0/STM32CubeIDE/plugins/com.st.stm32cube.ide.mcu.externaltools.gnu-tools-for-stm32.13.3.rel1.win32_1.0.100.202509120712/tools/bin/../lib/gcc/arm-none-eabi/13.3.1/../../../../arm-none-eabi/lib/thumb/v7e-m+fp/hard\libm.a(libm_a-kf_rem_pio2.o)
 .rodata.init_jk
                0x0800d1f4        0xc C:/ST/STM32CubeIDE_2.0.0/STM32CubeIDE/plugins/com.st.stm32cube.ide.mcu.externaltools.gnu-tools-for-stm32.13.3.rel1.win32_1.0.100.202509120712/tools/bin/../lib/gcc/arm-none-eabi/13.3.1/../../../../arm-none-eabi/lib/thumb/v7e-m+fp/hard\libm.a(libm_a-kf_rem_pio2.o)
                0x0800d200                        . = ALIGN (0x4)

.ARM.extab      0x0800d200        0x0
                0x0800d200                        . = ALIGN (0x4)
 *(.ARM.extab* .gnu.linkonce.armextab.*)
                0x0800d200                        . = ALIGN (0x4)

.ARM            0x0800d200        0x8
                0x0800d200                        . = ALIGN (0x4)
                0x0800d200                        __exidx_start = .
 *(.ARM.exidx*)
 .ARM.exidx     0x0800d200        0x8 C:/ST/STM32CubeIDE_2.0.0/STM32CubeIDE/plugins/com.st.stm32cube.ide.mcu.externaltools.gnu-tools-for-stm32.13.3.rel1.win32_1.0.100.202509120712/tools/bin/../lib/gcc/arm-none-eabi/13.3.1/thumb/v7e-m+fp/hard\libgcc.a(_udivmoddi4.o)
                0x0800d208                        __exidx_end = .
                0x0800d208                        . = ALIGN (0x4)

.preinit_array  0x0800d208        0x0
                0x0800d208                        . = ALIGN (0x4)
                0x0800d208                        PROVIDE (__preinit_array_start = .)
 *(.preinit_array*)
                0x0800d208                        PROVIDE (__preinit_array_end = .)
                0x0800d208                        . = ALIGN (0x4)

.init_array     0x0800d208        0x4
                0x0800d208                        . = ALIGN (0x4)
                0x0800d208                        PROVIDE (__init_array_start = .)
 *(SORT_BY_NAME(.init_array.*))
 *(.init_array*)
 .init_array    0x0800d208        0x4 C:/ST/STM32CubeIDE_2.0.0/STM32CubeIDE/plugins/com.st.stm32cube.ide.mcu.externaltools.gnu-tools-for-stm32.13.3.rel1.win32_1.0.100.202509120712/tools/bin/../lib/gcc/arm-none-eabi/13.3.1/thumb/v7e-m+fp/hard/crtbegin.o
                0x0800d20c                        PROVIDE (__init_array_end = .)
                0x0800d20c                        . = ALIGN (0x4)

.fini_array     0x0800d20c        0x4
                0x0800d20c                        . = ALIGN (0x4)
                [!provide]                        PROVIDE (__fini_array_start = .)
 *(SORT_BY_NAME(.fini_array.*))
 *(.fini_array*)
 .fini_array    0x0800d20c        0x4 C:/ST/STM32CubeIDE_2.0.0/STM32CubeIDE/plugins/com.st.stm32cube.ide.mcu.externaltools.gnu-tools-for-stm32.13.3.rel1.win32_1.0.100.202509120712/tools/bin/../lib/gcc/arm-none-eabi/13.3.1/thumb/v7e-m+fp/hard/crtbegin.o
                [!provide]                        PROVIDE (__fini_array_end = .)
                0x0800d210                        . = ALIGN (0x4)
                0x0800d210                        _sidata = LOADADDR (.data)

.rel.dyn        0x0800d210        0x0
 .rel.iplt      0x0800d210        0x0 C:/ST/STM32CubeIDE_2.0.0/STM32CubeIDE/plugins/com.st.stm32cube.ide.mcu.externaltools.gnu-tools-for-stm32.13.3.rel1.win32_1.0.100.202509120712/tools/bin/../lib/gcc/arm-none-eabi/13.3.1/thumb/v7e-m+fp/hard/crtbegin.o

.data           0x20000000      0x16c load address 0x0800d210
                0x20000000                        . = ALIGN (0x4)
                0x20000000                        _sdata = .
 *(.data)
 *(.data*)
 .data.global_volume
                0x20000000        0x4 ./Core/Src/app_main.o
                0x20000000                global_volume
 .data.t_short  0x20000004        0x4 ./Core/Src/app_main.o
                0x20000004                t_short
 .data.cs43l22_drv
                0x20000008       0x30 ./Core/Src/cs43l22.o
                0x20000008                cs43l22_drv
 .data.Is_cs43l22_Stop
                0x20000038        0x1 ./Core/Src/cs43l22.o
 *fill*         0x20000039        0x3 
 .data.I2cxTimeout
                0x2000003c        0x4 ./Core/Src/stm32f4_discovery.o
                0x2000003c                I2cxTimeout
 .data.SystemCoreClock
                0x20000040        0x4 ./Core/Src/system_stm32f4xx.o
                0x20000040                SystemCoreClock
 .data.uwTickPrio
                0x20000044        0x4 ./Drivers/STM32F4xx_HAL_Driver/Src/stm32f4xx_hal.o
                0x20000044                uwTickPrio
 .data.uwTickFreq
                0x20000048        0x1 ./Drivers/STM32F4xx_HAL_Driver/Src/stm32f4xx_hal.o
                0x20000048                uwTickFreq
 *fill*         0x20000049        0x3 
 .data.USBD_AUDIO
                0x2000004c       0x38 ./Middlewares/ST/STM32_USB_Device_Library/Class/AUDIO/Src/usbd_audio.o
                0x2000004c                USBD_AUDIO
 .data.USBD_AUDIO_CfgDesc
                0x20000084       0x6d ./Middlewares/ST/STM32_USB_Device_Library/Class/AUDIO/Src/usbd_audio.o
 *fill*         0x200000f1        0x3 
 .data.USBD_AUDIO_DeviceQualifierDesc
                0x200000f4        0xa ./Middlewares/ST/STM32_USB_Device_Library/Class/AUDIO/Src/usbd_audio.o
 .data.AUDIOOutEpAdd
                0x200000fe        0x1 ./Middlewares/ST/STM32_USB_Device_Library/Class/AUDIO/Src/usbd_audio.o
 *fill*         0x200000ff        0x1 
 .data.USBD_AUDIO_fops_FS
                0x20000100       0x1c ./USB_DEVICE/App/usbd_audio_if.o
                0x20000100                USBD_AUDIO_fops_FS
 .data.FS_Desc  0x2000011c       0x1c ./USB_DEVICE/App/usbd_desc.o
                0x2000011c                FS_Desc
 .data.USBD_FS_DeviceDesc
                0x20000138       0x12 ./USB_DEVICE/App/usbd_desc.o
                0x20000138                USBD_FS_DeviceDesc
 *fill*         0x2000014a        0x2 
 .data.USBD_LangIDDesc
                0x2000014c        0x4 ./USB_DEVICE/App/usbd_desc.o
                0x2000014c                USBD_LangIDDesc
 .data.USBD_StringSerial
                0x20000150       0x1a ./USB_DEVICE/App/usbd_desc.o
                0x20000150                USBD_StringSerial
 *(.RamFunc)
 *(.RamFunc*)
                0x2000016c                        . = ALIGN (0x4)
 *fill*         0x2000016a        0x2 
                0x2000016c                        _edata = .
                0x0800d37c                        _siccmram = LOADADDR (.ccmram)

.igot.plt       0x2000016c        0x0 load address 0x0800d37c
 .igot.plt      0x2000016c        0x0 C:/ST/STM32CubeIDE_2.0.0/STM32CubeIDE/plugins/com.st.stm32cube.ide.mcu.externaltools.gnu-tools-for-stm32.13.3.rel1.win32_1.0.100.202509120712/tools/bin/../lib/gcc/arm-none-eabi/13.3.1/thumb/v7e-m+fp/hard/crtbegin.o

.ccmram         0x10000000        0x0 load address 0x0800d37c
                0x10000000                        . = ALIGN (0x4)
                0x10000000                        _sccmram = .
 *(.ccmram)
 *(.ccmram*)
                0x10000000                        . = ALIGN (0x4)
                0x10000000                        _eccmram = .
                0x10000000                        . = ALIGN (0x4)

.bss            0x2000016c     0x68e0
                0x2000016c                        _sbss = .
                0x2000016c                        __bss_start__ = _sbss
 *(.bss)
 .bss           0x2000016c       0x1c C:/ST/STM32CubeIDE_2.0.0/STM32CubeIDE/plugins/com.st.stm32cube.ide.mcu.externaltools.gnu-tools-for-stm32.13.3.rel1.win32_1.0.100.202509120712/tools/bin/../lib/gcc/arm-none-eabi/13.3.1/thumb/v7e-m+fp/hard/crtbegin.o
 *(.bss*)
 .bss.Audio_Ring_Buffer
                0x20000188     0x1000 ./Core/Src/app_main.o
                0x20000188                Audio_Ring_Buffer
 .bss.Filter_Ring_Buffer
                0x20001188     0x1000 ./Core/Src/app_main.o
                0x20001188                Filter_Ring_Buffer
 .bss.current_phase
                0x20002188        0x4 ./Core/Src/app_main.o
                0x20002188                current_phase
 .bss.target_frequency
                0x2000218c        0x4 ./Core/Src/app_main.o
                0x2000218c                target_frequency
 .bss.OutputDev
                0x20002190        0x1 ./Core/Src/cs43l22.o
                0x20002190                OutputDev
 *fill*         0x20002191        0x3 
 .bss.hadc1     0x20002194       0x48 ./Core/Src/main.o
                0x20002194                hadc1
 .bss.hi2c1     0x200021dc       0x54 ./Core/Src/main.o
                0x200021dc                hi2c1
 .bss.hi2s3     0x20002230       0x48 ./Core/Src/main.o
                0x20002230                hi2s3
 .bss.hdma_spi3_tx
                0x20002278       0x60 ./Core/Src/main.o
                0x20002278                hdma_spi3_tx
 .bss.hspi1     0x200022d8       0x58 ./Core/Src/main.o
                0x200022d8                hspi1
 .bss.I2cHandle
                0x20002330       0x54 ./Core/Src/stm32f4_discovery.o
 .bss.pAudioDrv
                0x20002384        0x4 ./Core/Src/stm32f4_discovery_audio.o
 .bss.hAudioOutI2s
                0x20002388       0x48 ./Core/Src/stm32f4_discovery_audio.o
                0x20002388                hAudioOutI2s
 .bss.hdma_i2sTx.1
                0x200023d0       0x60 ./Core/Src/stm32f4_discovery_audio.o
 .bss.uwTick    0x20002430        0x4 ./Drivers/STM32F4xx_HAL_Driver/Src/stm32f4xx_hal.o
                0x20002430                uwTick
 .bss.cfgidx.0  0x20002434        0x1 ./Middlewares/ST/STM32_USB_Device_Library/Core/Src/usbd_ctlreq.o
 *fill*         0x20002435        0x3 
 .bss.hUsbDeviceFS
                0x20002438      0x2dc ./USB_DEVICE/App/usb_device.o
                0x20002438                hUsbDeviceFS
 .bss.USBD_StrDesc
                0x20002714      0x200 ./USB_DEVICE/App/usbd_desc.o
                0x20002714                USBD_StrDesc
 .bss.hpcd_USB_OTG_FS
                0x20002914      0x4e4 ./USB_DEVICE/Target/usbd_conf.o
                0x20002914                hpcd_USB_OTG_FS
 .bss.mem.0     0x20002df8     0x3c54 ./USB_DEVICE/Target/usbd_conf.o
 *(COMMON)
                0x20006a4c                        . = ALIGN (0x4)
                0x20006a4c                        _ebss = .
                0x20006a4c                        __bss_end__ = _ebss

._user_heap_stack
                0x20006a4c     0x2004
                0x20006a50                        . = ALIGN (0x8)
 *fill*         0x20006a4c        0x4 
                [!provide]                        PROVIDE (end = .)
                0x20006a50                        PROVIDE (_end = .)
                0x20007a50                        . = (. + _Min_Heap_Size)
 *fill*         0x20006a50     0x1000 
                0x20008a50                        . = (. + _Min_Stack_Size)
 *fill*         0x20007a50     0x1000 
                0x20008a50                        . = ALIGN (0x8)

/DISCARD/
 libc.a(*)
 libm.a(*)
 libgcc.a(*)

.ARM.attributes
                0x00000000       0x30
 *(.ARM.attributes)
 .ARM.attributes
                0x00000000       0x22 C:/ST/STM32CubeIDE_2.0.0/STM32CubeIDE/plugins/com.st.stm32cube.ide.mcu.externaltools.gnu-tools-for-stm32.13.3.rel1.win32_1.0.100.202509120712/tools/bin/../lib/gcc/arm-none-eabi/13.3.1/thumb/v7e-m+fp/hard/crti.o
 .ARM.attributes
                0x00000022       0x34 C:/ST/STM32CubeIDE_2.0.0/STM32CubeIDE/plugins/com.st.stm32cube.ide.mcu.externaltools.gnu-tools-for-stm32.13.3.rel1.win32_1.0.100.202509120712/tools/bin/../lib/gcc/arm-none-eabi/13.3.1/thumb/v7e-m+fp/hard/crtbegin.o
 .ARM.attributes
                0x00000056       0x34 ./Core/Src/Filter.o
 .ARM.attributes
                0x0000008a       0x34 ./Core/Src/app_main.o
 .ARM.attributes
                0x000000be       0x34 ./Core/Src/cs43l22.o
 .ARM.attributes
                0x000000f2       0x34 ./Core/Src/main.o
 .ARM.attributes
                0x00000126       0x34 ./Core/Src/stm32f4_discovery.o
 .ARM.attributes
                0x0000015a       0x34 ./Core/Src/stm32f4_discovery_audio.o
 .ARM.attributes
                0x0000018e       0x34 ./Core/Src/stm32f4xx_hal_adc.o
 .ARM.attributes
                0x000001c2       0x34 ./Core/Src/stm32f4xx_hal_msp.o
 .ARM.attributes
                0x000001f6       0x34 ./Core/Src/stm32f4xx_it.o
 .ARM.attributes
                0x0000022a       0x34 ./Core/Src/system_stm32f4xx.o
 .ARM.attributes
                0x0000025e       0x21 ./Core/Startup/startup_stm32f407vgtx.o
 .ARM.attributes
                0x0000027f       0x34 ./Drivers/STM32F4xx_HAL_Driver/Src/stm32f4xx_hal.o
 .ARM.attributes
                0x000002b3       0x34 ./Drivers/STM32F4xx_HAL_Driver/Src/stm32f4xx_hal_cortex.o
 .ARM.attributes
                0x000002e7       0x34 ./Drivers/STM32F4xx_HAL_Driver/Src/stm32f4xx_hal_dma.o
 .ARM.attributes
                0x0000031b       0x34 ./Drivers/STM32F4xx_HAL_Driver/Src/stm32f4xx_hal_gpio.o
 .ARM.attributes
                0x0000034f       0x34 ./Drivers/STM32F4xx_HAL_Driver/Src/stm32f4xx_hal_i2c.o
 .ARM.attributes
                0x00000383       0x34 ./Drivers/STM32F4xx_HAL_Driver/Src/stm32f4xx_hal_i2s.o
 .ARM.attributes
                0x000003b7       0x34 ./Drivers/STM32F4xx_HAL_Driver/Src/stm32f4xx_hal_i2s_ex.o
 .ARM.attributes
                0x000003eb       0x34 ./Drivers/STM32F4xx_HAL_Driver/Src/stm32f4xx_hal_pcd.o
 .ARM.attributes
                0x0000041f       0x34 ./Drivers/STM32F4xx_HAL_Driver/Src/stm32f4xx_hal_pcd_ex.o
 .ARM.attributes
                0x00000453       0x34 ./Drivers/STM32F4xx_HAL_Driver/Src/stm32f4xx_hal_rcc.o
 .ARM.attributes
                0x00000487       0x34 ./Drivers/STM32F4xx_HAL_Driver/Src/stm32f4xx_hal_rcc_ex.o
 .ARM.attributes
                0x000004bb       0x34 ./Drivers/STM32F4xx_HAL_Driver/Src/stm32f4xx_hal_spi.o
 .ARM.attributes
                0x000004ef       0x34 ./Drivers/STM32F4xx_HAL_Driver/Src/stm32f4xx_ll_usb.o
 .ARM.attributes
                0x00000523       0x34 ./Middlewares/ST/STM32_USB_Device_Library/Class/AUDIO/Src/usbd_audio.o
 .ARM.attributes
                0x00000557       0x34 ./Middlewares/ST/STM32_USB_Device_Library/Core/Src/usbd_core.o
 .ARM.attributes
                0x0000058b       0x34 ./Middlewares/ST/STM32_USB_Device_Library/Core/Src/usbd_ctlreq.o
 .ARM.attributes
                0x000005bf       0x34 ./Middlewares/ST/STM32_USB_Device_Library/Core/Src/usbd_ioreq.o
 .ARM.attributes
                0x000005f3       0x34 ./USB_DEVICE/App/usb_device.o
 .ARM.attributes
                0x00000627       0x34 ./USB_DEVICE/App/usbd_audio_if.o
 .ARM.attributes
                0x0000065b       0x34 ./USB_DEVICE/App/usbd_desc.o
 .ARM.attributes
                0x0000068f       0x34 ./USB_DEVICE/Target/usbd_conf.o
 .ARM.attributes
                0x000006c3       0x34 C:/ST/STM32CubeIDE_2.0.0/STM32CubeIDE/plugins/com.st.stm32cube.ide.mcu.externaltools.gnu-tools-for-stm32.13.3.rel1.win32_1.0.100.202509120712/tools/bin/../lib/gcc/arm-none-eabi/13.3.1/../../../../arm-none-eabi/lib/thumb/v7e-m+fp/hard\libc_nano.a(libc_a-memset.o)
 .ARM.attributes
                0x000006f7       0x34 C:/ST/STM32CubeIDE_2.0.0/STM32CubeIDE/plugins/com.st.stm32cube.ide.mcu.externaltools.gnu-tools-for-stm32.13.3.rel1.win32_1.0.100.202509120712/tools/bin/../lib/gcc/arm-none-eabi/13.3.1/../../../../arm-none-eabi/lib/thumb/v7e-m+fp/hard\libc_nano.a(libc_a-init.o)
 .ARM.attributes
                0x0000072b       0x34 C:/ST/STM32CubeIDE_2.0.0/STM32CubeIDE/plugins/com.st.stm32cube.ide.mcu.externaltools.gnu-tools-for-stm32.13.3.rel1.win32_1.0.100.202509120712/tools/bin/../lib/gcc/arm-none-eabi/13.3.1/../../../../arm-none-eabi/lib/thumb/v7e-m+fp/hard\libm.a(libm_a-sf_sin.o)
 .ARM.attributes
                0x0000075f       0x34 C:/ST/STM32CubeIDE_2.0.0/STM32CubeIDE/plugins/com.st.stm32cube.ide.mcu.externaltools.gnu-tools-for-stm32.13.3.rel1.win32_1.0.100.202509120712/tools/bin/../lib/gcc/arm-none-eabi/13.3.1/../../../../arm-none-eabi/lib/thumb/v7e-m+fp/hard\libm.a(libm_a-kf_cos.o)
 .ARM.attributes
                0x00000793       0x34 C:/ST/STM32CubeIDE_2.0.0/STM32CubeIDE/plugins/com.st.stm32cube.ide.mcu.externaltools.gnu-tools-for-stm32.13.3.rel1.win32_1.0.100.202509120712/tools/bin/../lib/gcc/arm-none-eabi/13.3.1/../../../../arm-none-eabi/lib/thumb/v7e-m+fp/hard\libm.a(libm_a-kf_sin.o)
 .ARM.attributes
                0x000007c7       0x34 C:/ST/STM32CubeIDE_2.0.0/STM32CubeIDE/plugins/com.st.stm32cube.ide.mcu.externaltools.gnu-tools-for-stm32.13.3.rel1.win32_1.0.100.202509120712/tools/bin/../lib/gcc/arm-none-eabi/13.3.1/../../../../arm-none-eabi/lib/thumb/v7e-m+fp/hard\libm.a(libm_a-ef_rem_pio2.o)
 .ARM.attributes
                0x000007fb       0x34 C:/ST/STM32CubeIDE_2.0.0/STM32CubeIDE/plugins/com.st.stm32cube.ide.mcu.externaltools.gnu-tools-for-stm32.13.3.rel1.win32_1.0.100.202509120712/tools/bin/../lib/gcc/arm-none-eabi/13.3.1/../../../../arm-none-eabi/lib/thumb/v7e-m+fp/hard\libm.a(libm_a-sf_fabs.o)
 .ARM.attributes
                0x0000082f       0x34 C:/ST/STM32CubeIDE_2.0.0/STM32CubeIDE/plugins/com.st.stm32cube.ide.mcu.externaltools.gnu-tools-for-stm32.13.3.rel1.win32_1.0.100.202509120712/tools/bin/../lib/gcc/arm-none-eabi/13.3.1/../../../../arm-none-eabi/lib/thumb/v7e-m+fp/hard\libm.a(libm_a-kf_rem_pio2.o)
 .ARM.attributes
                0x00000863       0x34 C:/ST/STM32CubeIDE_2.0.0/STM32CubeIDE/plugins/com.st.stm32cube.ide.mcu.externaltools.gnu-tools-for-stm32.13.3.rel1.win32_1.0.100.202509120712/tools/bin/../lib/gcc/arm-none-eabi/13.3.1/../../../../arm-none-eabi/lib/thumb/v7e-m+fp/hard\libm.a(libm_a-sf_scalbn.o)
 .ARM.attributes
                0x00000897       0x34 C:/ST/STM32CubeIDE_2.0.0/STM32CubeIDE/plugins/com.st.stm32cube.ide.mcu.externaltools.gnu-tools-for-stm32.13.3.rel1.win32_1.0.100.202509120712/tools/bin/../lib/gcc/arm-none-eabi/13.3.1/../../../../arm-none-eabi/lib/thumb/v7e-m+fp/hard\libm.a(libm_a-sf_floor.o)
 .ARM.attributes
                0x000008cb       0x22 C:/ST/STM32CubeIDE_2.0.0/STM32CubeIDE/plugins/com.st.stm32cube.ide.mcu.externaltools.gnu-tools-for-stm32.13.3.rel1.win32_1.0.100.202509120712/tools/bin/../lib/gcc/arm-none-eabi/13.3.1/thumb/v7e-m+fp/hard\libgcc.a(_arm_addsubdf3.o)
 .ARM.attributes
                0x000008ed       0x22 C:/ST/STM32CubeIDE_2.0.0/STM32CubeIDE/plugins/com.st.stm32cube.ide.mcu.externaltools.gnu-tools-for-stm32.13.3.rel1.win32_1.0.100.202509120712/tools/bin/../lib/gcc/arm-none-eabi/13.3.1/thumb/v7e-m+fp/hard\libgcc.a(_arm_muldivdf3.o)
 .ARM.attributes
                0x0000090f       0x22 C:/ST/STM32CubeIDE_2.0.0/STM32CubeIDE/plugins/com.st.stm32cube.ide.mcu.externaltools.gnu-tools-for-stm32.13.3.rel1.win32_1.0.100.202509120712/tools/bin/../lib/gcc/arm-none-eabi/13.3.1/thumb/v7e-m+fp/hard\libgcc.a(_arm_cmpdf2.o)
 .ARM.attributes
                0x00000931       0x22 C:/ST/STM32CubeIDE_2.0.0/STM32CubeIDE/plugins/com.st.stm32cube.ide.mcu.externaltools.gnu-tools-for-stm32.13.3.rel1.win32_1.0.100.202509120712/tools/bin/../lib/gcc/arm-none-eabi/13.3.1/thumb/v7e-m+fp/hard\libgcc.a(_arm_truncdfsf2.o)
 .ARM.attributes
                0x00000953       0x22 C:/ST/STM32CubeIDE_2.0.0/STM32CubeIDE/plugins/com.st.stm32cube.ide.mcu.externaltools.gnu-tools-for-stm32.13.3.rel1.win32_1.0.100.202509120712/tools/bin/../lib/gcc/arm-none-eabi/13.3.1/thumb/v7e-m+fp/hard\libgcc.a(_aeabi_uldivmod.o)
 .ARM.attributes
                0x00000975       0x34 C:/ST/STM32CubeIDE_2.0.0/STM32CubeIDE/plugins/com.st.stm32cube.ide.mcu.externaltools.gnu-tools-for-stm32.13.3.rel1.win32_1.0.100.202509120712/tools/bin/../lib/gcc/arm-none-eabi/13.3.1/thumb/v7e-m+fp/hard\libgcc.a(_udivmoddi4.o)
 .ARM.attributes
                0x000009a9       0x22 C:/ST/STM32CubeIDE_2.0.0/STM32CubeIDE/plugins/com.st.stm32cube.ide.mcu.externaltools.gnu-tools-for-stm32.13.3.rel1.win32_1.0.100.202509120712/tools/bin/../lib/gcc/arm-none-eabi/13.3.1/thumb/v7e-m+fp/hard\libgcc.a(_dvmd_tls.o)
 .ARM.attributes
                0x000009cb       0x22 C:/ST/STM32CubeIDE_2.0.0/STM32CubeIDE/plugins/com.st.stm32cube.ide.mcu.externaltools.gnu-tools-for-stm32.13.3.rel1.win32_1.0.100.202509120712/tools/bin/../lib/gcc/arm-none-eabi/13.3.1/thumb/v7e-m+fp/hard/crtn.o
OUTPUT(USB_OTG_FS_Deneme.elf elf32-littlearm)
LOAD linker stubs
LOAD C:/ST/STM32CubeIDE_2.0.0/STM32CubeIDE/plugins/com.st.stm32cube.ide.mcu.externaltools.gnu-tools-for-stm32.13.3.rel1.win32_1.0.100.202509120712/tools/bin/../lib/gcc/arm-none-eabi/13.3.1/../../../../arm-none-eabi/lib/thumb/v7e-m+fp/hard\libc.a
LOAD C:/ST/STM32CubeIDE_2.0.0/STM32CubeIDE/plugins/com.st.stm32cube.ide.mcu.externaltools.gnu-tools-for-stm32.13.3.rel1.win32_1.0.100.202509120712/tools/bin/../lib/gcc/arm-none-eabi/13.3.1/../../../../arm-none-eabi/lib/thumb/v7e-m+fp/hard\libm.a
LOAD C:/ST/STM32CubeIDE_2.0.0/STM32CubeIDE/plugins/com.st.stm32cube.ide.mcu.externaltools.gnu-tools-for-stm32.13.3.rel1.win32_1.0.100.202509120712/tools/bin/../lib/gcc/arm-none-eabi/13.3.1/thumb/v7e-m+fp/hard\libgcc.a

.debug_info     0x00000000    0x1aa4e
 .debug_info    0x00000000      0x1e4 ./Core/Src/Filter.o
 .debug_info    0x000001e4      0x9dd ./Core/Src/app_main.o
 .debug_info    0x00000bc1      0x5c5 ./Core/Src/cs43l22.o
 .debug_info    0x00001186     0x16d9 ./Core/Src/main.o
 .debug_info    0x0000285f     0x15d2 ./Core/Src/stm32f4_discovery.o
 .debug_info    0x00003e31     0x183a ./Core/Src/stm32f4_discovery_audio.o
 .debug_info    0x0000566b      0xce3 ./Core/Src/stm32f4xx_hal_adc.o
 .debug_info    0x0000634e     0x1595 ./Core/Src/stm32f4xx_hal_msp.o
 .debug_info    0x000078e3      0xb15 ./Core/Src/stm32f4xx_it.o
 .debug_info    0x000083f8      0x512 ./Core/Src/system_stm32f4xx.o
 .debug_info    0x0000890a       0x30 ./Core/Startup/startup_stm32f407vgtx.o
 .debug_info    0x0000893a      0x944 ./Drivers/STM32F4xx_HAL_Driver/Src/stm32f4xx_hal.o
 .debug_info    0x0000927e      0xd8c ./Drivers/STM32F4xx_HAL_Driver/Src/stm32f4xx_hal_cortex.o
 .debug_info    0x0000a00a      0x8e7 ./Drivers/STM32F4xx_HAL_Driver/Src/stm32f4xx_hal_dma.o
 .debug_info    0x0000a8f1      0x6c3 ./Drivers/STM32F4xx_HAL_Driver/Src/stm32f4xx_hal_gpio.o
 .debug_info    0x0000afb4     0x2415 ./Drivers/STM32F4xx_HAL_Driver/Src/stm32f4xx_hal_i2c.o
 .debug_info    0x0000d3c9      0xe02 ./Drivers/STM32F4xx_HAL_Driver/Src/stm32f4xx_hal_i2s.o
 .debug_info    0x0000e1cb      0xaae ./Drivers/STM32F4xx_HAL_Driver/Src/stm32f4xx_hal_i2s_ex.o
 .debug_info    0x0000ec79     0x156f ./Drivers/STM32F4xx_HAL_Driver/Src/stm32f4xx_hal_pcd.o
 .debug_info    0x000101e8      0x6ea ./Drivers/STM32F4xx_HAL_Driver/Src/stm32f4xx_hal_pcd_ex.o
 .debug_info    0x000108d2      0x8c3 ./Drivers/STM32F4xx_HAL_Driver/Src/stm32f4xx_hal_rcc.o
 .debug_info    0x00011195      0x536 ./Drivers/STM32F4xx_HAL_Driver/Src/stm32f4xx_hal_rcc_ex.o
 .debug_info    0x000116cb     0x1525 ./Drivers/STM32F4xx_HAL_Driver/Src/stm32f4xx_hal_spi.o
 .debug_info    0x00012bf0     0x1993 ./Drivers/STM32F4xx_HAL_Driver/Src/stm32f4xx_ll_usb.o
 .debug_info    0x00014583      0xe98 ./Middlewares/ST/STM32_USB_Device_Library/Class/AUDIO/Src/usbd_audio.o
 .debug_info    0x0001541b      0xe12 ./Middlewares/ST/STM32_USB_Device_Library/Core/Src/usbd_core.o
 .debug_info    0x0001622d      0xaeb ./Middlewares/ST/STM32_USB_Device_Library/Core/Src/usbd_ctlreq.o
 .debug_info    0x00016d18      0x762 ./Middlewares/ST/STM32_USB_Device_Library/Core/Src/usbd_ioreq.o
 .debug_info    0x0001747a      0x739 ./USB_DEVICE/App/usb_device.o
 .debug_info    0x00017bb3      0xdc9 ./USB_DEVICE/App/usbd_audio_if.o
 .debug_info    0x0001897c      0x458 ./USB_DEVICE/App/usbd_desc.o
 .debug_info    0x00018dd4     0x1c7a ./USB_DEVICE/Target/usbd_conf.o

.debug_abbrev   0x00000000     0x481a
 .debug_abbrev  0x00000000       0xd7 ./Core/Src/Filter.o
 .debug_abbrev  0x000000d7      0x25a ./Core/Src/app_main.o
 .debug_abbrev  0x00000331      0x203 ./Core/Src/cs43l22.o
 .debug_abbrev  0x00000534      0x2f1 ./Core/Src/main.o
 .debug_abbrev  0x00000825      0x2fa ./Core/Src/stm32f4_discovery.o
 .debug_abbrev  0x00000b1f      0x35c ./Core/Src/stm32f4_discovery_audio.o
 .debug_abbrev  0x00000e7b      0x252 ./Core/Src/stm32f4xx_hal_adc.o
 .debug_abbrev  0x000010cd      0x247 ./Core/Src/stm32f4xx_hal_msp.o
 .debug_abbrev  0x00001314      0x1d5 ./Core/Src/stm32f4xx_it.o
 .debug_abbrev  0x000014e9      0x11a ./Core/Src/system_stm32f4xx.o
 .debug_abbrev  0x00001603       0x24 ./Core/Startup/startup_stm32f407vgtx.o
 .debug_abbrev  0x00001627      0x214 ./Drivers/STM32F4xx_HAL_Driver/Src/stm32f4xx_hal.o
 .debug_abbrev  0x0000183b      0x31d ./Drivers/STM32F4xx_HAL_Driver/Src/stm32f4xx_hal_cortex.o
 .debug_abbrev  0x00001b58      0x264 ./Drivers/STM32F4xx_HAL_Driver/Src/stm32f4xx_hal_dma.o
 .debug_abbrev  0x00001dbc      0x1d4 ./Drivers/STM32F4xx_HAL_Driver/Src/stm32f4xx_hal_gpio.o
 .debug_abbrev  0x00001f90      0x2ad ./Drivers/STM32F4xx_HAL_Driver/Src/stm32f4xx_hal_i2c.o
 .debug_abbrev  0x0000223d      0x25d ./Drivers/STM32F4xx_HAL_Driver/Src/stm32f4xx_hal_i2s.o
 .debug_abbrev  0x0000249a      0x276 ./Drivers/STM32F4xx_HAL_Driver/Src/stm32f4xx_hal_i2s_ex.o