../Core/Src/audio_stream.c:20:6:AudioStream_Init	8	static
../Core/Src/audio_stream.c:24:6:AudioStream_Reset	8	static
../Core/Src/audio_stream.c:33:6:AudioStream_Write_USB_Packet	24	static,ignoring_inline_asm
../Core/Src/audio_stream.c:51:9:AudioStream_Is_Ready_To_Play	4	static
../Core/Src/audio_stream.c:60:13:Process_Audio_Chunk	32	static,ignoring_inline_asm
../Core/Src/audio_stream.c:111:6:AudioStream_Process_Half_Transfer	16	static
../Core/Src/audio_stream.c:125:6:AudioStream_Process_Full_Transfer	16	static
