../Core/Src/audio_stream.c:28:6:AudioStream_Init	8	static
../Core/Src/audio_stream.c:33:6:AudioStream_Start	8	static
../Core/Src/audio_stream.c:38:6:AudioStream_Reset	8	static
../Core/Src/audio_stream.c:47:6:AudioStream_Write_USB_Packet	24	static,ignoring_inline_asm
../Core/Src/audio_stream.c:60:9:AudioStream_Is_Ready_To_Play	4	static
../Core/Src/audio_stream.c:68:13:Process_Audio_Chunk	32	static,ignoring_inline_asm
../Core/Src/audio_stream.c:103:6:AudioStream_Process_Half_Transfer	16	static
../Core/Src/audio_stream.c:110:6:AudioStream_Process_Full_Transfer	16	static
../Core/Src/audio_stream.c:120:6:HAL_I2S_TxHalfCpltCallback	16	static
../Core/Src/audio_stream.c:127:6:HAL_I2S_TxCpltCallback	16	static
