../Core/Src/main.c:84:5:main	8	static
../Core/Src/main.c:140:6:SystemClock_Config	88	static
../Core/Src/main.c:185:6:PeriphCommonClock_Config	24	static
../Core/Src/main.c:205:13:MX_ADC1_Init	24	static
../Core/Src/main.c:257:13:MX_ADC2_Init	24	static
../Core/Src/main.c:309:13:MX_I2C1_Init	8	static
../Core/Src/main.c:343:13:MX_I2S2_Init	8	static
../Core/Src/main.c:377:13:MX_I2S3_Init	8	static
../Core/Src/main.c:411:13:MX_SPI1_Init	8	static
../Core/Src/main.c:447:13:MX_DMA_Init	16	static
../Core/Src/main.c:468:13:MX_GPIO_Init	56	static
../Core/Src/main.c:553:6:Error_Handler	4	static,ignoring_inline_asm
