../USB_DEVICE/App/usbd_audio_if.c:39:15:AUDIO_Init_FS	24	static
../USB_DEVICE/App/usbd_audio_if.c:53:15:AUDIO_DeInit_FS	16	static
../USB_DEVICE/App/usbd_audio_if.c:67:15:AUDIO_AudioCmd_FS	24	static
../USB_DEVICE/App/usbd_audio_if.c:91:15:AUDIO_VolumeCtl_FS	16	static
../USB_DEVICE/App/usbd_audio_if.c:102:15:AUDIO_MuteCtl_FS	16	static
../USB_DEVICE/App/usbd_audio_if.c:113:15:AUDIO_PeriodicTC_FS	24	static
../USB_DEVICE/App/usbd_audio_if.c:140:15:AUDIO_GetState_FS	4	static
../USB_DEVICE/App/usbd_audio_if.c:148:6:BSP_AUDIO_OUT_HalfTransfer_CallBack	8	static
../USB_DEVICE/App/usbd_audio_if.c:156:6:BSP_AUDIO_OUT_TransferComplete_CallBack	8	static
